[{"experiment_name": "Boston_Voting_Evaluate", "train_set_name": "train", "train_set_size": 339, "test_set_name": "test", "test_set_size": 167, "featureset": "[\"example_boston_features\"]", "featureset_name": "example_boston", "shuffle": false, "learner_name": "VotingRegressor", "task": "evaluate", "start_timestamp": "15 Feb 2021 15:57:31.334476", "version": "2.5.0", "feature_scaling": "both", "folds_file": "", "grid_search": true, "grid_objective": "pearson", "grid_search_folds": "3", "min_feature_count": 1, "cv_folds": "None", "using_folds_file": false, "save_cv_folds": false, "save_cv_models": false, "use_folds_file_for_grid_search": true, "stratified_folds": true, "scikit_learn_version": "0.24.1", "end_timestamp": "15 Feb 2021 15:57:32.333214", "total_time": "0:00:00.998738", "result_table": "", "accuracy": "", "pearson": 0.8873875205571845, "score": 0.8873875205571845, "fold": "", "model_params": "{\"estimators\": [[\"SVR\", \"{'vectorizer': DictVectorizer(sparse=False), 'selector': SelectByMinCount(), 'scaler': StandardScaler(), 'estimator': SVR(C=0.01, cache_size=1000)}\"], [\"LinearRegression\", \"{'vectorizer': DictVectorizer(sparse=False), 'selector': SelectByMinCount(), 'scaler': StandardScaler(), 'estimator': LinearRegression()}\"], [\"DecisionTreeRegressor\", \"{'vectorizer': DictVectorizer(sparse=False), 'selector': SelectByMinCount(), 'scaler': StandardScaler(), 'estimator': DecisionTreeRegressor(criterion='poisson', max_features='log2', random_state=123456789)}\"]], \"n_jobs\": null, \"verbose\": false, \"weights\": null}", "descriptive": {"actual": {"min": 5.0, "max": 50.0, "avg": 21.643712574850298, "std": 8.699339536566935}, "predicted": {"min": 10.033249757390694, "max": 38.138058752266666, "avg": 22.015470694063666, "std": 5.588235309059754}}, "additional_scores": {}}]