[{"experiment_name": "Example_CV", "train_set_name": "train", "train_set_size": 339, "test_set_name": "cv", "test_set_size": "n/a", "featureset": "[\"example_boston_features\"]", "featureset_name": "example_boston", "shuffle": false, "learner_name": "RandomForestRegressor", "task": "cross_validate", "start_timestamp": "02 Jun 2020 11:05:30.609461", "version": "2.1", "feature_scaling": "both", "folds_file": "", "grid_search": true, "grid_objective": "pearson", "grid_search_folds": "3", "min_feature_count": 1, "cv_folds": "10", "using_folds_file": false, "save_cv_folds": false, "save_cv_models": false, "use_folds_file_for_grid_search": true, "stratified_folds": true, "scikit_learn_version": "0.23.1", "end_timestamp": "02 Jun 2020 11:06:18.259800", "total_time": "0:00:47.650339", "result_table": "", "accuracy": "", "pearson": 0.8705252426269349, "score": 0.8705252426269349, "fold": 1, "model_params": "{\"bootstrap\": true, \"ccp_alpha\": 0.0, \"criterion\": \"mse\", \"max_depth\": null, \"max_features\": \"auto\", \"max_leaf_nodes\": null, \"max_samples\": null, \"min_impurity_decrease\": 0.0, \"min_impurity_split\": null, \"min_samples_leaf\": 1, \"min_samples_split\": 2, \"min_weight_fraction_leaf\": 0.0, \"n_estimators\": 500, \"n_jobs\": null, \"oob_score\": false, \"random_state\": 123456789, \"verbose\": 0, \"warm_start\": false}", "grid_score": 0.9286578742834024, "grid_search_cv_results": {"mean_fit_time": [0.612261692682902, 0.7911560535430908, 0.9037091732025146, 0.8835872809092203], "std_fit_time": [0.005526410902082025, 0.00862743917595024, 0.008608491486919948, 0.007006556676249097], "mean_score_time": [0.034465948740641274, 0.035992940266927086, 0.04000520706176758, 0.029781262079874676], "std_score_time": [0.0012177000186520946, 0.000454043644851562, 0.002681079294568405, 8.983970046869264e-05], "param_max_depth": [1, 5, 10, null], "params": [{"max_depth": 1}, {"max_depth": 5}, {"max_depth": 10}, {"max_depth": null}], "split0_test_score": [0.813277071148176, 0.9145488411552369, 0.9151428037078274, 0.915864330602709], "split1_test_score": [0.7983717513081477, 0.9265391407768094, 0.9295861765228812, 0.9292700823278542], "split2_test_score": [0.8302449744512291, 0.9360823425762812, 0.9405282251956356, 0.9408392099196438], "mean_test_score": [0.8139645989691843, 0.9257234415027759, 0.928419068475448, 0.9286578742834024], "std_test_score": [0.013021267456502585, 0.008809916565695464, 0.010396361925346962, 0.010205137537571707], "rank_test_score": [4, 3, 2, 1]}, "descriptive": {"actual": {"min": 8.5, "max": 50.0, "avg": 24.373529411764707, "std": 10.138810372945473}, "predicted": {"min": 10.73439999999997, "max": 46.80979999999997, "avg": 22.71484117647062, "std": 7.956823128948094}}, "additional_scores": {}}, {"experiment_name": "Example_CV", "train_set_name": "train", "train_set_size": 339, "test_set_name": "cv", "test_set_size": "n/a", "featureset": "[\"example_boston_features\"]", "featureset_name": "example_boston", "shuffle": false, "learner_name": "RandomForestRegressor", "task": "cross_validate", "start_timestamp": "02 Jun 2020 11:05:30.609461", "version": "2.1", "feature_scaling": "both", "folds_file": "", "grid_search": true, "grid_objective": "pearson", "grid_search_folds": "3", "min_feature_count": 1, "cv_folds": "10", "using_folds_file": false, "save_cv_folds": false, "save_cv_models": false, "use_folds_file_for_grid_search": true, "stratified_folds": true, "scikit_learn_version": "0.23.1", "end_timestamp": "02 Jun 2020 11:06:18.259800", "total_time": "0:00:47.650339", "result_table": "", "accuracy": "", "pearson": 0.8975800553403752, "score": 0.8975800553403752, "fold": 2, "model_params": "{\"bootstrap\": true, \"ccp_alpha\": 0.0, \"criterion\": \"mse\", \"max_depth\": 10, \"max_features\": \"auto\", \"max_leaf_nodes\": null, \"max_samples\": null, \"min_impurity_decrease\": 0.0, \"min_impurity_split\": null, \"min_samples_leaf\": 1, \"min_samples_split\": 2, \"min_weight_fraction_leaf\": 0.0, \"n_estimators\": 500, \"n_jobs\": null, \"oob_score\": false, \"random_state\": 123456789, \"verbose\": 0, \"warm_start\": false}", "grid_score": 0.9039376575005241, "grid_search_cv_results": {"mean_fit_time": [0.452992041905721, 0.6015279293060303, 0.9308110078175863, 0.948909600575765], "std_fit_time": [0.003482406903095519, 0.0020022396626070377, 0.019124439304005564, 0.005789525683522303], "mean_score_time": [0.02703372637430827, 0.032011985778808594, 0.038944085439046226, 0.03448796272277832], "std_score_time": [0.001975974274623117, 0.0028461780667357957, 0.003466700513328512, 0.0035733341864028724], "param_max_depth": [1, 5, 10, null], "params": [{"max_depth": 1}, {"max_depth": 5}, {"max_depth": 10}, {"max_depth": null}], "split0_test_score": [0.8076497257156935, 0.8839940990753938, 0.8852338728953671, 0.8849475954347636], "split1_test_score": [0.8136573494367269, 0.9373905220241315, 0.9404692953161723, 0.9402152690260294], "split2_test_score": [0.7385294265926601, 0.8815591839941048, 0.8861098042900329, 0.8855605880117343], "mean_test_score": [0.7866121672483603, 0.9009812683645434, 0.9039376575005241, 0.9035744841575091], "std_test_score": [0.03408797781638823, 0.025764413660440588, 0.02583424387735926, 0.02591015601150435], "rank_test_score": [4, 3, 1, 2]}, "descriptive": {"actual": {"min": 7.2, "max": 50.0, "avg": 21.232352941176472, "std": 7.994252368686896}, "predicted": {"min": 8.606714761904776, "max": 39.864403160173225, "avg": 21.535069214708734, "std": 6.253272668375406}}, "additional_scores": {}}, {"experiment_name": "Example_CV", "train_set_name": "train", "train_set_size": 339, "test_set_name": "cv", "test_set_size": "n/a", "featureset": "[\"example_boston_features\"]", "featureset_name": "example_boston", "shuffle": false, "learner_name": "RandomForestRegressor", "task": "cross_validate", "start_timestamp": "02 Jun 2020 11:05:30.609461", "version": "2.1", "feature_scaling": "both", "folds_file": "", "grid_search": true, "grid_objective": "pearson", "grid_search_folds": "3", "min_feature_count": 1, "cv_folds": "10", "using_folds_file": false, "save_cv_folds": false, "save_cv_models": false, "use_folds_file_for_grid_search": true, "stratified_folds": true, "scikit_learn_version": "0.23.1", "end_timestamp": "02 Jun 2020 11:06:18.259800", "total_time": "0:00:47.650339", "result_table": "", "accuracy": "", "pearson": 0.9396597717163492, "score": 0.9396597717163492, "fold": 3, "model_params": "{\"bootstrap\": true, \"ccp_alpha\": 0.0, \"criterion\": \"mse\", \"max_depth\": 10, \"max_features\": \"auto\", \"max_leaf_nodes\": null, \"max_samples\": null, \"min_impurity_decrease\": 0.0, \"min_impurity_split\": null, \"min_samples_leaf\": 1, \"min_samples_split\": 2, \"min_weight_fraction_leaf\": 0.0, \"n_estimators\": 500, \"n_jobs\": null, \"oob_score\": false, \"random_state\": 123456789, \"verbose\": 0, \"warm_start\": false}", "grid_score": 0.910368594568394, "grid_search_cv_results": {"mean_fit_time": [0.4816410541534424, 0.6716287136077881, 0.9642249743143717, 0.9945166110992432], "std_fit_time": [0.005364767582418987, 0.004766569416905124, 0.018587774687431235, 0.01742160863499338], "mean_score_time": [0.024690945943196613, 0.03643504778544108, 0.0397953987121582, 0.03496177991231283], "std_score_time": [0.00022465367962914805, 0.0007900626300391991, 0.002509412096614099, 0.0020651071971197884], "param_max_depth": [1, 5, 10, null], "params": [{"max_depth": 1}, {"max_depth": 5}, {"max_depth": 10}, {"max_depth": null}], "split0_test_score": [0.8149470139002606, 0.8988139618473392, 0.8982410237519469, 0.8990173704544945], "split1_test_score": [0.7477768762659648, 0.9132789036722623, 0.9167753908871368, 0.9160588022150071], "split2_test_score": [0.7949835615135364, 0.9103852219551836, 0.9160893690660984, 0.9160165458076306], "mean_test_score": [0.7859024838932539, 0.9074926958249284, 0.910368594568394, 0.9103642394923774], "std_test_score": [0.028163881426533487, 0.006249462166739323, 0.0085800597090265, 0.008023466587585053], "rank_test_score": [4, 3, 1, 2]}, "descriptive": {"actual": {"min": 7.4, "max": 43.1, "avg": 22.682352941176468, "std": 8.214960190667759}, "predicted": {"min": 8.513384047619054, "max": 39.76667633255634, "avg": 22.77944319821712, "std": 7.379349430992586}}, "additional_scores": {}}, {"experiment_name": "Example_CV", "train_set_name": "train", "train_set_size": 339, "test_set_name": "cv", "test_set_size": "n/a", "featureset": "[\"example_boston_features\"]", "featureset_name": "example_boston", "shuffle": false, "learner_name": "RandomForestRegressor", "task": "cross_validate", "start_timestamp": "02 Jun 2020 11:05:30.609461", "version": "2.1", "feature_scaling": "both", "folds_file": "", "grid_search": true, "grid_objective": "pearson", "grid_search_folds": "3", "min_feature_count": 1, "cv_folds": "10", "using_folds_file": false, "save_cv_folds": false, "save_cv_models": false, "use_folds_file_for_grid_search": true, "stratified_folds": true, "scikit_learn_version": "0.23.1", "end_timestamp": "02 Jun 2020 11:06:18.259800", "total_time": "0:00:47.650339", "result_table": "", "accuracy": "", "pearson": 0.9326562982706035, "score": 0.9326562982706035, "fold": 4, "model_params": "{\"bootstrap\": true, \"ccp_alpha\": 0.0, \"criterion\": \"mse\", \"max_depth\": 10, \"max_features\": \"auto\", \"max_leaf_nodes\": null, \"max_samples\": null, \"min_impurity_decrease\": 0.0, \"min_impurity_split\": null, \"min_samples_leaf\": 1, \"min_samples_split\": 2, \"min_weight_fraction_leaf\": 0.0, \"n_estimators\": 500, \"n_jobs\": null, \"oob_score\": false, \"random_state\": 123456789, \"verbose\": 0, \"warm_start\": false}", "grid_score": 0.8890141357322546, "grid_search_cv_results": {"mean_fit_time": [0.5107494195302328, 0.6468968391418457, 0.9768060048421224, 1.0130438804626465], "std_fit_time": [0.0031529198949281976, 0.005886494441938593, 0.009300434114387857, 0.023414046527631592], "mean_score_time": [0.026531060536702473, 0.03874762852986654, 0.04285407066345215, 0.03598467508951823], "std_score_time": [0.001458878659663921, 0.0037828877542652665, 0.0009492622677721693, 0.0015760829318172767], "param_max_depth": [1, 5, 10, null], "params": [{"max_depth": 1}, {"max_depth": 5}, {"max_depth": 10}, {"max_depth": null}], "split0_test_score": [0.7419749802501937, 0.8937808801748928, 0.8953540136609301, 0.8946207322696219], "split1_test_score": [0.6441026805082471, 0.8668704866245641, 0.8708230946158857, 0.8696870219816597], "split2_test_score": [0.7744216684829471, 0.8954544934150426, 0.9008652989199479, 0.9007057563018743], "mean_test_score": [0.7201664430804627, 0.8853686200714997, 0.8890141357322546, 0.8883378368510519], "std_test_score": [0.05539235131797022, 0.013097988422779079, 0.013058306397963316, 0.013420048455886948], "rank_test_score": [4, 3, 1, 2]}, "descriptive": {"actual": {"min": 8.8, "max": 50.0, "avg": 22.61176470588235, "std": 9.915073631653335}, "predicted": {"min": 7.721217222222207, "max": 48.51559999999998, "avg": 23.618396653777513, "std": 9.49689621440513}}, "additional_scores": {}}, {"experiment_name": "Example_CV", "train_set_name": "train", "train_set_size": 339, "test_set_name": "cv", "test_set_size": "n/a", "featureset": "[\"example_boston_features\"]", "featureset_name": "example_boston", "shuffle": false, "learner_name": "RandomForestRegressor", "task": "cross_validate", "start_timestamp": "02 Jun 2020 11:05:30.609461", "version": "2.1", "feature_scaling": "both", "folds_file": "", "grid_search": true, "grid_objective": "pearson", "grid_search_folds": "3", "min_feature_count": 1, "cv_folds": "10", "using_folds_file": false, "save_cv_folds": false, "save_cv_models": false, "use_folds_file_for_grid_search": true, "stratified_folds": true, "scikit_learn_version": "0.23.1", "end_timestamp": "02 Jun 2020 11:06:18.259800", "total_time": "0:00:47.650339", "result_table": "", "accuracy": "", "pearson": 0.9424064620025993, "score": 0.9424064620025993, "fold": 5, "model_params": "{\"bootstrap\": true, \"ccp_alpha\": 0.0, \"criterion\": \"mse\", \"max_depth\": null, \"max_features\": \"auto\", \"max_leaf_nodes\": null, \"max_samples\": null, \"min_impurity_decrease\": 0.0, \"min_impurity_split\": null, \"min_samples_leaf\": 1, \"min_samples_split\": 2, \"min_weight_fraction_leaf\": 0.0, \"n_estimators\": 500, \"n_jobs\": null, \"oob_score\": false, \"random_state\": 123456789, \"verbose\": 0, \"warm_start\": false}", "grid_score": 0.8869222931018251, "grid_search_cv_results": {"mean_fit_time": [0.5355809529622396, 0.797044038772583, 1.002716302871704, 1.038848638534546], "std_fit_time": [0.002971006924446468, 0.01379877645783138, 0.017900985488779615, 0.013410398963623005], "mean_score_time": [0.027930339177449543, 0.03992327054341634, 0.043344338734944664, 0.03730964660644531], "std_score_time": [0.002310309758687586, 0.0012715467660201292, 0.0026441473493734975, 0.002388872649971582], "param_max_depth": [1, 5, 10, null], "params": [{"max_depth": 1}, {"max_depth": 5}, {"max_depth": 10}, {"max_depth": null}], "split0_test_score": [0.8083032656707309, 0.8976742965579696, 0.8988482340244089, 0.8996228739596197], "split1_test_score": [0.7146105414039106, 0.8949519900938426, 0.8991892717529473, 0.8994356229629655], "split2_test_score": [0.7494489564055, 0.8599986350059879, 0.86191296299096, 0.8617083823828897], "mean_test_score": [0.7574542544933806, 0.8842083072192667, 0.8866501562561054, 0.8869222931018251], "std_test_score": [0.03866648198152565, 0.01715486150001332, 0.01749239119657341, 0.017829091134823564], "rank_test_score": [4, 3, 2, 1]}, "descriptive": {"actual": {"min": 8.3, "max": 50.0, "avg": 24.244117647058825, "std": 11.03316367557563}, "predicted": {"min": 10.076, "max": 45.964999999999925, "avg": 24.877611764705883, "std": 9.87971488752002}}, "additional_scores": {}}, {"experiment_name": "Example_CV", "train_set_name": "train", "train_set_size": 339, "test_set_name": "cv", "test_set_size": "n/a", "featureset": "[\"example_boston_features\"]", "featureset_name": "example_boston", "shuffle": false, "learner_name": "RandomForestRegressor", "task": "cross_validate", "start_timestamp": "02 Jun 2020 11:05:30.609461", "version": "2.1", "feature_scaling": "both", "folds_file": "", "grid_search": true, "grid_objective": "pearson", "grid_search_folds": "3", "min_feature_count": 1, "cv_folds": "10", "using_folds_file": false, "save_cv_folds": false, "save_cv_models": false, "use_folds_file_for_grid_search": true, "stratified_folds": true, "scikit_learn_version": "0.23.1", "end_timestamp": "02 Jun 2020 11:06:18.259800", "total_time": "0:00:47.650339", "result_table": "", "accuracy": "", "pearson": 0.911645490894424, "score": 0.911645490894424, "fold": 6, "model_params": "{\"bootstrap\": true, \"ccp_alpha\": 0.0, \"criterion\": \"mse\", \"max_depth\": 10, \"max_features\": \"auto\", \"max_leaf_nodes\": null, \"max_samples\": null, \"min_impurity_decrease\": 0.0, \"min_impurity_split\": null, \"min_samples_leaf\": 1, \"min_samples_split\": 2, \"min_weight_fraction_leaf\": 0.0, \"n_estimators\": 500, \"n_jobs\": null, \"oob_score\": false, \"random_state\": 123456789, \"verbose\": 0, \"warm_start\": false}", "grid_score": 0.8842080189102285, "grid_search_cv_results": {"mean_fit_time": [0.4887058734893799, 0.6501032511393229, 1.021963119506836, 1.0492656230926514], "std_fit_time": [0.004152188496226285, 0.008266695889496672, 0.006509475527253884, 0.018132960613195682], "mean_score_time": [0.02699430783589681, 0.039823691050211586, 0.04322520891825358, 0.042195796966552734], "std_score_time": [0.001344091745378535, 0.000482717901222886, 0.0018707012541424163, 0.002403732945675266], "param_max_depth": [1, 5, 10, null], "params": [{"max_depth": 1}, {"max_depth": 5}, {"max_depth": 10}, {"max_depth": null}], "split0_test_score": [0.8074699720463968, 0.893658870528839, 0.8931092195961873, 0.8926447588177219], "split1_test_score": [0.6868979482107108, 0.88115420096499, 0.8841203103174727, 0.8839423250616422], "split2_test_score": [0.7849570612611374, 0.8758612520629679, 0.8753945268170251, 0.8749464781151594], "mean_test_score": [0.759774993839415, 0.8835581078522656, 0.8842080189102285, 0.8838445206648412], "std_test_score": [0.05234504511847285, 0.007462031984484155, 0.007232258967660443, 0.007225623813055839], "rank_test_score": [4, 3, 1, 2]}, "descriptive": {"actual": {"min": 11.0, "max": 50.0, "avg": 23.02941176470588, "std": 8.300762878185449}, "predicted": {"min": 10.382428080808099, "max": 44.852249999999934, "avg": 22.7219603019652, "std": 7.1595557369926945}}, "additional_scores": {}}, {"experiment_name": "Example_CV", "train_set_name": "train", "train_set_size": 339, "test_set_name": "cv", "test_set_size": "n/a", "featureset": "[\"example_boston_features\"]", "featureset_name": "example_boston", "shuffle": false, "learner_name": "RandomForestRegressor", "task": "cross_validate", "start_timestamp": "02 Jun 2020 11:05:30.609461", "version": "2.1", "feature_scaling": "both", "folds_file": "", "grid_search": true, "grid_objective": "pearson", "grid_search_folds": "3", "min_feature_count": 1, "cv_folds": "10", "using_folds_file": false, "save_cv_folds": false, "save_cv_models": false, "use_folds_file_for_grid_search": true, "stratified_folds": true, "scikit_learn_version": "0.23.1", "end_timestamp": "02 Jun 2020 11:06:18.259800", "total_time": "0:00:47.650339", "result_table": "", "accuracy": "", "pearson": 0.9587440597617868, "score": 0.9587440597617868, "fold": 7, "model_params": "{\"bootstrap\": true, \"ccp_alpha\": 0.0, \"criterion\": \"mse\", \"max_depth\": 10, \"max_features\": \"auto\", \"max_leaf_nodes\": null, \"max_samples\": null, \"min_impurity_decrease\": 0.0, \"min_impurity_split\": null, \"min_samples_leaf\": 1, \"min_samples_split\": 2, \"min_weight_fraction_leaf\": 0.0, \"n_estimators\": 500, \"n_jobs\": null, \"oob_score\": false, \"random_state\": 123456789, \"verbose\": 0, \"warm_start\": false}", "grid_score": 0.8802093297850156, "grid_search_cv_results": {"mean_fit_time": [0.5577913920084635, 0.7605040073394775, 1.1392310460408528, 1.2720953623453777], "std_fit_time": [0.002990826058722196, 0.006758117210253122, 0.002301534738659087, 0.014749002734764847], "mean_score_time": [0.02765965461730957, 0.05560167630513509, 0.044028917948404946, 0.041307926177978516], "std_score_time": [0.00013394683110967893, 0.004021841344206035, 0.0021545319220045117, 0.0018553903657039037], "param_max_depth": [1, 5, 10, null], "params": [{"max_depth": 1}, {"max_depth": 5}, {"max_depth": 10}, {"max_depth": null}], "split0_test_score": [0.7846132524854641, 0.8786857855720622, 0.8791186237032789, 0.8799498478079589], "split1_test_score": [0.5979279617721089, 0.8535563811744526, 0.8537797988186715, 0.8517680434809642], "split2_test_score": [0.7858053197078282, 0.9042667166352041, 0.9077295668330969, 0.9070253945238492], "mean_test_score": [0.7227821779884671, 0.878836294460573, 0.8802093297850156, 0.8795810952709241], "std_test_score": [0.0882866042549925, 0.020702681313131504, 0.02203839977584781, 0.022560225987259565], "rank_test_score": [4, 3, 1, 2]}, "descriptive": {"actual": {"min": 7.2, "max": 50.0, "avg": 23.220588235294116, "std": 10.09457569576397}, "predicted": {"min": 9.053109019607858, "max": 44.90003999999998, "avg": 22.422084355959786, "std": 9.174814296256633}}, "additional_scores": {}}, {"experiment_name": "Example_CV", "train_set_name": "train", "train_set_size": 339, "test_set_name": "cv", "test_set_size": "n/a", "featureset": "[\"example_boston_features\"]", "featureset_name": "example_boston", "shuffle": false, "learner_name": "RandomForestRegressor", "task": "cross_validate", "start_timestamp": "02 Jun 2020 11:05:30.609461", "version": "2.1", "feature_scaling": "both", "folds_file": "", "grid_search": true, "grid_objective": "pearson", "grid_search_folds": "3", "min_feature_count": 1, "cv_folds": "10", "using_folds_file": false, "save_cv_folds": false, "save_cv_models": false, "use_folds_file_for_grid_search": true, "stratified_folds": true, "scikit_learn_version": "0.23.1", "end_timestamp": "02 Jun 2020 11:06:18.259800", "total_time": "0:00:47.650339", "result_table": "", "accuracy": "", "pearson": 0.9676191650125244, "score": 0.9676191650125244, "fold": 8, "model_params": "{\"bootstrap\": true, \"ccp_alpha\": 0.0, \"criterion\": \"mse\", \"max_depth\": 10, \"max_features\": \"auto\", \"max_leaf_nodes\": null, \"max_samples\": null, \"min_impurity_decrease\": 0.0, \"min_impurity_split\": null, \"min_samples_leaf\": 1, \"min_samples_split\": 2, \"min_weight_fraction_leaf\": 0.0, \"n_estimators\": 500, \"n_jobs\": null, \"oob_score\": false, \"random_state\": 123456789, \"verbose\": 0, \"warm_start\": false}", "grid_score": 0.8993908121792783, "grid_search_cv_results": {"mean_fit_time": [0.5405677159627279, 0.7084034283955892, 1.0993703206380208, 1.1044052441914876], "std_fit_time": [0.004306094919338431, 0.014993328282563266, 0.00913877010598559, 0.009923499255027068], "mean_score_time": [0.029178063074747723, 0.04058591524759928, 0.045479933420817055, 0.04247570037841797], "std_score_time": [0.00031001776856202186, 0.001502048531913927, 0.0005185472126203509, 0.0016513123456634014], "param_max_depth": [1, 5, 10, null], "params": [{"max_depth": 1}, {"max_depth": 5}, {"max_depth": 10}, {"max_depth": null}], "split0_test_score": [0.7743977043294883, 0.8956250678766647, 0.8990698464075559, 0.8980238430958786], "split1_test_score": [0.6950987593852904, 0.8884394809280791, 0.888734063412971, 0.8878924462812156], "split2_test_score": [0.8044225891688294, 0.908835886912589, 0.9103685267173081, 0.9096803853182368], "mean_test_score": [0.7579730176278693, 0.8976334785724442, 0.8993908121792783, 0.8985322248984436], "std_test_score": [0.0461176227312279, 0.008447036143461949, 0.008835148174069279, 0.008902149961783507], "rank_test_score": [4, 3, 1, 2]}, "descriptive": {"actual": {"min": 8.4, "max": 50.0, "avg": 22.841176470588234, "std": 9.192167946523467}, "predicted": {"min": 8.903833982684, "max": 43.70122628205106, "avg": 22.668285790806372, "std": 7.746717158521527}}, "additional_scores": {}}, {"experiment_name": "Example_CV", "train_set_name": "train", "train_set_size": 339, "test_set_name": "cv", "test_set_size": "n/a", "featureset": "[\"example_boston_features\"]", "featureset_name": "example_boston", "shuffle": false, "learner_name": "RandomForestRegressor", "task": "cross_validate", "start_timestamp": "02 Jun 2020 11:05:30.609461", "version": "2.1", "feature_scaling": "both", "folds_file": "", "grid_search": true, "grid_objective": "pearson", "grid_search_folds": "3", "min_feature_count": 1, "cv_folds": "10", "using_folds_file": false, "save_cv_folds": false, "save_cv_models": false, "use_folds_file_for_grid_search": true, "stratified_folds": true, "scikit_learn_version": "0.23.1", "end_timestamp": "02 Jun 2020 11:06:18.259800", "total_time": "0:00:47.650339", "result_table": "", "accuracy": "", "pearson": 0.8663525624054924, "score": 0.8663525624054924, "fold": 9, "model_params": "{\"bootstrap\": true, \"ccp_alpha\": 0.0, \"criterion\": \"mse\", \"max_depth\": 10, \"max_features\": \"auto\", \"max_leaf_nodes\": null, \"max_samples\": null, \"min_impurity_decrease\": 0.0, \"min_impurity_split\": null, \"min_samples_leaf\": 1, \"min_samples_split\": 2, \"min_weight_fraction_leaf\": 0.0, \"n_estimators\": 500, \"n_jobs\": null, \"oob_score\": false, \"random_state\": 123456789, \"verbose\": 0, \"warm_start\": false}", "grid_score": 0.9100471744900354, "grid_search_cv_results": {"mean_fit_time": [0.6588660081227621, 0.9938807487487793, 0.9113500118255615, 0.9510998725891113], "std_fit_time": [0.007150564505078218, 0.006487621114750972, 0.00788709203422933, 0.013759987041395255], "mean_score_time": [0.046748081843058266, 0.039049625396728516, 0.03473401069641113, 0.04333726565043131], "std_score_time": [0.0033828102655321184, 0.002154498324219481, 0.000582175405557931, 0.0001241994264128889], "param_max_depth": [1, 5, 10, null], "params": [{"max_depth": 1}, {"max_depth": 5}, {"max_depth": 10}, {"max_depth": null}], "split0_test_score": [0.7694781305851419, 0.9250084724665529, 0.9296649621832734, 0.9298482952068332], "split1_test_score": [0.7197519736578453, 0.8871123365565439, 0.8890758132689868, 0.8889681800644866], "split2_test_score": [0.821589847003514, 0.9103405308116023, 0.9114007480178457, 0.9111321076596761], "mean_test_score": [0.7702733170821671, 0.9074871132782331, 0.9100471744900354, 0.9099828609769988], "std_test_score": [0.041578939805835234, 0.015602046296181235, 0.016598069634105577, 0.01670901013357987], "rank_test_score": [4, 3, 1, 2]}, "descriptive": {"actual": {"min": 5.6, "max": 48.3, "avg": 22.638235294117642, "std": 9.263718434773066}, "predicted": {"min": 9.118548235653229, "max": 45.259599999999935, "avg": 23.601847785834522, "std": 9.4010083196983}}, "additional_scores": {}}, {"experiment_name": "Example_CV", "train_set_name": "train", "train_set_size": 339, "test_set_name": "cv", "test_set_size": "n/a", "featureset": "[\"example_boston_features\"]", "featureset_name": "example_boston", "shuffle": false, "learner_name": "RandomForestRegressor", "task": "cross_validate", "start_timestamp": "02 Jun 2020 11:05:30.609461", "version": "2.1", "feature_scaling": "both", "folds_file": "", "grid_search": true, "grid_objective": "pearson", "grid_search_folds": "3", "min_feature_count": 1, "cv_folds": "10", "using_folds_file": false, "save_cv_folds": false, "save_cv_models": false, "use_folds_file_for_grid_search": true, "stratified_folds": true, "scikit_learn_version": "0.23.1", "end_timestamp": "02 Jun 2020 11:06:18.259800", "total_time": "0:00:47.650339", "result_table": "", "accuracy": "", "pearson": 0.9303769818506548, "score": 0.9303769818506548, "fold": 10, "model_params": "{\"bootstrap\": true, \"ccp_alpha\": 0.0, \"criterion\": \"mse\", \"max_depth\": null, \"max_features\": \"auto\", \"max_leaf_nodes\": null, \"max_samples\": null, \"min_impurity_decrease\": 0.0, \"min_impurity_split\": null, \"min_samples_leaf\": 1, \"min_samples_split\": 2, \"min_weight_fraction_leaf\": 0.0, \"n_estimators\": 500, \"n_jobs\": null, \"oob_score\": false, \"random_state\": 123456789, \"verbose\": 0, \"warm_start\": false}", "grid_score": 0.8902655782011298, "grid_search_cv_results": {"mean_fit_time": [0.5477714538574219, 0.7199422518412272, 0.8536435763041178, 0.9221300284067789], "std_fit_time": [0.006557653209132128, 0.0021262086749687563, 0.0019562258249980883, 0.01239174622763101], "mean_score_time": [0.03482357660929362, 0.03139170010884603, 0.036430040995279946, 0.03380997975667318], "std_score_time": [0.002395789838221374, 0.001263506127607842, 0.004077705777253974, 0.001325919570398775], "param_max_depth": [1, 5, 10, null], "params": [{"max_depth": 1}, {"max_depth": 5}, {"max_depth": 10}, {"max_depth": null}], "split0_test_score": [0.8353186317954503, 0.9403258245830489, 0.9435829312689427, 0.9436213112344755], "split1_test_score": [0.6383203056103532, 0.8227376940721381, 0.8207274665197585, 0.8238773242361543], "split2_test_score": [0.7810530929671261, 0.9000876696629329, 0.903421143013196, 0.9032980991327596], "mean_test_score": [0.7515640101243098, 0.8877170627727066, 0.8892438469339657, 0.8902655782011298], "std_test_score": [0.08308345055872171, 0.04879560120466551, 0.051147584483682305, 0.0497462933757451], "rank_test_score": [4, 3, 2, 1]}, "descriptive": {"actual": {"min": 7.2, "max": 50.0, "avg": 22.83030303030303, "std": 8.876304337732648}, "predicted": {"min": 10.818200000000015, "max": 48.13899999999988, "avg": 23.181236363636376, "std": 8.345670889596908}}, "additional_scores": {}}, {"experiment_name": "Example_CV", "train_set_name": "train", "train_set_size": 339, "test_set_name": "cv", "test_set_size": "n/a", "featureset": "[\"example_boston_features\"]", "featureset_name": "example_boston", "shuffle": false, "learner_name": "RandomForestRegressor", "task": "cross_validate", "start_timestamp": "02 Jun 2020 11:05:30.609461", "version": "2.1", "feature_scaling": "both", "folds_file": "", "grid_search": true, "grid_objective": "pearson", "grid_search_folds": "3", "min_feature_count": 1, "cv_folds": "10", "using_folds_file": false, "save_cv_folds": false, "save_cv_models": false, "use_folds_file_for_grid_search": true, "stratified_folds": true, "scikit_learn_version": "0.23.1", "end_timestamp": "02 Jun 2020 11:06:18.259800", "total_time": "0:00:47.650339", "fold": "average", "pearson": 0.9217566089881745, "score": 0.9217566089881745, "additional_scores": {}}]