[{"experiment_name": "Example_CV", "train_set_name": "train", "train_set_size": 339, "test_set_name": "cv", "test_set_size": "n/a", "featureset": "[\"example_boston_features\"]", "featureset_name": "example_boston", "shuffle": false, "learner_name": "LinearRegression", "task": "cross_validate", "start_timestamp": "14 Oct 2019 13:38:32.425043", "version": "1.5.3", "feature_scaling": "both", "folds_file": "", "grid_search": true, "grid_objective": "pearson", "grid_search_folds": "3", "min_feature_count": 1, "cv_folds": "10", "using_folds_file": false, "save_cv_folds": false, "save_cv_models": false, "use_folds_file_for_grid_search": true, "stratified_folds": true, "scikit_learn_version": "0.20.1", "end_timestamp": "14 Oct 2019 13:38:32.548317", "total_time": "0:00:00.123274", "result_table": "", "accuracy": "", "pearson": 0.8367102975734619, "score": 0.8367102975734619, "fold": 1, "model_params": "{\"copy_X\": true, \"fit_intercept\": true, \"n_jobs\": null, \"normalize\": false}", "grid_score": 0.0, "grid_search_cv_results": null, "descriptive": {"actual": {"min": 8.5, "max": 50.0, "avg": 24.373529411764707, "std": 10.138810372945473}, "predicted": {"min": 12.537514855535857, "max": 42.5515994521936, "avg": 23.043146234225322, "std": 7.188697934676471}}, "additional_scores": {}}, {"experiment_name": "Example_CV", "train_set_name": "train", "train_set_size": 339, "test_set_name": "cv", "test_set_size": "n/a", "featureset": "[\"example_boston_features\"]", "featureset_name": "example_boston", "shuffle": false, "learner_name": "LinearRegression", "task": "cross_validate", "start_timestamp": "14 Oct 2019 13:38:32.425043", "version": "1.5.3", "feature_scaling": "both", "folds_file": "", "grid_search": true, "grid_objective": "pearson", "grid_search_folds": "3", "min_feature_count": 1, "cv_folds": "10", "using_folds_file": false, "save_cv_folds": false, "save_cv_models": false, "use_folds_file_for_grid_search": true, "stratified_folds": true, "scikit_learn_version": "0.20.1", "end_timestamp": "14 Oct 2019 13:38:32.548317", "total_time": "0:00:00.123274", "result_table": "", "accuracy": "", "pearson": 0.7899655452304257, "score": 0.7899655452304257, "fold": 2, "model_params": "{\"copy_X\": true, \"fit_intercept\": true, \"n_jobs\": null, \"normalize\": false}", "grid_score": 0.0, "grid_search_cv_results": null, "descriptive": {"actual": {"min": 7.2, "max": 50.0, "avg": 21.232352941176472, "std": 7.994252368686896}, "predicted": {"min": 4.5374582439563795, "max": 35.294643182462316, "avg": 20.97481363302979, "std": 7.822447102176281}}, "additional_scores": {}}, {"experiment_name": "Example_CV", "train_set_name": "train", "train_set_size": 339, "test_set_name": "cv", "test_set_size": "n/a", "featureset": "[\"example_boston_features\"]", "featureset_name": "example_boston", "shuffle": false, "learner_name": "LinearRegression", "task": "cross_validate", "start_timestamp": "14 Oct 2019 13:38:32.425043", "version": "1.5.3", "feature_scaling": "both", "folds_file": "", "grid_search": true, "grid_objective": "pearson", "grid_search_folds": "3", "min_feature_count": 1, "cv_folds": "10", "using_folds_file": false, "save_cv_folds": false, "save_cv_models": false, "use_folds_file_for_grid_search": true, "stratified_folds": true, "scikit_learn_version": "0.20.1", "end_timestamp": "14 Oct 2019 13:38:32.548317", "total_time": "0:00:00.123274", "result_table": "", "accuracy": "", "pearson": 0.9144787214866614, "score": 0.9144787214866614, "fold": 3, "model_params": "{\"copy_X\": true, \"fit_intercept\": true, \"n_jobs\": null, \"normalize\": false}", "grid_score": 0.0, "grid_search_cv_results": null, "descriptive": {"actual": {"min": 7.4, "max": 43.1, "avg": 22.682352941176468, "std": 8.214960190667759}, "predicted": {"min": 4.634782519300966, "max": 36.03941122311065, "avg": 22.73951767908845, "std": 7.602464378460321}}, "additional_scores": {}}, {"experiment_name": "Example_CV", "train_set_name": "train", "train_set_size": 339, "test_set_name": "cv", "test_set_size": "n/a", "featureset": "[\"example_boston_features\"]", "featureset_name": "example_boston", "shuffle": false, "learner_name": "LinearRegression", "task": "cross_validate", "start_timestamp": "14 Oct 2019 13:38:32.425043", "version": "1.5.3", "feature_scaling": "both", "folds_file": "", "grid_search": true, "grid_objective": "pearson", "grid_search_folds": "3", "min_feature_count": 1, "cv_folds": "10", "using_folds_file": false, "save_cv_folds": false, "save_cv_models": false, "use_folds_file_for_grid_search": true, "stratified_folds": true, "scikit_learn_version": "0.20.1", "end_timestamp": "14 Oct 2019 13:38:32.548317", "total_time": "0:00:00.123274", "result_table": "", "accuracy": "", "pearson": 0.8842936649342806, "score": 0.8842936649342806, "fold": 4, "model_params": "{\"copy_X\": true, \"fit_intercept\": true, \"n_jobs\": null, \"normalize\": false}", "grid_score": 0.0, "grid_search_cv_results": null, "descriptive": {"actual": {"min": 8.8, "max": 50.0, "avg": 22.61176470588235, "std": 9.915073631653335}, "predicted": {"min": 2.1445952016001684, "max": 40.90012462389611, "avg": 21.932603465888317, "std": 8.825784901368413}}, "additional_scores": {}}, {"experiment_name": "Example_CV", "train_set_name": "train", "train_set_size": 339, "test_set_name": "cv", "test_set_size": "n/a", "featureset": "[\"example_boston_features\"]", "featureset_name": "example_boston", "shuffle": false, "learner_name": "LinearRegression", "task": "cross_validate", "start_timestamp": "14 Oct 2019 13:38:32.425043", "version": "1.5.3", "feature_scaling": "both", "folds_file": "", "grid_search": true, "grid_objective": "pearson", "grid_search_folds": "3", "min_feature_count": 1, "cv_folds": "10", "using_folds_file": false, "save_cv_folds": false, "save_cv_models": false, "use_folds_file_for_grid_search": true, "stratified_folds": true, "scikit_learn_version": "0.20.1", "end_timestamp": "14 Oct 2019 13:38:32.548317", "total_time": "0:00:00.123274", "result_table": "", "accuracy": "", "pearson": 0.8561121563998059, "score": 0.8561121563998059, "fold": 5, "model_params": "{\"copy_X\": true, \"fit_intercept\": true, \"n_jobs\": null, \"normalize\": false}", "grid_score": 0.0, "grid_search_cv_results": null, "descriptive": {"actual": {"min": 8.3, "max": 50.0, "avg": 24.244117647058825, "std": 11.03316367557563}, "predicted": {"min": 4.982992491247899, "max": 40.839457537376, "avg": 23.172475157282467, "std": 9.756188546077647}}, "additional_scores": {}}, {"experiment_name": "Example_CV", "train_set_name": "train", "train_set_size": 339, "test_set_name": "cv", "test_set_size": "n/a", "featureset": "[\"example_boston_features\"]", "featureset_name": "example_boston", "shuffle": false, "learner_name": "LinearRegression", "task": "cross_validate", "start_timestamp": "14 Oct 2019 13:38:32.425043", "version": "1.5.3", "feature_scaling": "both", "folds_file": "", "grid_search": true, "grid_objective": "pearson", "grid_search_folds": "3", "min_feature_count": 1, "cv_folds": "10", "using_folds_file": false, "save_cv_folds": false, "save_cv_models": false, "use_folds_file_for_grid_search": true, "stratified_folds": true, "scikit_learn_version": "0.20.1", "end_timestamp": "14 Oct 2019 13:38:32.548317", "total_time": "0:00:00.123274", "result_table": "", "accuracy": "", "pearson": 0.7429007572898234, "score": 0.7429007572898234, "fold": 6, "model_params": "{\"copy_X\": true, \"fit_intercept\": true, \"n_jobs\": null, \"normalize\": false}", "grid_score": 0.0, "grid_search_cv_results": null, "descriptive": {"actual": {"min": 11.0, "max": 50.0, "avg": 23.02941176470588, "std": 8.300762878185449}, "predicted": {"min": 12.479317577260257, "max": 37.50560137243052, "avg": 23.182187093052608, "std": 6.329909567231654}}, "additional_scores": {}}, {"experiment_name": "Example_CV", "train_set_name": "train", "train_set_size": 339, "test_set_name": "cv", "test_set_size": "n/a", "featureset": "[\"example_boston_features\"]", "featureset_name": "example_boston", "shuffle": false, "learner_name": "LinearRegression", "task": "cross_validate", "start_timestamp": "14 Oct 2019 13:38:32.425043", "version": "1.5.3", "feature_scaling": "both", "folds_file": "", "grid_search": true, "grid_objective": "pearson", "grid_search_folds": "3", "min_feature_count": 1, "cv_folds": "10", "using_folds_file": false, "save_cv_folds": false, "save_cv_models": false, "use_folds_file_for_grid_search": true, "stratified_folds": true, "scikit_learn_version": "0.20.1", "end_timestamp": "14 Oct 2019 13:38:32.548317", "total_time": "0:00:00.123274", "result_table": "", "accuracy": "", "pearson": 0.8560609302172766, "score": 0.8560609302172766, "fold": 7, "model_params": "{\"copy_X\": true, \"fit_intercept\": true, \"n_jobs\": null, \"normalize\": false}", "grid_score": 0.0, "grid_search_cv_results": null, "descriptive": {"actual": {"min": 7.2, "max": 50.0, "avg": 23.220588235294116, "std": 10.09457569576397}, "predicted": {"min": -0.953275751023277, "max": 40.162750053240636, "avg": 22.566543515831878, "std": 9.077340957647566}}, "additional_scores": {}}, {"experiment_name": "Example_CV", "train_set_name": "train", "train_set_size": 339, "test_set_name": "cv", "test_set_size": "n/a", "featureset": "[\"example_boston_features\"]", "featureset_name": "example_boston", "shuffle": false, "learner_name": "LinearRegression", "task": "cross_validate", "start_timestamp": "14 Oct 2019 13:38:32.425043", "version": "1.5.3", "feature_scaling": "both", "folds_file": "", "grid_search": true, "grid_objective": "pearson", "grid_search_folds": "3", "min_feature_count": 1, "cv_folds": "10", "using_folds_file": false, "save_cv_folds": false, "save_cv_models": false, "use_folds_file_for_grid_search": true, "stratified_folds": true, "scikit_learn_version": "0.20.1", "end_timestamp": "14 Oct 2019 13:38:32.548317", "total_time": "0:00:00.123274", "result_table": "", "accuracy": "", "pearson": 0.8679432463302508, "score": 0.8679432463302508, "fold": 8, "model_params": "{\"copy_X\": true, \"fit_intercept\": true, \"n_jobs\": null, \"normalize\": false}", "grid_score": 0.0, "grid_search_cv_results": null, "descriptive": {"actual": {"min": 8.4, "max": 50.0, "avg": 22.841176470588234, "std": 9.192167946523467}, "predicted": {"min": 2.8486382477667114, "max": 44.23556877707169, "avg": 23.370692616010217, "std": 8.445400590949586}}, "additional_scores": {}}, {"experiment_name": "Example_CV", "train_set_name": "train", "train_set_size": 339, "test_set_name": "cv", "test_set_size": "n/a", "featureset": "[\"example_boston_features\"]", "featureset_name": "example_boston", "shuffle": false, "learner_name": "LinearRegression", "task": "cross_validate", "start_timestamp": "14 Oct 2019 13:38:32.425043", "version": "1.5.3", "feature_scaling": "both", "folds_file": "", "grid_search": true, "grid_objective": "pearson", "grid_search_folds": "3", "min_feature_count": 1, "cv_folds": "10", "using_folds_file": false, "save_cv_folds": false, "save_cv_models": false, "use_folds_file_for_grid_search": true, "stratified_folds": true, "scikit_learn_version": "0.20.1", "end_timestamp": "14 Oct 2019 13:38:32.548317", "total_time": "0:00:00.123274", "result_table": "", "accuracy": "", "pearson": 0.8508243638133448, "score": 0.8508243638133448, "fold": 9, "model_params": "{\"copy_X\": true, \"fit_intercept\": true, \"n_jobs\": null, \"normalize\": false}", "grid_score": 0.0, "grid_search_cv_results": null, "descriptive": {"actual": {"min": 5.6, "max": 48.3, "avg": 22.638235294117642, "std": 9.263718434773066}, "predicted": {"min": 8.516101559984087, "max": 41.02928815102692, "avg": 25.159157415569975, "std": 8.053192497234617}}, "additional_scores": {}}, {"experiment_name": "Example_CV", "train_set_name": "train", "train_set_size": 339, "test_set_name": "cv", "test_set_size": "n/a", "featureset": "[\"example_boston_features\"]", "featureset_name": "example_boston", "shuffle": false, "learner_name": "LinearRegression", "task": "cross_validate", "start_timestamp": "14 Oct 2019 13:38:32.425043", "version": "1.5.3", "feature_scaling": "both", "folds_file": "", "grid_search": true, "grid_objective": "pearson", "grid_search_folds": "3", "min_feature_count": 1, "cv_folds": "10", "using_folds_file": false, "save_cv_folds": false, "save_cv_models": false, "use_folds_file_for_grid_search": true, "stratified_folds": true, "scikit_learn_version": "0.20.1", "end_timestamp": "14 Oct 2019 13:38:32.548317", "total_time": "0:00:00.123274", "result_table": "", "accuracy": "", "pearson": 0.87748172136357, "score": 0.87748172136357, "fold": 10, "model_params": "{\"copy_X\": true, \"fit_intercept\": true, \"n_jobs\": null, \"normalize\": false}", "grid_score": 0.0, "grid_search_cv_results": null, "descriptive": {"actual": {"min": 7.2, "max": 50.0, "avg": 22.83030303030303, "std": 8.876304337732648}, "predicted": {"min": 12.060289608766972, "max": 42.10232200457265, "avg": 23.165862361859343, "std": 7.117743310779854}}, "additional_scores": {}}, {"experiment_name": "Example_CV", "train_set_name": "train", "train_set_size": 339, "test_set_name": "cv", "test_set_size": "n/a", "featureset": "[\"example_boston_features\"]", "featureset_name": "example_boston", "shuffle": false, "learner_name": "LinearRegression", "task": "cross_validate", "start_timestamp": "14 Oct 2019 13:38:32.425043", "version": "1.5.3", "feature_scaling": "both", "folds_file": "", "grid_search": true, "grid_objective": "pearson", "grid_search_folds": "3", "min_feature_count": 1, "cv_folds": "10", "using_folds_file": false, "save_cv_folds": false, "save_cv_models": false, "use_folds_file_for_grid_search": true, "stratified_folds": true, "scikit_learn_version": "0.20.1", "end_timestamp": "14 Oct 2019 13:38:32.548317", "total_time": "0:00:00.123274", "fold": "average", "pearson": 0.8476771404638901, "score": 0.8476771404638901, "additional_scores": {}}]