[{"experiment_name": "Example_Evaluate", "train_set_name": "train", "train_set_size": 339, "test_set_name": "test", "test_set_size": 167, "featureset": "[\"example_boston_features\"]", "featureset_name": "example_boston", "shuffle": false, "learner_name": "RandomForestRegressor", "task": "evaluate", "start_timestamp": "14 Oct 2019 13:38:32.586616", "version": "1.5.3", "feature_scaling": "both", "folds_file": "", "grid_search": true, "grid_objective": "unweighted_kappa", "grid_search_folds": "3", "min_feature_count": 1, "cv_folds": "None", "using_folds_file": false, "save_cv_folds": false, "save_cv_models": false, "use_folds_file_for_grid_search": true, "stratified_folds": true, "scikit_learn_version": "0.20.1", "end_timestamp": "14 Oct 2019 13:38:36.973904", "total_time": "0:00:04.387288", "result_table": "", "accuracy": "", "pearson": 0.9289264948919838, "score": 0.12660847317330093, "fold": "", "model_params": "{\"bootstrap\": true, \"criterion\": \"mse\", \"max_depth\": 10, \"max_features\": \"auto\", \"max_leaf_nodes\": null, \"min_impurity_decrease\": 0.0, \"min_impurity_split\": null, \"min_samples_leaf\": 1, \"min_samples_split\": 2, \"min_weight_fraction_leaf\": 0.0, \"n_estimators\": 500, \"n_jobs\": null, \"oob_score\": false, \"random_state\": 123456789, \"verbose\": 0, \"warm_start\": false}", "grid_score": 0.11849659447816141, "grid_search_cv_results": {"mean_fit_time": [0.4271971384684245, 0.6968878110249838, 0.8941950798034668, 0.9975000222524008], "std_fit_time": [0.012211767666892534, 0.013347074152823461, 0.010941843870584398, 0.009329074494275029], "mean_score_time": [0.03747264544169108, 0.04552499453226725, 0.03993686040242513, 0.05484437942504883], "std_score_time": [0.0014868263084002256, 0.0009284177911158916, 0.0013899472088921387, 0.0016549331481507232], "param_max_depth": [1, 5, 10, null], "params": [{"max_depth": 1}, {"max_depth": 5}, {"max_depth": 10}, {"max_depth": null}], "split0_test_score": [0.026181877872619386, 0.13112474437627808, 0.13183489987740082, 0.12338722848276995], "split1_test_score": [0.06356178006132385, 0.08878390486275134, 0.11697191697191667, 0.11826383808827101], "split2_test_score": [0.039737779216575064, 0.09041385478494157, 0.10668296658516674, 0.10646449824732984], "mean_test_score": [0.04316047905017276, 0.10344083467465699, 0.11849659447816141, 0.1160385216061236], "std_test_score": [0.01545100703346895, 0.019586786812591194, 0.010324676531100458, 0.0070856062897330764], "rank_test_score": [4, 3, 1, 2], "split0_train_score": [0.04301933108315381, 0.1460610246617634, 0.2991533204121183, 0.31843097300050904], "split1_train_score": [0.06421169893015466, 0.17643205175449328, 0.34201299899534543, 0.3793372000081976], "split2_train_score": [0.026002011205286557, 0.22233986236103698, 0.32300857905569214, 0.3552068473609128], "mean_train_score": [0.04441101373953168, 0.18161097959243122, 0.32139163282105193, 0.35099167345653975], "std_train_score": [0.015630048932958832, 0.0313552891907246, 0.01753470650659567, 0.02504286845073334]}, "descriptive": {"actual": {"min": 5.0, "max": 50.0, "avg": 21.643712574850298, "std": 8.699339536566935}, "predicted": {"min": 7.322574703629707, "max": 46.07392888888879, "avg": 21.44059116512858, "std": 7.751289972707708}}, "additional_scores": {}}]