[{"experiment_name": "Example_Evaluate", "train_set_name": "train", "train_set_size": 339, "test_set_name": "test", "test_set_size": 167, "featureset": "[\"example_boston_features\"]", "featureset_name": "example_boston", "shuffle": false, "learner_name": "SVR", "task": "evaluate", "start_timestamp": "02 Jun 2020 11:05:22.691804", "version": "2.1", "feature_scaling": "both", "folds_file": "", "grid_search": true, "grid_objective": "unweighted_kappa", "grid_search_folds": "3", "min_feature_count": 1, "cv_folds": "None", "using_folds_file": false, "save_cv_folds": false, "save_cv_models": false, "use_folds_file_for_grid_search": true, "stratified_folds": true, "scikit_learn_version": "0.23.1", "end_timestamp": "02 Jun 2020 11:05:23.035120", "total_time": "0:00:00.343316", "result_table": "", "accuracy": "", "pearson": 0.9012985511131115, "score": 0.09372526851328411, "fold": "", "model_params": "{\"C\": 10.0, \"cache_size\": 1000, \"coef0\": 0.0, \"degree\": 3, \"epsilon\": 0.1, \"gamma\": \"scale\", \"kernel\": \"rbf\", \"max_iter\": -1, \"shrinking\": true, \"tol\": 0.001, \"verbose\": false}", "grid_score": 0.15825004648395005, "grid_search_cv_results": {"mean_fit_time": [0.0027310053507486978, 0.0034386316935221353, 0.003084103266398112, 0.0027980804443359375, 0.002657334009806315, 0.0032459100087483725, 0.0025413831075032554, 0.0024010340372721353, 0.0021190643310546875, 0.0022579034169514975, 0.002164602279663086, 0.0019714037577311196, 0.0027007261912027993, 0.0019986629486083984, 0.0021179517110188804, 0.002088626225789388, 0.0019883314768473306, 0.002040227254231771, 0.0019959608713785806, 0.0025060176849365234, 0.0020154317220052085, 0.0032129287719726562, 0.003384749094645182, 0.002393960952758789, 0.0032792886098225913, 0.0033407211303710938, 0.0038320223490397134, 0.002906958262125651, 0.00954135258992513, 0.00983134905497233, 0.00400535265604655, 0.010129372278849283, 0.003931442896525065, 0.004091660181681315, 0.003298600514729818], "std_fit_time": [0.0004175867817036621, 1.3501500966603021e-05, 0.00025194533562646873, 0.00010652606859183999, 6.657653536315347e-05, 0.00012722728670488544, 4.174133695965873e-05, 0.00014785980543850872, 5.7474539166937644e-05, 0.00023592256964740228, 3.658462983954581e-05, 1.3937917417050721e-05, 0.0002611940793361048, 5.706560851608036e-05, 4.8871091806293226e-05, 7.23464101260302e-05, 5.029081243180583e-05, 4.072718495340963e-05, 2.4973958909464947e-05, 4.218324767035765e-05, 3.233031731801276e-05, 1.7925314474615523e-05, 3.143892490246108e-05, 0.00012140040558964253, 1.9525431989177865e-05, 6.541306755489331e-05, 0.00013120971543365573, 0.00010167004904909766, 0.00035636686603771994, 0.0006516922972313545, 0.00021488523674436923, 0.0004174794571351801, 0.00011703306187263127, 0.00035312811690646267, 0.00010254425924683174], "mean_score_time": [0.003445227940877279, 0.004572073618570964, 0.004080772399902344, 0.003930489222208659, 0.0038520495096842446, 0.0038002332051595054, 0.0036656856536865234, 0.003424962361653646, 0.003019571304321289, 0.0030177434285481772, 0.003094832102457682, 0.002852360407511393, 0.003180344899495443, 0.002909104029337565, 0.002782742182413737, 0.002764622370402018, 0.00274809201558431, 0.0029067198435465493, 0.0027763843536376953, 0.0027419726053873696, 0.002684513727823893, 0.0027566750844319663, 0.002857844034830729, 0.0027016003926595054, 0.0027898152669270835, 0.002799431482950846, 0.002743244171142578, 0.0027823448181152344, 0.002891063690185547, 0.0029140313466389975, 0.002878904342651367, 0.002977132797241211, 0.002840916315714518, 0.0028632481892903647, 0.0027871131896972656], "std_score_time": [0.00044844848205186614, 0.00010116973076554617, 0.00021624245303031019, 6.30719166206363e-05, 4.0782975219300764e-05, 0.00015465328651473046, 3.542903294311549e-05, 0.00012296673044444453, 9.593220214910837e-05, 0.0002888529615409539, 0.00016763039824539615, 8.982704516764415e-05, 0.00021194480455498203, 7.231130648825857e-05, 8.883395063532361e-05, 3.48636846814164e-05, 7.179958345262255e-05, 0.00015654128084039885, 0.00010704064912965368, 5.0638120587971146e-05, 1.0716171796387465e-05, 3.4923416599014974e-05, 0.00018846002991024103, 3.865682763104537e-06, 0.00020510062102093433, 3.9719100988329905e-05, 4.863544223350413e-05, 5.636099562988794e-05, 0.00016771432325291018, 8.122864967690193e-05, 3.849703386676675e-05, 0.00010123051844868102, 6.419862665337966e-05, 8.208719324508659e-05, 3.441385889665163e-05], "param_C": [0.01, 0.01, 0.01, 0.01, 0.01, 0.01, 0.01, 0.1, 0.1, 0.1, 0.1, 0.1, 0.1, 0.1, 1.0, 1.0, 1.0, 1.0, 1.0, 1.0, 1.0, 10.0, 10.0, 10.0, 10.0, 10.0, 10.0, 10.0, 100.0, 100.0, 100.0, 100.0, 100.0, 100.0, 100.0], "param_gamma": ["auto", "scale", 0.01, 0.1, 1.0, 10.0, 100.0, "auto", "scale", 0.01, 0.1, 1.0, 10.0, 100.0, "auto", "scale", 0.01, 0.1, 1.0, 10.0, 100.0, "auto", "scale", 0.01, 0.1, 1.0, 10.0, 100.0, "auto", "scale", 0.01, 0.1, 1.0, 10.0, 100.0], "params": [{"C": 0.01, "gamma": "auto"}, {"C": 0.01, "gamma": "scale"}, {"C": 0.01, "gamma": 0.01}, {"C": 0.01, "gamma": 0.1}, {"C": 0.01, "gamma": 1.0}, {"C": 0.01, "gamma": 10.0}, {"C": 0.01, "gamma": 100.0}, {"C": 0.1, "gamma": "auto"}, {"C": 0.1, "gamma": "scale"}, {"C": 0.1, "gamma": 0.01}, {"C": 0.1, "gamma": 0.1}, {"C": 0.1, "gamma": 1.0}, {"C": 0.1, "gamma": 10.0}, {"C": 0.1, "gamma": 100.0}, {"C": 1.0, "gamma": "auto"}, {"C": 1.0, "gamma": "scale"}, {"C": 1.0, "gamma": 0.01}, {"C": 1.0, "gamma": 0.1}, {"C": 1.0, "gamma": 1.0}, {"C": 1.0, "gamma": 10.0}, {"C": 1.0, "gamma": 100.0}, {"C": 10.0, "gamma": "auto"}, {"C": 10.0, "gamma": "scale"}, {"C": 10.0, "gamma": 0.01}, {"C": 10.0, "gamma": 0.1}, {"C": 10.0, "gamma": 1.0}, {"C": 10.0, "gamma": 10.0}, {"C": 10.0, "gamma": 100.0}, {"C": 100.0, "gamma": "auto"}, {"C": 100.0, "gamma": "scale"}, {"C": 100.0, "gamma": 0.01}, {"C": 100.0, "gamma": 0.1}, {"C": 100.0, "gamma": 1.0}, {"C": 100.0, "gamma": 10.0}, {"C": 100.0, "gamma": 100.0}], "split0_test_score": [0.0139616055846421, 0.0139616055846421, -0.001159228285170455, 0.005727567029135683, 0.0, 0.0, 0.0, 0.002354326074161195, 0.0025220680958385477, -0.004444444444444695, 0.003024955886059999, 0.01494396014943944, 0.0, 0.0, 0.1573383594198149, 0.14835749979519963, 0.05260562222587539, 0.09251823322133901, 0.0356425702811245, 0.010191190095173996, 0.0, 0.1420524124418321, 0.142472460220318, 0.1372644574398959, 0.14296199641167817, 0.1241032407025644, -0.0022380636604777404, 0.0, 0.17047308319738974, 0.16166639491276713, 0.14373013933023715, 0.1596796600473972, 0.1418902187371026, 0.015292609995728124, 0.0], "split1_test_score": [0.0, 0.0, 0.0, 0.0, 0.0, 0.0, 0.0, -0.026416666666666755, -0.026331139071744003, 0.025535833891493165, -0.034884689035051375, 0.004192334017796173, 0.0, 0.0, 0.06786997713165654, 0.06786997713165643, 0.05381676286480763, 0.0852072941368881, -0.0013375689683998715, 0.0018010291595194072, 0.0, 0.13473444118605404, 0.14449690654509928, 0.09402332361516019, 0.13438187596772866, 0.1082614056720097, 0.005128643473801264, 0.0, 0.06140065146579743, 0.06193537885570077, 0.0938031591737547, 0.053123983078424475, 0.06703179923158664, 0.003443641861245794, 0.0], "split2_test_score": [0.013569576490924495, 0.013569576490924495, 0.007565217391303891, 0.011005199306758584, 0.0, 0.0, 0.0, 0.06579732378760761, 0.06579732378760761, 0.014619133111054339, 0.053504273504273336, 0.03477135461604863, 0.0, 0.0, 0.07022403258655807, 0.07022403258655807, 0.08577561297779257, 0.08699910226067076, 0.07432374776004769, 0.00877192982456143, 0.0, 0.18837740777015988, 0.1877807726864329, 0.07316875101510478, 0.16911764705882348, 0.12505203563400213, 0.00955386098694, 0.0, 0.1088617886178862, 0.1088617886178862, 0.15259210955330904, 0.1502370443027622, 0.0658068783068787, -0.0009191944514079786, 0.0], "mean_test_score": [0.009177060691855532, 0.009177060691855532, 0.0021353297020444786, 0.005577588778631422, 0.0, 0.0, 0.0, 0.013911661065034017, 0.013996084270567385, 0.011903507519367603, 0.007214846785093987, 0.01796921626109475, 0.0, 0.0, 0.09847745637934317, 0.09548383650447138, 0.06406599935615853, 0.08824154320629929, 0.03620958302425744, 0.006921383026418278, 0.0, 0.15505475379934866, 0.15825004648395005, 0.10148551069005363, 0.14882050647941011, 0.11913889400285875, 0.004148146933421175, 0.0, 0.11357850776035779, 0.11082118746211804, 0.13004180268576696, 0.12101356247619462, 0.09157629875852265, 0.005939019135188646, 0.0], "std_test_score": [0.006491135181105599, 0.006491135181105599, 0.003868566727937967, 0.004494105254077326, 0.0, 0.0, 0.0, 0.03852301479153893, 0.03847642743802311, 0.012389114551108813, 0.03620606361742825, 0.012665787410524935, 0.0, 0.0, 0.04163203753782294, 0.03739967554767614, 0.01535897583634831, 0.003111291500504649, 0.030891205219379953, 0.0036667053986409906, 0.0, 0.02375131752933457, 0.020897726164425718, 0.02669367056661913, 0.014773513540195779, 0.007701292845849468, 0.004863702418382351, 0.0, 0.044653364341800984, 0.040738583871777624, 0.025878731186718882, 0.048159713392902787, 0.03558082831644178, 0.006849614668603791, 0.0], "rank_test_score": [20, 20, 27, 25, 28, 28, 28, 18, 17, 19, 22, 16, 28, 28, 10, 11, 14, 13, 15, 23, 28, 2, 1, 9, 3, 6, 26, 28, 7, 8, 4, 5, 12, 24, 28]}, "descriptive": {"actual": {"min": 5.0, "max": 50.0, "avg": 21.643712574850298, "std": 8.699339536566935}, "predicted": {"min": 8.353006095978012, "max": 46.99722090893779, "avg": 21.30771791355636, "std": 7.0628848651066125}}, "additional_scores": {}}]