[{"experiment_name": "Example_Evaluate", "train_set_name": "train", "train_set_size": 339, "test_set_name": "test", "test_set_size": 167, "featureset": "[\"example_boston_features\"]", "featureset_name": "example_boston", "shuffle": false, "learner_name": "LinearRegression", "task": "evaluate", "start_timestamp": "14 Oct 2019 13:38:37.880584", "version": "1.5.3", "feature_scaling": "both", "folds_file": "", "grid_search": true, "grid_objective": "unweighted_kappa", "grid_search_folds": "3", "min_feature_count": 1, "cv_folds": "None", "using_folds_file": false, "save_cv_folds": false, "save_cv_models": false, "use_folds_file_for_grid_search": true, "stratified_folds": true, "scikit_learn_version": "0.20.1", "end_timestamp": "14 Oct 2019 13:38:37.919758", "total_time": "0:00:00.039174", "result_table": "", "accuracy": "", "pearson": 0.8544260884733285, "score": 0.11283202394313507, "fold": "", "model_params": "{\"copy_X\": true, \"fit_intercept\": true, \"n_jobs\": null, \"normalize\": false}", "grid_score": 0.0, "grid_search_cv_results": null, "descriptive": {"actual": {"min": 5.0, "max": 50.0, "avg": 21.643712574850298, "std": 8.699339536566935}, "predicted": {"min": -6.520796874789614, "max": 42.480572062114206, "avg": 21.441396466270184, "std": 7.936152084949591}}, "additional_scores": {}}]