[{"experiment_name": "Iris_CV", "train_set_name": "train", "train_set_size": 100, "test_set_name": "cv", "test_set_size": "n/a", "featureset": "[\"example_iris_features\"]", "featureset_name": "example_iris", "shuffle": false, "learner_name": "MultinomialNB", "task": "cross_validate", "start_timestamp": "10 Mar 2020 13:18:59.900906", "version": "2.0", "feature_scaling": "none", "folds_file": "", "grid_search": true, "grid_objective": "f1_score_micro", "grid_search_folds": "3", "min_feature_count": 1, "cv_folds": "10", "using_folds_file": false, "save_cv_folds": false, "save_cv_models": true, "use_folds_file_for_grid_search": true, "stratified_folds": true, "scikit_learn_version": "0.22.2.post1", "end_timestamp": "10 Mar 2020 13:19:00.119325", "total_time": "0:00:00.218419", "result_table": "+------------+----------+--------------+-------------+-------------+----------+-------------+\n|            |   setosa |   versicolor |   virginica |   Precision |   Recall |   F-measure |\n+============+==========+==============+=============+=============+==========+=============+\n|     setosa |      [3] |            0 |           0 |       1.000 |    1.000 |       1.000 |\n+------------+----------+--------------+-------------+-------------+----------+-------------+\n| versicolor |        0 |          [3] |           0 |       0.600 |    1.000 |       0.750 |\n+------------+----------+--------------+-------------+-------------+----------+-------------+\n|  virginica |        0 |            2 |         [2] |       1.000 |    0.500 |       0.667 |\n+------------+----------+--------------+-------------+-------------+----------+-------------+\n(row = reference; column = predicted)", "accuracy": 0.8, "pearson": "", "score": 0.8000000000000002, "fold": 1, "model_params": "{\"alpha\": 0.1, \"class_prior\": null, \"fit_prior\": true}", "grid_score": 0.9222222222222222, "grid_search_cv_results": {"mean_fit_time": [0.0008541742960611979, 0.0007956822713216146, 0.0008637110392252604, 0.0007966359456380209, 0.0007792313893636068], "std_fit_time": [5.80111593650824e-05, 4.911589902565566e-05, 7.727369736938871e-05, 7.2872755599642755e-06, 3.7055152978498987e-06], "mean_score_time": [0.0005851586659749349, 0.0005666414896647135, 0.0005976359049479166, 0.0005753040313720703, 0.0005696614583333334], "std_score_time": [1.3593808840095475e-05, 4.805315799023619e-06, 1.0550452407376664e-05, 2.167730601149536e-06, 1.2961631163199815e-06], "param_alpha": [0.1, 0.25, 0.5, 0.75, 1.0], "params": [{"alpha": 0.1}, {"alpha": 0.25}, {"alpha": 0.5}, {"alpha": 0.75}, {"alpha": 1.0}], "split0_test_score": [0.9666666666666667, 0.9666666666666667, 0.9666666666666667, 0.9666666666666667, 0.9666666666666667], "split1_test_score": [0.9666666666666667, 0.9666666666666667, 0.9333333333333333, 0.9333333333333333, 0.9333333333333333], "split2_test_score": [0.8333333333333334, 0.8333333333333334, 0.8333333333333334, 0.8333333333333334, 0.8333333333333334], "mean_test_score": [0.9222222222222222, 0.9222222222222222, 0.9111111111111111, 0.9111111111111111, 0.9111111111111111], "std_test_score": [0.06285393610547088, 0.06285393610547088, 0.05665577237325315, 0.05665577237325315, 0.05665577237325315], "rank_test_score": [1, 1, 3, 3, 3]}, "additional_scores": {}}, {"experiment_name": "Iris_CV", "train_set_name": "train", "train_set_size": 100, "test_set_name": "cv", "test_set_size": "n/a", "featureset": "[\"example_iris_features\"]", "featureset_name": "example_iris", "shuffle": false, "learner_name": "MultinomialNB", "task": "cross_validate", "start_timestamp": "10 Mar 2020 13:18:59.900906", "version": "2.0", "feature_scaling": "none", "folds_file": "", "grid_search": true, "grid_objective": "f1_score_micro", "grid_search_folds": "3", "min_feature_count": 1, "cv_folds": "10", "using_folds_file": false, "save_cv_folds": false, "save_cv_models": true, "use_folds_file_for_grid_search": true, "stratified_folds": true, "scikit_learn_version": "0.22.2.post1", "end_timestamp": "10 Mar 2020 13:19:00.119325", "total_time": "0:00:00.218419", "result_table": "+------------+----------+--------------+-------------+-------------+----------+-------------+\n|            |   setosa |   versicolor |   virginica |   Precision |   Recall |   F-measure |\n+============+==========+==============+=============+=============+==========+=============+\n|     setosa |      [3] |            0 |           0 |       1.000 |    1.000 |       1.000 |\n+------------+----------+--------------+-------------+-------------+----------+-------------+\n| versicolor |        0 |          [3] |           0 |       0.750 |    1.000 |       0.857 |\n+------------+----------+--------------+-------------+-------------+----------+-------------+\n|  virginica |        0 |            1 |         [3] |       1.000 |    0.750 |       0.857 |\n+------------+----------+--------------+-------------+-------------+----------+-------------+\n(row = reference; column = predicted)", "accuracy": 0.9, "pearson": "", "score": 0.9, "fold": 2, "model_params": "{\"alpha\": 0.1, \"class_prior\": null, \"fit_prior\": true}", "grid_score": 0.9444444444444445, "grid_search_cv_results": {"mean_fit_time": [0.000843207041422526, 0.0007757345835367838, 0.0007640520731608073, 0.0008525053660074869, 0.0008459885915120443], "std_fit_time": [4.900892217153362e-05, 1.9166968987348343e-05, 1.3124335831542342e-05, 4.801371087072123e-05, 4.596981152278369e-05], "mean_score_time": [0.0005801518758138021, 0.0005652109781901041, 0.0006050268809000651, 0.0005953311920166016, 0.0005772113800048828], "std_score_time": [1.3124335831542344e-05, 7.682193739315398e-06, 4.004028493181695e-05, 2.822886716117706e-05, 6.912768436426365e-06], "param_alpha": [0.1, 0.25, 0.5, 0.75, 1.0], "params": [{"alpha": 0.1}, {"alpha": 0.25}, {"alpha": 0.5}, {"alpha": 0.75}, {"alpha": 1.0}], "split0_test_score": [0.9666666666666667, 0.9666666666666667, 0.9666666666666667, 0.9333333333333333, 0.9333333333333333], "split1_test_score": [1.0, 1.0, 1.0, 1.0, 1.0], "split2_test_score": [0.8666666666666667, 0.8666666666666667, 0.8666666666666667, 0.8666666666666667, 0.8666666666666667], "mean_test_score": [0.9444444444444445, 0.9444444444444445, 0.9444444444444445, 0.9333333333333332, 0.9333333333333332], "std_test_score": [0.05665577237325315, 0.05665577237325315, 0.05665577237325315, 0.05443310539518172, 0.05443310539518172], "rank_test_score": [1, 1, 1, 4, 4]}, "additional_scores": {}}, {"experiment_name": "Iris_CV", "train_set_name": "train", "train_set_size": 100, "test_set_name": "cv", "test_set_size": "n/a", "featureset": "[\"example_iris_features\"]", "featureset_name": "example_iris", "shuffle": false, "learner_name": "MultinomialNB", "task": "cross_validate", "start_timestamp": "10 Mar 2020 13:18:59.900906", "version": "2.0", "feature_scaling": "none", "folds_file": "", "grid_search": true, "grid_objective": "f1_score_micro", "grid_search_folds": "3", "min_feature_count": 1, "cv_folds": "10", "using_folds_file": false, "save_cv_folds": false, "save_cv_models": true, "use_folds_file_for_grid_search": true, "stratified_folds": true, "scikit_learn_version": "0.22.2.post1", "end_timestamp": "10 Mar 2020 13:19:00.119325", "total_time": "0:00:00.218419", "result_table": "+------------+----------+--------------+-------------+-------------+----------+-------------+\n|            |   setosa |   versicolor |   virginica |   Precision |   Recall |   F-measure |\n+============+==========+==============+=============+=============+==========+=============+\n|     setosa |      [3] |            0 |           0 |       1.000 |    1.000 |       1.000 |\n+------------+----------+--------------+-------------+-------------+----------+-------------+\n| versicolor |        0 |          [3] |           0 |       1.000 |    1.000 |       1.000 |\n+------------+----------+--------------+-------------+-------------+----------+-------------+\n|  virginica |        0 |            0 |         [4] |       1.000 |    1.000 |       1.000 |\n+------------+----------+--------------+-------------+-------------+----------+-------------+\n(row = reference; column = predicted)", "accuracy": 1.0, "pearson": "", "score": 1.0, "fold": 3, "model_params": "{\"alpha\": 0.1, \"class_prior\": null, \"fit_prior\": true}", "grid_score": 0.9222222222222222, "grid_search_cv_results": {"mean_fit_time": [0.0008509953816731771, 0.000781853993733724, 0.0008517106374104818, 0.0008092721303304037, 0.0008870760599772135], "std_fit_time": [5.8245202898685384e-05, 2.2166802757810662e-05, 7.350109632108934e-05, 2.4049438059407802e-05, 5.5036088608183934e-05], "mean_score_time": [0.0005870660146077474, 0.0005660851796468099, 0.0005848407745361328, 0.0005757808685302734, 0.0006189346313476562], "std_score_time": [3.7259127838551336e-06, 4.9605326761650195e-06, 1.6057451477511154e-05, 2.368237880985155e-06, 4.007465739427003e-05], "param_alpha": [0.1, 0.25, 0.5, 0.75, 1.0], "params": [{"alpha": 0.1}, {"alpha": 0.25}, {"alpha": 0.5}, {"alpha": 0.75}, {"alpha": 1.0}], "split0_test_score": [0.9333333333333333, 0.9333333333333333, 0.9333333333333333, 0.9333333333333333, 0.9], "split1_test_score": [0.9666666666666667, 0.9333333333333333, 0.9333333333333333, 0.9, 0.9], "split2_test_score": [0.8666666666666667, 0.8666666666666667, 0.8666666666666667, 0.8666666666666667, 0.8666666666666667], "mean_test_score": [0.9222222222222222, 0.9111111111111111, 0.9111111111111111, 0.9, 0.888888888888889], "std_test_score": [0.0415739709641549, 0.03142696805273544, 0.03142696805273544, 0.02721655269759086, 0.01571348402636772], "rank_test_score": [1, 2, 2, 4, 5]}, "additional_scores": {}}, {"experiment_name": "Iris_CV", "train_set_name": "train", "train_set_size": 100, "test_set_name": "cv", "test_set_size": "n/a", "featureset": "[\"example_iris_features\"]", "featureset_name": "example_iris", "shuffle": false, "learner_name": "MultinomialNB", "task": "cross_validate", "start_timestamp": "10 Mar 2020 13:18:59.900906", "version": "2.0", "feature_scaling": "none", "folds_file": "", "grid_search": true, "grid_objective": "f1_score_micro", "grid_search_folds": "3", "min_feature_count": 1, "cv_folds": "10", "using_folds_file": false, "save_cv_folds": false, "save_cv_models": true, "use_folds_file_for_grid_search": true, "stratified_folds": true, "scikit_learn_version": "0.22.2.post1", "end_timestamp": "10 Mar 2020 13:19:00.119325", "total_time": "0:00:00.218419", "result_table": "+------------+----------+--------------+-------------+-------------+----------+-------------+\n|            |   setosa |   versicolor |   virginica |   Precision |   Recall |   F-measure |\n+============+==========+==============+=============+=============+==========+=============+\n|     setosa |      [3] |            0 |           0 |       1.000 |    1.000 |       1.000 |\n+------------+----------+--------------+-------------+-------------+----------+-------------+\n| versicolor |        0 |          [3] |           0 |       1.000 |    1.000 |       1.000 |\n+------------+----------+--------------+-------------+-------------+----------+-------------+\n|  virginica |        0 |            0 |         [4] |       1.000 |    1.000 |       1.000 |\n+------------+----------+--------------+-------------+-------------+----------+-------------+\n(row = reference; column = predicted)", "accuracy": 1.0, "pearson": "", "score": 1.0, "fold": 4, "model_params": "{\"alpha\": 0.1, \"class_prior\": null, \"fit_prior\": true}", "grid_score": 0.9111111111111111, "grid_search_cv_results": {"mean_fit_time": [0.0008653004964192709, 0.0008264382680257162, 0.0008440812428792318, 0.0008570353190104166, 0.0008500417073567709], "std_fit_time": [5.8376156027750736e-05, 4.814022147034044e-05, 6.291430175414641e-05, 4.228837416160472e-05, 3.382987040474427e-05], "mean_score_time": [0.0006026426951090494, 0.0005788803100585938, 0.0005906422932942709, 0.0005894502003987631, 0.0005878607432047526], "std_score_time": [3.0918721750087814e-05, 1.1743173938774826e-05, 1.4724585950239135e-05, 8.371476543594165e-06, 9.859760550989039e-06], "param_alpha": [0.1, 0.25, 0.5, 0.75, 1.0], "params": [{"alpha": 0.1}, {"alpha": 0.25}, {"alpha": 0.5}, {"alpha": 0.75}, {"alpha": 1.0}], "split0_test_score": [0.8333333333333334, 0.8333333333333334, 0.8333333333333334, 0.8333333333333334, 0.8333333333333334], "split1_test_score": [1.0, 1.0, 1.0, 1.0, 1.0], "split2_test_score": [0.9, 0.9, 0.9, 0.9, 0.9], "mean_test_score": [0.9111111111111111, 0.9111111111111111, 0.9111111111111111, 0.9111111111111111, 0.9111111111111111], "std_test_score": [0.0684934889218775, 0.0684934889218775, 0.0684934889218775, 0.0684934889218775, 0.0684934889218775], "rank_test_score": [1, 1, 1, 1, 1]}, "additional_scores": {}}, {"experiment_name": "Iris_CV", "train_set_name": "train", "train_set_size": 100, "test_set_name": "cv", "test_set_size": "n/a", "featureset": "[\"example_iris_features\"]", "featureset_name": "example_iris", "shuffle": false, "learner_name": "MultinomialNB", "task": "cross_validate", "start_timestamp": "10 Mar 2020 13:18:59.900906", "version": "2.0", "feature_scaling": "none", "folds_file": "", "grid_search": true, "grid_objective": "f1_score_micro", "grid_search_folds": "3", "min_feature_count": 1, "cv_folds": "10", "using_folds_file": false, "save_cv_folds": false, "save_cv_models": true, "use_folds_file_for_grid_search": true, "stratified_folds": true, "scikit_learn_version": "0.22.2.post1", "end_timestamp": "10 Mar 2020 13:19:00.119325", "total_time": "0:00:00.218419", "result_table": "+------------+----------+--------------+-------------+-------------+----------+-------------+\n|            |   setosa |   versicolor |   virginica |   Precision |   Recall |   F-measure |\n+============+==========+==============+=============+=============+==========+=============+\n|     setosa |      [4] |            0 |           0 |       1.000 |    1.000 |       1.000 |\n+------------+----------+--------------+-------------+-------------+----------+-------------+\n| versicolor |        0 |          [1] |           2 |       0.500 |    0.333 |       0.400 |\n+------------+----------+--------------+-------------+-------------+----------+-------------+\n|  virginica |        0 |            1 |         [2] |       0.500 |    0.667 |       0.571 |\n+------------+----------+--------------+-------------+-------------+----------+-------------+\n(row = reference; column = predicted)", "accuracy": 0.7, "pearson": "", "score": 0.7, "fold": 5, "model_params": "{\"alpha\": 0.1, \"class_prior\": null, \"fit_prior\": true}", "grid_score": 0.9444444444444445, "grid_search_cv_results": {"mean_fit_time": [0.0008595784505208334, 0.0007907549540201823, 0.0008766651153564453, 0.0008180141448974609, 0.000865936279296875], "std_fit_time": [8.13500899967778e-06, 2.585226595917009e-05, 0.00015081942973951834, 9.901310505615249e-06, 3.0293861584510127e-05], "mean_score_time": [0.0006062984466552734, 0.0005686283111572266, 0.0006233056386311849, 0.0005959669748942057, 0.0005887349446614584], "std_score_time": [3.264216504369095e-05, 5.907779547388013e-06, 3.5742824775907555e-05, 1.661115850930392e-05, 6.721919521900973e-06], "param_alpha": [0.1, 0.25, 0.5, 0.75, 1.0], "params": [{"alpha": 0.1}, {"alpha": 0.25}, {"alpha": 0.5}, {"alpha": 0.75}, {"alpha": 1.0}], "split0_test_score": [1.0, 1.0, 1.0, 1.0, 1.0], "split1_test_score": [1.0, 1.0, 1.0, 1.0, 1.0], "split2_test_score": [0.8333333333333334, 0.8333333333333334, 0.8333333333333334, 0.8333333333333334, 0.8333333333333334], "mean_test_score": [0.9444444444444445, 0.9444444444444445, 0.9444444444444445, 0.9444444444444445, 0.9444444444444445], "std_test_score": [0.0785674201318386, 0.0785674201318386, 0.0785674201318386, 0.0785674201318386, 0.0785674201318386], "rank_test_score": [1, 1, 1, 1, 1]}, "additional_scores": {}}, {"experiment_name": "Iris_CV", "train_set_name": "train", "train_set_size": 100, "test_set_name": "cv", "test_set_size": "n/a", "featureset": "[\"example_iris_features\"]", "featureset_name": "example_iris", "shuffle": false, "learner_name": "MultinomialNB", "task": "cross_validate", "start_timestamp": "10 Mar 2020 13:18:59.900906", "version": "2.0", "feature_scaling": "none", "folds_file": "", "grid_search": true, "grid_objective": "f1_score_micro", "grid_search_folds": "3", "min_feature_count": 1, "cv_folds": "10", "using_folds_file": false, "save_cv_folds": false, "save_cv_models": true, "use_folds_file_for_grid_search": true, "stratified_folds": true, "scikit_learn_version": "0.22.2.post1", "end_timestamp": "10 Mar 2020 13:19:00.119325", "total_time": "0:00:00.218419", "result_table": "+------------+----------+--------------+-------------+-------------+----------+-------------+\n|            |   setosa |   versicolor |   virginica |   Precision |   Recall |   F-measure |\n+============+==========+==============+=============+=============+==========+=============+\n|     setosa |      [3] |            0 |           0 |       1.000 |    1.000 |       1.000 |\n+------------+----------+--------------+-------------+-------------+----------+-------------+\n| versicolor |        0 |          [4] |           0 |       1.000 |    1.000 |       1.000 |\n+------------+----------+--------------+-------------+-------------+----------+-------------+\n|  virginica |        0 |            0 |         [3] |       1.000 |    1.000 |       1.000 |\n+------------+----------+--------------+-------------+-------------+----------+-------------+\n(row = reference; column = predicted)", "accuracy": 1.0, "pearson": "", "score": 1.0, "fold": 6, "model_params": "{\"alpha\": 0.1, \"class_prior\": null, \"fit_prior\": true}", "grid_score": 0.9444444444444445, "grid_search_cv_results": {"mean_fit_time": [0.0009250640869140625, 0.0008540153503417969, 0.0008556048075358073, 0.0010561148325602214, 0.0008947054545084635], "std_fit_time": [7.519325366029657e-06, 7.621940309117213e-05, 6.248335955821716e-05, 0.00017379840447445232, 2.8958671283711753e-05], "mean_score_time": [0.0006528695424397787, 0.0005954106648763021, 0.0006852944691975912, 0.0008052984873453776, 0.0005899270375569662], "std_score_time": [7.642331017018685e-05, 2.6452168577166424e-05, 0.00013839841991026856, 8.319324329482861e-05, 1.0209092342074588e-05], "param_alpha": [0.1, 0.25, 0.5, 0.75, 1.0], "params": [{"alpha": 0.1}, {"alpha": 0.25}, {"alpha": 0.5}, {"alpha": 0.75}, {"alpha": 1.0}], "split0_test_score": [0.9333333333333333, 0.9333333333333333, 0.9333333333333333, 0.9333333333333333, 0.9333333333333333], "split1_test_score": [0.9333333333333333, 0.9333333333333333, 0.9333333333333333, 0.9333333333333333, 0.9333333333333333], "split2_test_score": [0.9666666666666667, 0.9666666666666667, 0.9666666666666667, 0.9666666666666667, 0.9666666666666667], "mean_test_score": [0.9444444444444445, 0.9444444444444445, 0.9444444444444445, 0.9444444444444445, 0.9444444444444445], "std_test_score": [0.01571348402636772, 0.01571348402636772, 0.01571348402636772, 0.01571348402636772, 0.01571348402636772], "rank_test_score": [1, 1, 1, 1, 1]}, "additional_scores": {}}, {"experiment_name": "Iris_CV", "train_set_name": "train", "train_set_size": 100, "test_set_name": "cv", "test_set_size": "n/a", "featureset": "[\"example_iris_features\"]", "featureset_name": "example_iris", "shuffle": false, "learner_name": "MultinomialNB", "task": "cross_validate", "start_timestamp": "10 Mar 2020 13:18:59.900906", "version": "2.0", "feature_scaling": "none", "folds_file": "", "grid_search": true, "grid_objective": "f1_score_micro", "grid_search_folds": "3", "min_feature_count": 1, "cv_folds": "10", "using_folds_file": false, "save_cv_folds": false, "save_cv_models": true, "use_folds_file_for_grid_search": true, "stratified_folds": true, "scikit_learn_version": "0.22.2.post1", "end_timestamp": "10 Mar 2020 13:19:00.119325", "total_time": "0:00:00.218419", "result_table": "+------------+----------+--------------+-------------+-------------+----------+-------------+\n|            |   setosa |   versicolor |   virginica |   Precision |   Recall |   F-measure |\n+============+==========+==============+=============+=============+==========+=============+\n|     setosa |      [3] |            0 |           0 |       1.000 |    1.000 |       1.000 |\n+------------+----------+--------------+-------------+-------------+----------+-------------+\n| versicolor |        0 |          [4] |           0 |       1.000 |    1.000 |       1.000 |\n+------------+----------+--------------+-------------+-------------+----------+-------------+\n|  virginica |        0 |            0 |         [3] |       1.000 |    1.000 |       1.000 |\n+------------+----------+--------------+-------------+-------------+----------+-------------+\n(row = reference; column = predicted)", "accuracy": 1.0, "pearson": "", "score": 1.0, "fold": 7, "model_params": "{\"alpha\": 0.1, \"class_prior\": null, \"fit_prior\": true}", "grid_score": 0.9111111111111111, "grid_search_cv_results": {"mean_fit_time": [0.0008823871612548828, 0.0008046627044677734, 0.0008694330851236979, 0.0008278687795003256, 0.0008465449015299479], "std_fit_time": [1.0416099980270714e-05, 5.6898682566457195e-05, 8.647669703660657e-05, 4.341284524201604e-06, 4.5619359789350254e-05], "mean_score_time": [0.0005846023559570312, 0.0005903244018554688, 0.0005935827891031901, 0.0005768934885660807, 0.000591437021891276], "std_score_time": [1.1903432085483054e-05, 2.468831773609043e-05, 3.0783604725455746e-05, 1.2363075563195582e-06, 1.4715575493943912e-05], "param_alpha": [0.1, 0.25, 0.5, 0.75, 1.0], "params": [{"alpha": 0.1}, {"alpha": 0.25}, {"alpha": 0.5}, {"alpha": 0.75}, {"alpha": 1.0}], "split0_test_score": [0.8666666666666667, 0.8666666666666667, 0.8666666666666667, 0.8666666666666667, 0.8666666666666667], "split1_test_score": [0.9333333333333333, 0.9333333333333333, 0.9333333333333333, 0.9333333333333333, 0.9333333333333333], "split2_test_score": [0.9333333333333333, 0.9333333333333333, 0.9333333333333333, 0.9333333333333333, 0.9333333333333333], "mean_test_score": [0.9111111111111111, 0.9111111111111111, 0.9111111111111111, 0.9111111111111111, 0.9111111111111111], "std_test_score": [0.03142696805273544, 0.03142696805273544, 0.03142696805273544, 0.03142696805273544, 0.03142696805273544], "rank_test_score": [1, 1, 1, 1, 1]}, "additional_scores": {}}, {"experiment_name": "Iris_CV", "train_set_name": "train", "train_set_size": 100, "test_set_name": "cv", "test_set_size": "n/a", "featureset": "[\"example_iris_features\"]", "featureset_name": "example_iris", "shuffle": false, "learner_name": "MultinomialNB", "task": "cross_validate", "start_timestamp": "10 Mar 2020 13:18:59.900906", "version": "2.0", "feature_scaling": "none", "folds_file": "", "grid_search": true, "grid_objective": "f1_score_micro", "grid_search_folds": "3", "min_feature_count": 1, "cv_folds": "10", "using_folds_file": false, "save_cv_folds": false, "save_cv_models": true, "use_folds_file_for_grid_search": true, "stratified_folds": true, "scikit_learn_version": "0.22.2.post1", "end_timestamp": "10 Mar 2020 13:19:00.119325", "total_time": "0:00:00.218419", "result_table": "+------------+----------+--------------+-------------+-------------+----------+-------------+\n|            |   setosa |   versicolor |   virginica |   Precision |   Recall |   F-measure |\n+============+==========+==============+=============+=============+==========+=============+\n|     setosa |      [3] |            0 |           0 |       1.000 |    1.000 |       1.000 |\n+------------+----------+--------------+-------------+-------------+----------+-------------+\n| versicolor |        0 |          [4] |           0 |       1.000 |    1.000 |       1.000 |\n+------------+----------+--------------+-------------+-------------+----------+-------------+\n|  virginica |        0 |            0 |         [3] |       1.000 |    1.000 |       1.000 |\n+------------+----------+--------------+-------------+-------------+----------+-------------+\n(row = reference; column = predicted)", "accuracy": 1.0, "pearson": "", "score": 1.0, "fold": 8, "model_params": "{\"alpha\": 0.1, \"class_prior\": null, \"fit_prior\": true}", "grid_score": 0.9, "grid_search_cv_results": {"mean_fit_time": [0.000854333241780599, 0.000835418701171875, 0.0008397102355957031, 0.0008496443430582682, 0.0008190472920735677], "std_fit_time": [5.6777115205687e-05, 5.646276825486092e-05, 6.411760783485245e-05, 3.7736137395860306e-05, 2.627392453586846e-05], "mean_score_time": [0.0006036758422851562, 0.0005852381388346354, 0.0005819002787272135, 0.0006100336710611979, 0.0005775292714436849], "std_score_time": [1.8022299946750886e-05, 1.1304717487401195e-05, 4.5459587243636736e-06, 4.174269873903092e-05, 7.655014625071862e-06], "param_alpha": [0.1, 0.25, 0.5, 0.75, 1.0], "params": [{"alpha": 0.1}, {"alpha": 0.25}, {"alpha": 0.5}, {"alpha": 0.75}, {"alpha": 1.0}], "split0_test_score": [0.9, 0.9, 0.9, 0.9, 0.9], "split1_test_score": [0.9666666666666667, 0.9666666666666667, 0.9666666666666667, 0.9666666666666667, 0.9666666666666667], "split2_test_score": [0.8333333333333334, 0.8333333333333334, 0.8333333333333334, 0.8333333333333334, 0.8333333333333334], "mean_test_score": [0.9, 0.9, 0.9, 0.9, 0.9], "std_test_score": [0.05443310539518172, 0.05443310539518172, 0.05443310539518172, 0.05443310539518172, 0.05443310539518172], "rank_test_score": [1, 1, 1, 1, 1]}, "additional_scores": {}}, {"experiment_name": "Iris_CV", "train_set_name": "train", "train_set_size": 100, "test_set_name": "cv", "test_set_size": "n/a", "featureset": "[\"example_iris_features\"]", "featureset_name": "example_iris", "shuffle": false, "learner_name": "MultinomialNB", "task": "cross_validate", "start_timestamp": "10 Mar 2020 13:18:59.900906", "version": "2.0", "feature_scaling": "none", "folds_file": "", "grid_search": true, "grid_objective": "f1_score_micro", "grid_search_folds": "3", "min_feature_count": 1, "cv_folds": "10", "using_folds_file": false, "save_cv_folds": false, "save_cv_models": true, "use_folds_file_for_grid_search": true, "stratified_folds": true, "scikit_learn_version": "0.22.2.post1", "end_timestamp": "10 Mar 2020 13:19:00.119325", "total_time": "0:00:00.218419", "result_table": "+------------+----------+--------------+-------------+-------------+----------+-------------+\n|            |   setosa |   versicolor |   virginica |   Precision |   Recall |   F-measure |\n+============+==========+==============+=============+=============+==========+=============+\n|     setosa |      [3] |            0 |           0 |       1.000 |    1.000 |       1.000 |\n+------------+----------+--------------+-------------+-------------+----------+-------------+\n| versicolor |        0 |          [3] |           1 |       1.000 |    0.750 |       0.857 |\n+------------+----------+--------------+-------------+-------------+----------+-------------+\n|  virginica |        0 |            0 |         [3] |       0.750 |    1.000 |       0.857 |\n+------------+----------+--------------+-------------+-------------+----------+-------------+\n(row = reference; column = predicted)", "accuracy": 0.9, "pearson": "", "score": 0.9, "fold": 9, "model_params": "{\"alpha\": 0.1, \"class_prior\": null, \"fit_prior\": true}", "grid_score": 0.9333333333333332, "grid_search_cv_results": {"mean_fit_time": [0.0009483496348063151, 0.0010193188985188801, 0.0008777777353922526, 0.0009233951568603516, 0.0009474754333496094], "std_fit_time": [0.00019073847263947734, 6.022648159233272e-05, 4.282267301699562e-05, 1.2030101596396316e-05, 5.948467897585185e-05], "mean_score_time": [0.0006008942921956381, 0.0006703535715738932, 0.0006105899810791016, 0.0006688435872395834, 0.0006278355916341146], "std_score_time": [3.8296848822127035e-05, 4.1970850441166e-05, 2.1277661606014155e-05, 8.122864967690193e-05, 5.1025784597189044e-05], "param_alpha": [0.1, 0.25, 0.5, 0.75, 1.0], "params": [{"alpha": 0.1}, {"alpha": 0.25}, {"alpha": 0.5}, {"alpha": 0.75}, {"alpha": 1.0}], "split0_test_score": [0.9333333333333333, 0.9333333333333333, 0.9333333333333333, 0.9333333333333333, 0.9], "split1_test_score": [0.9666666666666667, 0.9666666666666667, 0.9666666666666667, 0.9666666666666667, 0.9666666666666667], "split2_test_score": [0.9, 0.9, 0.9, 0.9, 0.9], "mean_test_score": [0.9333333333333332, 0.9333333333333332, 0.9333333333333332, 0.9333333333333332, 0.9222222222222222], "std_test_score": [0.02721655269759086, 0.02721655269759086, 0.02721655269759086, 0.02721655269759086, 0.03142696805273544], "rank_test_score": [1, 1, 1, 1, 5]}, "additional_scores": {}}, {"experiment_name": "Iris_CV", "train_set_name": "train", "train_set_size": 100, "test_set_name": "cv", "test_set_size": "n/a", "featureset": "[\"example_iris_features\"]", "featureset_name": "example_iris", "shuffle": false, "learner_name": "MultinomialNB", "task": "cross_validate", "start_timestamp": "10 Mar 2020 13:18:59.900906", "version": "2.0", "feature_scaling": "none", "folds_file": "", "grid_search": true, "grid_objective": "f1_score_micro", "grid_search_folds": "3", "min_feature_count": 1, "cv_folds": "10", "using_folds_file": false, "save_cv_folds": false, "save_cv_models": true, "use_folds_file_for_grid_search": true, "stratified_folds": true, "scikit_learn_version": "0.22.2.post1", "end_timestamp": "10 Mar 2020 13:19:00.119325", "total_time": "0:00:00.218419", "result_table": "+------------+----------+--------------+-------------+-------------+----------+-------------+\n|            |   setosa |   versicolor |   virginica |   Precision |   Recall |   F-measure |\n+============+==========+==============+=============+=============+==========+=============+\n|     setosa |      [3] |            0 |           0 |       1.000 |    1.000 |       1.000 |\n+------------+----------+--------------+-------------+-------------+----------+-------------+\n| versicolor |        0 |          [4] |           0 |       1.000 |    1.000 |       1.000 |\n+------------+----------+--------------+-------------+-------------+----------+-------------+\n|  virginica |        0 |            0 |         [3] |       1.000 |    1.000 |       1.000 |\n+------------+----------+--------------+-------------+-------------+----------+-------------+\n(row = reference; column = predicted)", "accuracy": 1.0, "pearson": "", "score": 1.0, "fold": 10, "model_params": "{\"alpha\": 0.1, \"class_prior\": null, \"fit_prior\": true}", "grid_score": 0.888888888888889, "grid_search_cv_results": {"mean_fit_time": [0.0008927186330159506, 0.0008513927459716797, 0.0010132789611816406, 0.0010610421498616536, 0.0009486675262451172], "std_fit_time": [1.7100151417190854e-05, 2.1758444059384923e-05, 0.0001686791929844249, 0.00011800946318423158, 0.00016193320154759554], "mean_score_time": [0.0005969206492106119, 0.0006019274393717448, 0.0008020401000976562, 0.0006229877471923828, 0.0006706714630126953], "std_score_time": [8.827571088512333e-06, 7.349413567668211e-06, 0.00014434441782769234, 4.2612721899712356e-05, 4.926560969397193e-05], "param_alpha": [0.1, 0.25, 0.5, 0.75, 1.0], "params": [{"alpha": 0.1}, {"alpha": 0.25}, {"alpha": 0.5}, {"alpha": 0.75}, {"alpha": 1.0}], "split0_test_score": [0.8666666666666667, 0.8666666666666667, 0.8666666666666667, 0.8666666666666667, 0.8666666666666667], "split1_test_score": [0.9333333333333333, 0.9333333333333333, 0.9333333333333333, 0.9333333333333333, 0.9333333333333333], "split2_test_score": [0.8666666666666667, 0.8666666666666667, 0.8666666666666667, 0.8666666666666667, 0.8666666666666667], "mean_test_score": [0.888888888888889, 0.888888888888889, 0.888888888888889, 0.888888888888889, 0.888888888888889], "std_test_score": [0.03142696805273544, 0.03142696805273544, 0.03142696805273544, 0.03142696805273544, 0.03142696805273544], "rank_test_score": [1, 1, 1, 1, 1]}, "additional_scores": {}}, {"experiment_name": "Iris_CV", "train_set_name": "train", "train_set_size": 100, "test_set_name": "cv", "test_set_size": "n/a", "featureset": "[\"example_iris_features\"]", "featureset_name": "example_iris", "shuffle": false, "learner_name": "MultinomialNB", "task": "cross_validate", "start_timestamp": "10 Mar 2020 13:18:59.900906", "version": "2.0", "feature_scaling": "none", "folds_file": "", "grid_search": true, "grid_objective": "f1_score_micro", "grid_search_folds": "3", "min_feature_count": 1, "cv_folds": "10", "using_folds_file": false, "save_cv_folds": false, "save_cv_models": true, "use_folds_file_for_grid_search": true, "stratified_folds": true, "scikit_learn_version": "0.22.2.post1", "end_timestamp": "10 Mar 2020 13:19:00.119325", "total_time": "0:00:00.218419", "fold": "average", "result_table": "+------------+-------------+----------+-------------+\n| Label      |   Precision |   Recall |   F-measure |\n|------------+-------------+----------+-------------|\n| setosa     |       1.000 |    1.000 |       1.000 |\n| versicolor |       0.885 |    0.908 |       0.886 |\n| virginica  |       0.925 |    0.892 |       0.895 |\n+------------+-------------+----------+-------------+", "accuracy": 0.93, "score": 0.93, "additional_scores": {}}]