[{"experiment_name": "Iris_Voting_Evaluate", "train_set_name": "train", "train_set_size": 100, "test_set_name": "test", "test_set_size": 50, "featureset": "[\"example_iris_features\"]", "featureset_name": "example_iris", "shuffle": false, "learner_name": "VotingClassifier", "task": "evaluate", "start_timestamp": "15 Feb 2021 15:56:57.241660", "version": "2.5.0", "feature_scaling": "none", "folds_file": "", "grid_search": true, "grid_objective": "accuracy", "grid_search_folds": "3", "min_feature_count": 1, "cv_folds": "None", "using_folds_file": false, "save_cv_folds": false, "save_cv_models": false, "use_folds_file_for_grid_search": true, "stratified_folds": true, "scikit_learn_version": "0.24.1", "end_timestamp": "15 Feb 2021 15:56:58.059003", "total_time": "0:00:00.817343", "result_table": "+------------+----------+--------------+-------------+-------------+----------+-------------+\n|            |   setosa |   versicolor |   virginica |   Precision |   Recall |   F-measure |\n+============+==========+==============+=============+=============+==========+=============+\n|     setosa |     [19] |            0 |           0 |       1.000 |    1.000 |       1.000 |\n+------------+----------+--------------+-------------+-------------+----------+-------------+\n| versicolor |        0 |         [15] |           0 |       0.938 |    1.000 |       0.968 |\n+------------+----------+--------------+-------------+-------------+----------+-------------+\n|  virginica |        0 |            1 |        [15] |       1.000 |    0.938 |       0.968 |\n+------------+----------+--------------+-------------+-------------+----------+-------------+\n(row = reference; column = predicted)", "accuracy": 0.98, "pearson": "", "score": 0.98, "fold": "", "model_params": "{\"estimators\": [[\"SVC\", \"{'vectorizer': DictVectorizer(), 'selector': SelectByMinCount(), 'scaler': StandardScaler(copy=False, with_mean=False, with_std=False), 'estimator': SVC(C=0.001, cache_size=1000, probability=True, random_state=123456789)}\"], [\"LogisticRegression\", \"{'vectorizer': DictVectorizer(), 'selector': SelectByMinCount(), 'scaler': StandardScaler(copy=False, with_mean=False, with_std=False), 'estimator': LogisticRegression(C=100.0, max_iter=1000, random_state=123456789, solver='liblinear')}\"], [\"MultinomialNB\", \"{'vectorizer': DictVectorizer(), 'selector': SelectByMinCount(), 'scaler': StandardScaler(copy=False, with_mean=False, with_std=False), 'estimator': MultinomialNB(alpha=0.01, fit_prior=False)}\"]], \"flatten_transform\": true, \"n_jobs\": null, \"verbose\": false, \"voting\": \"soft\", \"weights\": null}", "additional_scores": {}}]