[{"experiment_name": "Iris_CV", "train_set_name": "train", "train_set_size": 100, "test_set_name": "cv", "test_set_size": "n/a", "featureset": "[\"example_iris_features\"]", "featureset_name": "example_iris", "shuffle": false, "learner_name": "RandomForestClassifier", "task": "cross_validate", "start_timestamp": "10 Mar 2020 13:18:24.100561", "version": "2.0", "feature_scaling": "none", "folds_file": "", "grid_search": true, "grid_objective": "f1_score_micro", "grid_search_folds": "3", "min_feature_count": 1, "cv_folds": "10", "using_folds_file": false, "save_cv_folds": false, "save_cv_models": true, "use_folds_file_for_grid_search": true, "stratified_folds": true, "scikit_learn_version": "0.22.2.post1", "end_timestamp": "10 Mar 2020 13:18:58.442778", "total_time": "0:00:34.342217", "result_table": "+------------+----------+--------------+-------------+-------------+----------+-------------+\n|            |   setosa |   versicolor |   virginica |   Precision |   Recall |   F-measure |\n+============+==========+==============+=============+=============+==========+=============+\n|     setosa |      [3] |            0 |           0 |       1.000 |    1.000 |       1.000 |\n+------------+----------+--------------+-------------+-------------+----------+-------------+\n| versicolor |        0 |          [3] |           0 |       1.000 |    1.000 |       1.000 |\n+------------+----------+--------------+-------------+-------------+----------+-------------+\n|  virginica |        0 |            0 |         [4] |       1.000 |    1.000 |       1.000 |\n+------------+----------+--------------+-------------+-------------+----------+-------------+\n(row = reference; column = predicted)", "accuracy": 1.0, "pearson": "", "score": 1.0, "fold": 1, "model_params": "{\"bootstrap\": true, \"ccp_alpha\": 0.0, \"class_weight\": null, \"criterion\": \"gini\", \"max_depth\": 5, \"max_features\": \"auto\", \"max_leaf_nodes\": null, \"max_samples\": null, \"min_impurity_decrease\": 0.0, \"min_impurity_split\": null, \"min_samples_leaf\": 1, \"min_samples_split\": 2, \"min_weight_fraction_leaf\": 0.0, \"n_estimators\": 500, \"n_jobs\": null, \"oob_score\": false, \"random_state\": 123456789, \"verbose\": 0, \"warm_start\": false}", "grid_score": 0.9444444444444445, "grid_search_cv_results": {"mean_fit_time": [0.5765403906504313, 0.6144630114237467, 0.6092023054758707, 0.5695583820343018], "std_fit_time": [0.00102619319548334, 0.0009609168007698194, 0.0010957687173797919, 0.0013660224895287389], "mean_score_time": [0.04050461451212565, 0.06016945838928223, 0.03973237673441569, 0.03799295425415039], "std_score_time": [0.00013574266877032363, 0.0009002253865881206, 0.00019911975352387864, 2.2920446704014904e-05], "param_max_depth": [1, 5, 10, null], "params": [{"max_depth": 1}, {"max_depth": 5}, {"max_depth": 10}, {"max_depth": null}], "split0_test_score": [0.9666666666666667, 1.0, 1.0, 1.0], "split1_test_score": [0.9333333333333333, 0.9333333333333333, 0.9333333333333333, 0.9333333333333333], "split2_test_score": [0.8666666666666667, 0.9, 0.9, 0.9], "mean_test_score": [0.9222222222222222, 0.9444444444444445, 0.9444444444444445, 0.9444444444444445], "std_test_score": [0.0415739709641549, 0.0415739709641549, 0.0415739709641549, 0.0415739709641549], "rank_test_score": [4, 1, 1, 1]}, "additional_scores": {}}, {"experiment_name": "Iris_CV", "train_set_name": "train", "train_set_size": 100, "test_set_name": "cv", "test_set_size": "n/a", "featureset": "[\"example_iris_features\"]", "featureset_name": "example_iris", "shuffle": false, "learner_name": "RandomForestClassifier", "task": "cross_validate", "start_timestamp": "10 Mar 2020 13:18:24.100561", "version": "2.0", "feature_scaling": "none", "folds_file": "", "grid_search": true, "grid_objective": "f1_score_micro", "grid_search_folds": "3", "min_feature_count": 1, "cv_folds": "10", "using_folds_file": false, "save_cv_folds": false, "save_cv_models": true, "use_folds_file_for_grid_search": true, "stratified_folds": true, "scikit_learn_version": "0.22.2.post1", "end_timestamp": "10 Mar 2020 13:18:58.442778", "total_time": "0:00:34.342217", "result_table": "+------------+----------+--------------+-------------+-------------+----------+-------------+\n|            |   setosa |   versicolor |   virginica |   Precision |   Recall |   F-measure |\n+============+==========+==============+=============+=============+==========+=============+\n|     setosa |      [3] |            0 |           0 |       1.000 |    1.000 |       1.000 |\n+------------+----------+--------------+-------------+-------------+----------+-------------+\n| versicolor |        0 |          [2] |           1 |       0.667 |    0.667 |       0.667 |\n+------------+----------+--------------+-------------+-------------+----------+-------------+\n|  virginica |        0 |            1 |         [3] |       0.750 |    0.750 |       0.750 |\n+------------+----------+--------------+-------------+-------------+----------+-------------+\n(row = reference; column = predicted)", "accuracy": 0.8, "pearson": "", "score": 0.8000000000000002, "fold": 2, "model_params": "{\"bootstrap\": true, \"ccp_alpha\": 0.0, \"class_weight\": null, \"criterion\": \"gini\", \"max_depth\": 5, \"max_features\": \"auto\", \"max_leaf_nodes\": null, \"max_samples\": null, \"min_impurity_decrease\": 0.0, \"min_impurity_split\": null, \"min_samples_leaf\": 1, \"min_samples_split\": 2, \"min_weight_fraction_leaf\": 0.0, \"n_estimators\": 500, \"n_jobs\": null, \"oob_score\": false, \"random_state\": 123456789, \"verbose\": 0, \"warm_start\": false}", "grid_score": 0.9555555555555556, "grid_search_cv_results": {"mean_fit_time": [0.5433262983957926, 0.6116282939910889, 0.5999952952067057, 0.5775333245595297], "std_fit_time": [0.001157860551507124, 0.001859171885563139, 0.005105198055001611, 0.003942415602132717], "mean_score_time": [0.03875939051310221, 0.053903818130493164, 0.041622559229532875, 0.03958932558695475], "std_score_time": [0.0017995482713790043, 0.0016389591072507178, 0.0007029692010299245, 9.907362221249857e-05], "param_max_depth": [1, 5, 10, null], "params": [{"max_depth": 1}, {"max_depth": 5}, {"max_depth": 10}, {"max_depth": null}], "split0_test_score": [0.9666666666666667, 1.0, 1.0, 1.0], "split1_test_score": [0.9333333333333333, 0.9333333333333333, 0.9333333333333333, 0.9333333333333333], "split2_test_score": [0.9333333333333333, 0.9333333333333333, 0.9333333333333333, 0.9333333333333333], "mean_test_score": [0.9444444444444443, 0.9555555555555556, 0.9555555555555556, 0.9555555555555556], "std_test_score": [0.01571348402636772, 0.03142696805273544, 0.03142696805273544, 0.03142696805273544], "rank_test_score": [4, 1, 1, 1]}, "additional_scores": {}}, {"experiment_name": "Iris_CV", "train_set_name": "train", "train_set_size": 100, "test_set_name": "cv", "test_set_size": "n/a", "featureset": "[\"example_iris_features\"]", "featureset_name": "example_iris", "shuffle": false, "learner_name": "RandomForestClassifier", "task": "cross_validate", "start_timestamp": "10 Mar 2020 13:18:24.100561", "version": "2.0", "feature_scaling": "none", "folds_file": "", "grid_search": true, "grid_objective": "f1_score_micro", "grid_search_folds": "3", "min_feature_count": 1, "cv_folds": "10", "using_folds_file": false, "save_cv_folds": false, "save_cv_models": true, "use_folds_file_for_grid_search": true, "stratified_folds": true, "scikit_learn_version": "0.22.2.post1", "end_timestamp": "10 Mar 2020 13:18:58.442778", "total_time": "0:00:34.342217", "result_table": "+------------+----------+--------------+-------------+-------------+----------+-------------+\n|            |   setosa |   versicolor |   virginica |   Precision |   Recall |   F-measure |\n+============+==========+==============+=============+=============+==========+=============+\n|     setosa |      [3] |            0 |           0 |       1.000 |    1.000 |       1.000 |\n+------------+----------+--------------+-------------+-------------+----------+-------------+\n| versicolor |        0 |          [3] |           0 |       1.000 |    1.000 |       1.000 |\n+------------+----------+--------------+-------------+-------------+----------+-------------+\n|  virginica |        0 |            0 |         [4] |       1.000 |    1.000 |       1.000 |\n+------------+----------+--------------+-------------+-------------+----------+-------------+\n(row = reference; column = predicted)", "accuracy": 1.0, "pearson": "", "score": 1.0, "fold": 3, "model_params": "{\"bootstrap\": true, \"ccp_alpha\": 0.0, \"class_weight\": null, \"criterion\": \"gini\", \"max_depth\": 1, \"max_features\": \"auto\", \"max_leaf_nodes\": null, \"max_samples\": null, \"min_impurity_decrease\": 0.0, \"min_impurity_split\": null, \"min_samples_leaf\": 1, \"min_samples_split\": 2, \"min_weight_fraction_leaf\": 0.0, \"n_estimators\": 500, \"n_jobs\": null, \"oob_score\": false, \"random_state\": 123456789, \"verbose\": 0, \"warm_start\": false}", "grid_score": 0.9444444444444443, "grid_search_cv_results": {"mean_fit_time": [0.5534956455230713, 0.5682902336120605, 0.5998858610788981, 0.5812164147694906], "std_fit_time": [0.0006707728658800407, 0.002329071899407254, 0.00195530878157023, 0.0005442361199081986], "mean_score_time": [0.03809277216593424, 0.0522303581237793, 0.04031078020731608, 0.0408333937327067], "std_score_time": [0.00013259464930760067, 0.0011020025678954556, 0.00014550766596628514, 0.0003755546135402418], "param_max_depth": [1, 5, 10, null], "params": [{"max_depth": 1}, {"max_depth": 5}, {"max_depth": 10}, {"max_depth": null}], "split0_test_score": [1.0, 1.0, 1.0, 1.0], "split1_test_score": [0.9, 0.9, 0.9, 0.9], "split2_test_score": [0.9333333333333333, 0.9333333333333333, 0.9333333333333333, 0.9333333333333333], "mean_test_score": [0.9444444444444443, 0.9444444444444443, 0.9444444444444443, 0.9444444444444443], "std_test_score": [0.0415739709641549, 0.0415739709641549, 0.0415739709641549, 0.0415739709641549], "rank_test_score": [1, 1, 1, 1]}, "additional_scores": {}}, {"experiment_name": "Iris_CV", "train_set_name": "train", "train_set_size": 100, "test_set_name": "cv", "test_set_size": "n/a", "featureset": "[\"example_iris_features\"]", "featureset_name": "example_iris", "shuffle": false, "learner_name": "RandomForestClassifier", "task": "cross_validate", "start_timestamp": "10 Mar 2020 13:18:24.100561", "version": "2.0", "feature_scaling": "none", "folds_file": "", "grid_search": true, "grid_objective": "f1_score_micro", "grid_search_folds": "3", "min_feature_count": 1, "cv_folds": "10", "using_folds_file": false, "save_cv_folds": false, "save_cv_models": true, "use_folds_file_for_grid_search": true, "stratified_folds": true, "scikit_learn_version": "0.22.2.post1", "end_timestamp": "10 Mar 2020 13:18:58.442778", "total_time": "0:00:34.342217", "result_table": "+------------+----------+--------------+-------------+-------------+----------+-------------+\n|            |   setosa |   versicolor |   virginica |   Precision |   Recall |   F-measure |\n+============+==========+==============+=============+=============+==========+=============+\n|     setosa |      [3] |            0 |           0 |       1.000 |    1.000 |       1.000 |\n+------------+----------+--------------+-------------+-------------+----------+-------------+\n| versicolor |        0 |          [3] |           0 |       1.000 |    1.000 |       1.000 |\n+------------+----------+--------------+-------------+-------------+----------+-------------+\n|  virginica |        0 |            0 |         [4] |       1.000 |    1.000 |       1.000 |\n+------------+----------+--------------+-------------+-------------+----------+-------------+\n(row = reference; column = predicted)", "accuracy": 1.0, "pearson": "", "score": 1.0, "fold": 4, "model_params": "{\"bootstrap\": true, \"ccp_alpha\": 0.0, \"class_weight\": null, \"criterion\": \"gini\", \"max_depth\": 5, \"max_features\": \"auto\", \"max_leaf_nodes\": null, \"max_samples\": null, \"min_impurity_decrease\": 0.0, \"min_impurity_split\": null, \"min_samples_leaf\": 1, \"min_samples_split\": 2, \"min_weight_fraction_leaf\": 0.0, \"n_estimators\": 500, \"n_jobs\": null, \"oob_score\": false, \"random_state\": 123456789, \"verbose\": 0, \"warm_start\": false}", "grid_score": 0.9333333333333332, "grid_search_cv_results": {"mean_fit_time": [0.5790379842122396, 0.5825386047363281, 0.5967001914978027, 0.5755562782287598], "std_fit_time": [0.0012752810827672124, 0.003927795214787163, 0.0031854772930029144, 0.0005494642596807542], "mean_score_time": [0.03998827934265137, 0.048125664393107094, 0.03946423530578613, 0.040570974349975586], "std_score_time": [0.0007353782385841483, 0.0013066230627037238, 0.00037808170402786563, 0.0003553384509399787], "param_max_depth": [1, 5, 10, null], "params": [{"max_depth": 1}, {"max_depth": 5}, {"max_depth": 10}, {"max_depth": null}], "split0_test_score": [0.9666666666666667, 0.9666666666666667, 0.9666666666666667, 0.9666666666666667], "split1_test_score": [0.9, 0.9, 0.9, 0.9], "split2_test_score": [0.9, 0.9333333333333333, 0.9333333333333333, 0.9333333333333333], "mean_test_score": [0.9222222222222222, 0.9333333333333332, 0.9333333333333332, 0.9333333333333332], "std_test_score": [0.03142696805273544, 0.02721655269759086, 0.02721655269759086, 0.02721655269759086], "rank_test_score": [4, 1, 1, 1]}, "additional_scores": {}}, {"experiment_name": "Iris_CV", "train_set_name": "train", "train_set_size": 100, "test_set_name": "cv", "test_set_size": "n/a", "featureset": "[\"example_iris_features\"]", "featureset_name": "example_iris", "shuffle": false, "learner_name": "RandomForestClassifier", "task": "cross_validate", "start_timestamp": "10 Mar 2020 13:18:24.100561", "version": "2.0", "feature_scaling": "none", "folds_file": "", "grid_search": true, "grid_objective": "f1_score_micro", "grid_search_folds": "3", "min_feature_count": 1, "cv_folds": "10", "using_folds_file": false, "save_cv_folds": false, "save_cv_models": true, "use_folds_file_for_grid_search": true, "stratified_folds": true, "scikit_learn_version": "0.22.2.post1", "end_timestamp": "10 Mar 2020 13:18:58.442778", "total_time": "0:00:34.342217", "result_table": "+------------+----------+--------------+-------------+-------------+----------+-------------+\n|            |   setosa |   versicolor |   virginica |   Precision |   Recall |   F-measure |\n+============+==========+==============+=============+=============+==========+=============+\n|     setosa |      [4] |            0 |           0 |       1.000 |    1.000 |       1.000 |\n+------------+----------+--------------+-------------+-------------+----------+-------------+\n| versicolor |        0 |          [2] |           1 |       0.500 |    0.667 |       0.571 |\n+------------+----------+--------------+-------------+-------------+----------+-------------+\n|  virginica |        0 |            2 |         [1] |       0.500 |    0.333 |       0.400 |\n+------------+----------+--------------+-------------+-------------+----------+-------------+\n(row = reference; column = predicted)", "accuracy": 0.7, "pearson": "", "score": 0.7, "fold": 5, "model_params": "{\"bootstrap\": true, \"ccp_alpha\": 0.0, \"class_weight\": null, \"criterion\": \"gini\", \"max_depth\": 5, \"max_features\": \"auto\", \"max_leaf_nodes\": null, \"max_samples\": null, \"min_impurity_decrease\": 0.0, \"min_impurity_split\": null, \"min_samples_leaf\": 1, \"min_samples_split\": 2, \"min_weight_fraction_leaf\": 0.0, \"n_estimators\": 500, \"n_jobs\": null, \"oob_score\": false, \"random_state\": 123456789, \"verbose\": 0, \"warm_start\": false}", "grid_score": 0.9666666666666668, "grid_search_cv_results": {"mean_fit_time": [0.539942185084025, 0.57681671778361, 0.6108109951019287, 0.5697499910990397], "std_fit_time": [0.00016732051378438414, 0.0052140400571113075, 0.0023575620039358713, 0.0022237283902339995], "mean_score_time": [0.03873729705810547, 0.05359935760498047, 0.040430704752604164, 0.03823701540629069], "std_score_time": [0.0007414232345396348, 0.0006114593277928466, 0.0017895429859458984, 0.000372480552486137], "param_max_depth": [1, 5, 10, null], "params": [{"max_depth": 1}, {"max_depth": 5}, {"max_depth": 10}, {"max_depth": null}], "split0_test_score": [0.9333333333333333, 0.9666666666666667, 0.9666666666666667, 0.9666666666666667], "split1_test_score": [1.0, 1.0, 1.0, 1.0], "split2_test_score": [0.9333333333333333, 0.9333333333333333, 0.9333333333333333, 0.9333333333333333], "mean_test_score": [0.9555555555555556, 0.9666666666666668, 0.9666666666666668, 0.9666666666666668], "std_test_score": [0.03142696805273544, 0.02721655269759086, 0.02721655269759086, 0.02721655269759086], "rank_test_score": [4, 1, 1, 1]}, "additional_scores": {}}, {"experiment_name": "Iris_CV", "train_set_name": "train", "train_set_size": 100, "test_set_name": "cv", "test_set_size": "n/a", "featureset": "[\"example_iris_features\"]", "featureset_name": "example_iris", "shuffle": false, "learner_name": "RandomForestClassifier", "task": "cross_validate", "start_timestamp": "10 Mar 2020 13:18:24.100561", "version": "2.0", "feature_scaling": "none", "folds_file": "", "grid_search": true, "grid_objective": "f1_score_micro", "grid_search_folds": "3", "min_feature_count": 1, "cv_folds": "10", "using_folds_file": false, "save_cv_folds": false, "save_cv_models": true, "use_folds_file_for_grid_search": true, "stratified_folds": true, "scikit_learn_version": "0.22.2.post1", "end_timestamp": "10 Mar 2020 13:18:58.442778", "total_time": "0:00:34.342217", "result_table": "+------------+----------+--------------+-------------+-------------+----------+-------------+\n|            |   setosa |   versicolor |   virginica |   Precision |   Recall |   F-measure |\n+============+==========+==============+=============+=============+==========+=============+\n|     setosa |      [3] |            0 |           0 |       1.000 |    1.000 |       1.000 |\n+------------+----------+--------------+-------------+-------------+----------+-------------+\n| versicolor |        0 |          [4] |           0 |       1.000 |    1.000 |       1.000 |\n+------------+----------+--------------+-------------+-------------+----------+-------------+\n|  virginica |        0 |            0 |         [3] |       1.000 |    1.000 |       1.000 |\n+------------+----------+--------------+-------------+-------------+----------+-------------+\n(row = reference; column = predicted)", "accuracy": 1.0, "pearson": "", "score": 1.0, "fold": 6, "model_params": "{\"bootstrap\": true, \"ccp_alpha\": 0.0, \"class_weight\": null, \"criterion\": \"gini\", \"max_depth\": 5, \"max_features\": \"auto\", \"max_leaf_nodes\": null, \"max_samples\": null, \"min_impurity_decrease\": 0.0, \"min_impurity_split\": null, \"min_samples_leaf\": 1, \"min_samples_split\": 2, \"min_weight_fraction_leaf\": 0.0, \"n_estimators\": 500, \"n_jobs\": null, \"oob_score\": false, \"random_state\": 123456789, \"verbose\": 0, \"warm_start\": false}", "grid_score": 0.9444444444444443, "grid_search_cv_results": {"mean_fit_time": [0.544799009958903, 0.5710200468699137, 0.6078593730926514, 0.5704076290130615], "std_fit_time": [0.0007221103892582312, 0.006884849936074301, 0.001450408382219053, 0.0016241496867027312], "mean_score_time": [0.03883997599283854, 0.048075596491495766, 0.039893786112467446, 0.039568424224853516], "std_score_time": [3.7619466814963075e-05, 0.0004640067543294725, 0.0005093144812717738, 0.001187309506971182], "param_max_depth": [1, 5, 10, null], "params": [{"max_depth": 1}, {"max_depth": 5}, {"max_depth": 10}, {"max_depth": null}], "split0_test_score": [0.9333333333333333, 0.9666666666666667, 0.9666666666666667, 0.9666666666666667], "split1_test_score": [0.9, 0.9333333333333333, 0.9333333333333333, 0.9333333333333333], "split2_test_score": [0.9333333333333333, 0.9333333333333333, 0.9333333333333333, 0.9333333333333333], "mean_test_score": [0.9222222222222222, 0.9444444444444443, 0.9444444444444443, 0.9444444444444443], "std_test_score": [0.01571348402636772, 0.01571348402636772, 0.01571348402636772, 0.01571348402636772], "rank_test_score": [4, 1, 1, 1]}, "additional_scores": {}}, {"experiment_name": "Iris_CV", "train_set_name": "train", "train_set_size": 100, "test_set_name": "cv", "test_set_size": "n/a", "featureset": "[\"example_iris_features\"]", "featureset_name": "example_iris", "shuffle": false, "learner_name": "RandomForestClassifier", "task": "cross_validate", "start_timestamp": "10 Mar 2020 13:18:24.100561", "version": "2.0", "feature_scaling": "none", "folds_file": "", "grid_search": true, "grid_objective": "f1_score_micro", "grid_search_folds": "3", "min_feature_count": 1, "cv_folds": "10", "using_folds_file": false, "save_cv_folds": false, "save_cv_models": true, "use_folds_file_for_grid_search": true, "stratified_folds": true, "scikit_learn_version": "0.22.2.post1", "end_timestamp": "10 Mar 2020 13:18:58.442778", "total_time": "0:00:34.342217", "result_table": "+------------+----------+--------------+-------------+-------------+----------+-------------+\n|            |   setosa |   versicolor |   virginica |   Precision |   Recall |   F-measure |\n+============+==========+==============+=============+=============+==========+=============+\n|     setosa |      [3] |            0 |           0 |       1.000 |    1.000 |       1.000 |\n+------------+----------+--------------+-------------+-------------+----------+-------------+\n| versicolor |        0 |          [4] |           0 |       0.800 |    1.000 |       0.889 |\n+------------+----------+--------------+-------------+-------------+----------+-------------+\n|  virginica |        0 |            1 |         [2] |       1.000 |    0.667 |       0.800 |\n+------------+----------+--------------+-------------+-------------+----------+-------------+\n(row = reference; column = predicted)", "accuracy": 0.9, "pearson": "", "score": 0.9, "fold": 7, "model_params": "{\"bootstrap\": true, \"ccp_alpha\": 0.0, \"class_weight\": null, \"criterion\": \"gini\", \"max_depth\": 5, \"max_features\": \"auto\", \"max_leaf_nodes\": null, \"max_samples\": null, \"min_impurity_decrease\": 0.0, \"min_impurity_split\": null, \"min_samples_leaf\": 1, \"min_samples_split\": 2, \"min_weight_fraction_leaf\": 0.0, \"n_estimators\": 500, \"n_jobs\": null, \"oob_score\": false, \"random_state\": 123456789, \"verbose\": 0, \"warm_start\": false}", "grid_score": 0.9444444444444443, "grid_search_cv_results": {"mean_fit_time": [0.5373700459798177, 0.57089630762736, 0.6033589839935303, 0.5732737382253011], "std_fit_time": [0.002146021036158865, 0.002291391869096459, 0.003611353408946332, 0.002757290133737178], "mean_score_time": [0.039315223693847656, 0.05132706960042318, 0.03891905148824056, 0.04480512936909994], "std_score_time": [7.031610241865516e-05, 0.0013561145991400677, 0.0011139859432374704, 0.0013426142048239894], "param_max_depth": [1, 5, 10, null], "params": [{"max_depth": 1}, {"max_depth": 5}, {"max_depth": 10}, {"max_depth": null}], "split0_test_score": [0.9666666666666667, 1.0, 1.0, 1.0], "split1_test_score": [0.9, 0.9, 0.9, 0.9], "split2_test_score": [0.9333333333333333, 0.9333333333333333, 0.9333333333333333, 0.9333333333333333], "mean_test_score": [0.9333333333333332, 0.9444444444444443, 0.9444444444444443, 0.9444444444444443], "std_test_score": [0.02721655269759086, 0.0415739709641549, 0.0415739709641549, 0.0415739709641549], "rank_test_score": [4, 1, 1, 1]}, "additional_scores": {}}, {"experiment_name": "Iris_CV", "train_set_name": "train", "train_set_size": 100, "test_set_name": "cv", "test_set_size": "n/a", "featureset": "[\"example_iris_features\"]", "featureset_name": "example_iris", "shuffle": false, "learner_name": "RandomForestClassifier", "task": "cross_validate", "start_timestamp": "10 Mar 2020 13:18:24.100561", "version": "2.0", "feature_scaling": "none", "folds_file": "", "grid_search": true, "grid_objective": "f1_score_micro", "grid_search_folds": "3", "min_feature_count": 1, "cv_folds": "10", "using_folds_file": false, "save_cv_folds": false, "save_cv_models": true, "use_folds_file_for_grid_search": true, "stratified_folds": true, "scikit_learn_version": "0.22.2.post1", "end_timestamp": "10 Mar 2020 13:18:58.442778", "total_time": "0:00:34.342217", "result_table": "+------------+----------+--------------+-------------+-------------+----------+-------------+\n|            |   setosa |   versicolor |   virginica |   Precision |   Recall |   F-measure |\n+============+==========+==============+=============+=============+==========+=============+\n|     setosa |      [3] |            0 |           0 |       1.000 |    1.000 |       1.000 |\n+------------+----------+--------------+-------------+-------------+----------+-------------+\n| versicolor |        0 |          [4] |           0 |       1.000 |    1.000 |       1.000 |\n+------------+----------+--------------+-------------+-------------+----------+-------------+\n|  virginica |        0 |            0 |         [3] |       1.000 |    1.000 |       1.000 |\n+------------+----------+--------------+-------------+-------------+----------+-------------+\n(row = reference; column = predicted)", "accuracy": 1.0, "pearson": "", "score": 1.0, "fold": 8, "model_params": "{\"bootstrap\": true, \"ccp_alpha\": 0.0, \"class_weight\": null, \"criterion\": \"gini\", \"max_depth\": 1, \"max_features\": \"auto\", \"max_leaf_nodes\": null, \"max_samples\": null, \"min_impurity_decrease\": 0.0, \"min_impurity_split\": null, \"min_samples_leaf\": 1, \"min_samples_split\": 2, \"min_weight_fraction_leaf\": 0.0, \"n_estimators\": 500, \"n_jobs\": null, \"oob_score\": false, \"random_state\": 123456789, \"verbose\": 0, \"warm_start\": false}", "grid_score": 0.9444444444444445, "grid_search_cv_results": {"mean_fit_time": [0.5446027914683024, 0.5947393576304117, 0.5824566682179769, 0.5670116742451986], "std_fit_time": [0.0010713263324295258, 0.002305807552515892, 0.003205800632837297, 0.002741467373398798], "mean_score_time": [0.0403749942779541, 0.04552300771077474, 0.040210723876953125, 0.041366020838419594], "std_score_time": [0.001635372675271436, 0.0008796756964274046, 0.00036035562378052086, 0.000753355863109945], "param_max_depth": [1, 5, 10, null], "params": [{"max_depth": 1}, {"max_depth": 5}, {"max_depth": 10}, {"max_depth": null}], "split0_test_score": [0.9666666666666667, 0.9666666666666667, 0.9666666666666667, 0.9666666666666667], "split1_test_score": [0.9666666666666667, 0.9333333333333333, 0.9333333333333333, 0.9333333333333333], "split2_test_score": [0.9, 0.9, 0.9, 0.9], "mean_test_score": [0.9444444444444445, 0.9333333333333332, 0.9333333333333332, 0.9333333333333332], "std_test_score": [0.03142696805273544, 0.02721655269759086, 0.02721655269759086, 0.02721655269759086], "rank_test_score": [1, 2, 2, 2]}, "additional_scores": {}}, {"experiment_name": "Iris_CV", "train_set_name": "train", "train_set_size": 100, "test_set_name": "cv", "test_set_size": "n/a", "featureset": "[\"example_iris_features\"]", "featureset_name": "example_iris", "shuffle": false, "learner_name": "RandomForestClassifier", "task": "cross_validate", "start_timestamp": "10 Mar 2020 13:18:24.100561", "version": "2.0", "feature_scaling": "none", "folds_file": "", "grid_search": true, "grid_objective": "f1_score_micro", "grid_search_folds": "3", "min_feature_count": 1, "cv_folds": "10", "using_folds_file": false, "save_cv_folds": false, "save_cv_models": true, "use_folds_file_for_grid_search": true, "stratified_folds": true, "scikit_learn_version": "0.22.2.post1", "end_timestamp": "10 Mar 2020 13:18:58.442778", "total_time": "0:00:34.342217", "result_table": "+------------+----------+--------------+-------------+-------------+----------+-------------+\n|            |   setosa |   versicolor |   virginica |   Precision |   Recall |   F-measure |\n+============+==========+==============+=============+=============+==========+=============+\n|     setosa |      [3] |            0 |           0 |       1.000 |    1.000 |       1.000 |\n+------------+----------+--------------+-------------+-------------+----------+-------------+\n| versicolor |        0 |          [2] |           2 |       1.000 |    0.500 |       0.667 |\n+------------+----------+--------------+-------------+-------------+----------+-------------+\n|  virginica |        0 |            0 |         [3] |       0.600 |    1.000 |       0.750 |\n+------------+----------+--------------+-------------+-------------+----------+-------------+\n(row = reference; column = predicted)", "accuracy": 0.8, "pearson": "", "score": 0.8000000000000002, "fold": 9, "model_params": "{\"bootstrap\": true, \"ccp_alpha\": 0.0, \"class_weight\": null, \"criterion\": \"gini\", \"max_depth\": 1, \"max_features\": \"auto\", \"max_leaf_nodes\": null, \"max_samples\": null, \"min_impurity_decrease\": 0.0, \"min_impurity_split\": null, \"min_samples_leaf\": 1, \"min_samples_split\": 2, \"min_weight_fraction_leaf\": 0.0, \"n_estimators\": 500, \"n_jobs\": null, \"oob_score\": false, \"random_state\": 123456789, \"verbose\": 0, \"warm_start\": false}", "grid_score": 0.9555555555555556, "grid_search_cv_results": {"mean_fit_time": [0.539334774017334, 0.5750760237375895, 0.6043200492858887, 0.583687941233317], "std_fit_time": [0.0017391256036290478, 0.001957022512016735, 0.003091219909888182, 0.0018394032401582389], "mean_score_time": [0.03872966766357422, 0.047136147816975914, 0.041325648625691734, 0.04013760884602865], "std_score_time": [0.0016382235316137479, 0.0014686416796006443, 0.0019454820515330863, 0.00014826956469813753], "param_max_depth": [1, 5, 10, null], "params": [{"max_depth": 1}, {"max_depth": 5}, {"max_depth": 10}, {"max_depth": null}], "split0_test_score": [0.9666666666666667, 0.9666666666666667, 0.9666666666666667, 0.9666666666666667], "split1_test_score": [0.9666666666666667, 0.9666666666666667, 0.9666666666666667, 0.9666666666666667], "split2_test_score": [0.9333333333333333, 0.9, 0.9, 0.9], "mean_test_score": [0.9555555555555556, 0.9444444444444445, 0.9444444444444445, 0.9444444444444445], "std_test_score": [0.01571348402636772, 0.03142696805273544, 0.03142696805273544, 0.03142696805273544], "rank_test_score": [1, 2, 2, 2]}, "additional_scores": {}}, {"experiment_name": "Iris_CV", "train_set_name": "train", "train_set_size": 100, "test_set_name": "cv", "test_set_size": "n/a", "featureset": "[\"example_iris_features\"]", "featureset_name": "example_iris", "shuffle": false, "learner_name": "RandomForestClassifier", "task": "cross_validate", "start_timestamp": "10 Mar 2020 13:18:24.100561", "version": "2.0", "feature_scaling": "none", "folds_file": "", "grid_search": true, "grid_objective": "f1_score_micro", "grid_search_folds": "3", "min_feature_count": 1, "cv_folds": "10", "using_folds_file": false, "save_cv_folds": false, "save_cv_models": true, "use_folds_file_for_grid_search": true, "stratified_folds": true, "scikit_learn_version": "0.22.2.post1", "end_timestamp": "10 Mar 2020 13:18:58.442778", "total_time": "0:00:34.342217", "result_table": "+------------+----------+--------------+-------------+-------------+----------+-------------+\n|            |   setosa |   versicolor |   virginica |   Precision |   Recall |   F-measure |\n+============+==========+==============+=============+=============+==========+=============+\n|     setosa |      [3] |            0 |           0 |       1.000 |    1.000 |       1.000 |\n+------------+----------+--------------+-------------+-------------+----------+-------------+\n| versicolor |        0 |          [4] |           0 |       1.000 |    1.000 |       1.000 |\n+------------+----------+--------------+-------------+-------------+----------+-------------+\n|  virginica |        0 |            0 |         [3] |       1.000 |    1.000 |       1.000 |\n+------------+----------+--------------+-------------+-------------+----------+-------------+\n(row = reference; column = predicted)", "accuracy": 1.0, "pearson": "", "score": 1.0, "fold": 10, "model_params": "{\"bootstrap\": true, \"ccp_alpha\": 0.0, \"class_weight\": null, \"criterion\": \"gini\", \"max_depth\": 5, \"max_features\": \"auto\", \"max_leaf_nodes\": null, \"max_samples\": null, \"min_impurity_decrease\": 0.0, \"min_impurity_split\": null, \"min_samples_leaf\": 1, \"min_samples_split\": 2, \"min_weight_fraction_leaf\": 0.0, \"n_estimators\": 500, \"n_jobs\": null, \"oob_score\": false, \"random_state\": 123456789, \"verbose\": 0, \"warm_start\": false}", "grid_score": 0.9333333333333332, "grid_search_cv_results": {"mean_fit_time": [0.5604512691497803, 0.5823532740275065, 0.6005443731943766, 0.5731216271718343], "std_fit_time": [0.0016676715124552166, 0.002037225921327163, 0.0010510813748483875, 0.002013658198636217], "mean_score_time": [0.03988869984944662, 0.04754940668741862, 0.03912727038065592, 0.03910533587137858], "std_score_time": [0.0005844761105566309, 0.0019258320837767624, 0.00012974678810325797, 9.391197232615281e-05], "param_max_depth": [1, 5, 10, null], "params": [{"max_depth": 1}, {"max_depth": 5}, {"max_depth": 10}, {"max_depth": null}], "split0_test_score": [0.9333333333333333, 0.9666666666666667, 0.9666666666666667, 0.9666666666666667], "split1_test_score": [0.9, 0.9333333333333333, 0.9333333333333333, 0.9333333333333333], "split2_test_score": [0.9, 0.9, 0.9, 0.9], "mean_test_score": [0.9111111111111111, 0.9333333333333332, 0.9333333333333332, 0.9333333333333332], "std_test_score": [0.01571348402636772, 0.02721655269759086, 0.02721655269759086, 0.02721655269759086], "rank_test_score": [4, 1, 1, 1]}, "additional_scores": {}}, {"experiment_name": "Iris_CV", "train_set_name": "train", "train_set_size": 100, "test_set_name": "cv", "test_set_size": "n/a", "featureset": "[\"example_iris_features\"]", "featureset_name": "example_iris", "shuffle": false, "learner_name": "RandomForestClassifier", "task": "cross_validate", "start_timestamp": "10 Mar 2020 13:18:24.100561", "version": "2.0", "feature_scaling": "none", "folds_file": "", "grid_search": true, "grid_objective": "f1_score_micro", "grid_search_folds": "3", "min_feature_count": 1, "cv_folds": "10", "using_folds_file": false, "save_cv_folds": false, "save_cv_models": true, "use_folds_file_for_grid_search": true, "stratified_folds": true, "scikit_learn_version": "0.22.2.post1", "end_timestamp": "10 Mar 2020 13:18:58.442778", "total_time": "0:00:34.342217", "fold": "average", "result_table": "+------------+-------------+----------+-------------+\n| Label      |   Precision |   Recall |   F-measure |\n|------------+-------------+----------+-------------|\n| setosa     |       1.000 |    1.000 |       1.000 |\n| versicolor |       0.897 |    0.883 |       0.879 |\n| virginica  |       0.885 |    0.875 |       0.870 |\n+------------+-------------+----------+-------------+", "accuracy": 0.9200000000000002, "score": 0.9200000000000002, "additional_scores": {}}]