[{"experiment_name": "Iris_CV", "train_set_name": "train", "train_set_size": 100, "test_set_name": "cv", "test_set_size": "n/a", "featureset": "[\"example_iris_features\"]", "featureset_name": "example_iris", "shuffle": false, "learner_name": "LogisticRegression", "task": "cross_validate", "start_timestamp": "10 Mar 2020 13:18:59.644956", "version": "2.0", "feature_scaling": "none", "folds_file": "", "grid_search": true, "grid_objective": "f1_score_micro", "grid_search_folds": "3", "min_feature_count": 1, "cv_folds": "10", "using_folds_file": false, "save_cv_folds": false, "save_cv_models": true, "use_folds_file_for_grid_search": true, "stratified_folds": true, "scikit_learn_version": "0.22.2.post1", "end_timestamp": "10 Mar 2020 13:18:59.891337", "total_time": "0:00:00.246381", "result_table": "+------------+----------+--------------+-------------+-------------+----------+-------------+\n|            |   setosa |   versicolor |   virginica |   Precision |   Recall |   F-measure |\n+============+==========+==============+=============+=============+==========+=============+\n|     setosa |      [3] |            0 |           0 |       1.000 |    1.000 |       1.000 |\n+------------+----------+--------------+-------------+-------------+----------+-------------+\n| versicolor |        0 |          [3] |           0 |       1.000 |    1.000 |       1.000 |\n+------------+----------+--------------+-------------+-------------+----------+-------------+\n|  virginica |        0 |            0 |         [4] |       1.000 |    1.000 |       1.000 |\n+------------+----------+--------------+-------------+-------------+----------+-------------+\n(row = reference; column = predicted)", "accuracy": 1.0, "pearson": "", "score": 1.0, "fold": 1, "model_params": "{\"C\": 100.0, \"class_weight\": null, \"dual\": false, \"fit_intercept\": true, \"intercept_scaling\": 1, \"l1_ratio\": null, \"max_iter\": 1000, \"multi_class\": \"auto\", \"n_jobs\": null, \"penalty\": \"l2\", \"random_state\": 123456789, \"solver\": \"liblinear\", \"tol\": 0.0001, \"verbose\": 0, \"warm_start\": false}", "grid_score": 0.9666666666666667, "grid_search_cv_results": {"mean_fit_time": [0.0010195573170979817, 0.0008744398752848307, 0.0008989969889322916, 0.0009361108144124349, 0.001028617223103841], "std_fit_time": [8.030527004650505e-05, 1.3711774715544191e-05, 4.6871877231752874e-05, 1.6966664521407553e-05, 7.635360941196774e-05], "mean_score_time": [0.0006584326426188151, 0.0006202856699625651, 0.0006363391876220703, 0.0006304581960042318, 0.0006146430969238281], "std_score_time": [1.3532340219925286e-05, 1.3937917417050723e-05, 1.280524562853615e-05, 2.7428385528269162e-05, 2.3399865514140817e-05], "param_C": [0.01, 0.1, 1.0, 10.0, 100.0], "params": [{"C": 0.01}, {"C": 0.1}, {"C": 1.0}, {"C": 10.0}, {"C": 100.0}], "split0_test_score": [0.6333333333333333, 0.8333333333333334, 0.9666666666666667, 1.0, 1.0], "split1_test_score": [0.6333333333333333, 0.8000000000000002, 0.9, 0.9, 0.9333333333333333], "split2_test_score": [0.6666666666666666, 0.8000000000000002, 0.9666666666666667, 0.9666666666666667, 0.9666666666666667], "mean_test_score": [0.6444444444444444, 0.8111111111111112, 0.9444444444444445, 0.9555555555555556, 0.9666666666666667], "std_test_score": [0.01571348402636772, 0.015713484026367668, 0.03142696805273544, 0.0415739709641549, 0.02721655269759086], "rank_test_score": [5, 4, 3, 2, 1]}, "additional_scores": {}}, {"experiment_name": "Iris_CV", "train_set_name": "train", "train_set_size": 100, "test_set_name": "cv", "test_set_size": "n/a", "featureset": "[\"example_iris_features\"]", "featureset_name": "example_iris", "shuffle": false, "learner_name": "LogisticRegression", "task": "cross_validate", "start_timestamp": "10 Mar 2020 13:18:59.644956", "version": "2.0", "feature_scaling": "none", "folds_file": "", "grid_search": true, "grid_objective": "f1_score_micro", "grid_search_folds": "3", "min_feature_count": 1, "cv_folds": "10", "using_folds_file": false, "save_cv_folds": false, "save_cv_models": true, "use_folds_file_for_grid_search": true, "stratified_folds": true, "scikit_learn_version": "0.22.2.post1", "end_timestamp": "10 Mar 2020 13:18:59.891337", "total_time": "0:00:00.246381", "result_table": "+------------+----------+--------------+-------------+-------------+----------+-------------+\n|            |   setosa |   versicolor |   virginica |   Precision |   Recall |   F-measure |\n+============+==========+==============+=============+=============+==========+=============+\n|     setosa |      [3] |            0 |           0 |       1.000 |    1.000 |       1.000 |\n+------------+----------+--------------+-------------+-------------+----------+-------------+\n| versicolor |        0 |          [3] |           0 |       1.000 |    1.000 |       1.000 |\n+------------+----------+--------------+-------------+-------------+----------+-------------+\n|  virginica |        0 |            0 |         [4] |       1.000 |    1.000 |       1.000 |\n+------------+----------+--------------+-------------+-------------+----------+-------------+\n(row = reference; column = predicted)", "accuracy": 1.0, "pearson": "", "score": 1.0, "fold": 2, "model_params": "{\"C\": 10.0, \"class_weight\": null, \"dual\": false, \"fit_intercept\": true, \"intercept_scaling\": 1, \"l1_ratio\": null, \"max_iter\": 1000, \"multi_class\": \"auto\", \"n_jobs\": null, \"penalty\": \"l2\", \"random_state\": 123456789, \"solver\": \"liblinear\", \"tol\": 0.0001, \"verbose\": 0, \"warm_start\": false}", "grid_score": 0.9555555555555556, "grid_search_cv_results": {"mean_fit_time": [0.0008463859558105469, 0.0008969306945800781, 0.0008497238159179688, 0.0009569327036539713, 0.0009570916493733724], "std_fit_time": [5.707822446948004e-05, 8.693379158874138e-05, 9.562536961536576e-06, 4.19157371642288e-05, 7.190427485318198e-06], "mean_score_time": [0.000587304433186849, 0.0006096363067626953, 0.0006043910980224609, 0.0006024042765299479, 0.0006244182586669922], "std_score_time": [1.884596277490716e-05, 2.0960053353197798e-05, 3.6052484181693165e-05, 2.1653109491128574e-05, 4.645961898891526e-05], "param_C": [0.01, 0.1, 1.0, 10.0, 100.0], "params": [{"C": 0.01}, {"C": 0.1}, {"C": 1.0}, {"C": 10.0}, {"C": 100.0}], "split0_test_score": [0.6333333333333333, 0.8333333333333334, 0.9666666666666667, 1.0, 1.0], "split1_test_score": [0.6333333333333333, 0.7666666666666667, 0.9333333333333333, 0.9333333333333333, 0.9333333333333333], "split2_test_score": [0.6666666666666666, 0.7666666666666667, 0.9333333333333333, 0.9333333333333333, 0.9333333333333333], "mean_test_score": [0.6444444444444444, 0.7888888888888889, 0.9444444444444443, 0.9555555555555556, 0.9555555555555556], "std_test_score": [0.01571348402636772, 0.03142696805273544, 0.01571348402636772, 0.03142696805273544, 0.03142696805273544], "rank_test_score": [5, 4, 3, 1, 1]}, "additional_scores": {}}, {"experiment_name": "Iris_CV", "train_set_name": "train", "train_set_size": 100, "test_set_name": "cv", "test_set_size": "n/a", "featureset": "[\"example_iris_features\"]", "featureset_name": "example_iris", "shuffle": false, "learner_name": "LogisticRegression", "task": "cross_validate", "start_timestamp": "10 Mar 2020 13:18:59.644956", "version": "2.0", "feature_scaling": "none", "folds_file": "", "grid_search": true, "grid_objective": "f1_score_micro", "grid_search_folds": "3", "min_feature_count": 1, "cv_folds": "10", "using_folds_file": false, "save_cv_folds": false, "save_cv_models": true, "use_folds_file_for_grid_search": true, "stratified_folds": true, "scikit_learn_version": "0.22.2.post1", "end_timestamp": "10 Mar 2020 13:18:59.891337", "total_time": "0:00:00.246381", "result_table": "+------------+----------+--------------+-------------+-------------+----------+-------------+\n|            |   setosa |   versicolor |   virginica |   Precision |   Recall |   F-measure |\n+============+==========+==============+=============+=============+==========+=============+\n|     setosa |      [3] |            0 |           0 |       1.000 |    1.000 |       1.000 |\n+------------+----------+--------------+-------------+-------------+----------+-------------+\n| versicolor |        0 |          [3] |           0 |       1.000 |    1.000 |       1.000 |\n+------------+----------+--------------+-------------+-------------+----------+-------------+\n|  virginica |        0 |            0 |         [4] |       1.000 |    1.000 |       1.000 |\n+------------+----------+--------------+-------------+-------------+----------+-------------+\n(row = reference; column = predicted)", "accuracy": 1.0, "pearson": "", "score": 1.0, "fold": 3, "model_params": "{\"C\": 10.0, \"class_weight\": null, \"dual\": false, \"fit_intercept\": true, \"intercept_scaling\": 1, \"l1_ratio\": null, \"max_iter\": 1000, \"multi_class\": \"auto\", \"n_jobs\": null, \"penalty\": \"l2\", \"random_state\": 123456789, \"solver\": \"liblinear\", \"tol\": 0.0001, \"verbose\": 0, \"warm_start\": false}", "grid_score": 0.9555555555555556, "grid_search_cv_results": {"mean_fit_time": [0.0008875528971354166, 0.0008903344472249349, 0.0008927186330159506, 0.0010023117065429688, 0.0010360081990559895], "std_fit_time": [7.347840734865958e-05, 0.0001017810623777329, 3.1000731713045936e-05, 2.6189894760901262e-05, 3.526518041507254e-05], "mean_score_time": [0.0006090005238850912, 0.0006209214528401693, 0.0006357034047444662, 0.000659942626953125, 0.0005996227264404297], "std_score_time": [8.778064264605254e-07, 3.438760425830738e-05, 3.368955666758357e-05, 6.9781605949597e-05, 5.907779547388013e-06], "param_C": [0.01, 0.1, 1.0, 10.0, 100.0], "params": [{"C": 0.01}, {"C": 0.1}, {"C": 1.0}, {"C": 10.0}, {"C": 100.0}], "split0_test_score": [0.6333333333333333, 0.8333333333333334, 0.9666666666666667, 1.0, 1.0], "split1_test_score": [0.6333333333333333, 0.7333333333333333, 0.9333333333333333, 0.9333333333333333, 0.9], "split2_test_score": [0.6666666666666666, 0.7, 0.9333333333333333, 0.9333333333333333, 0.9333333333333333], "mean_test_score": [0.6444444444444444, 0.7555555555555555, 0.9444444444444443, 0.9555555555555556, 0.9444444444444443], "std_test_score": [0.01571348402636772, 0.0566557723732532, 0.01571348402636772, 0.03142696805273544, 0.0415739709641549], "rank_test_score": [5, 4, 2, 1, 2]}, "additional_scores": {}}, {"experiment_name": "Iris_CV", "train_set_name": "train", "train_set_size": 100, "test_set_name": "cv", "test_set_size": "n/a", "featureset": "[\"example_iris_features\"]", "featureset_name": "example_iris", "shuffle": false, "learner_name": "LogisticRegression", "task": "cross_validate", "start_timestamp": "10 Mar 2020 13:18:59.644956", "version": "2.0", "feature_scaling": "none", "folds_file": "", "grid_search": true, "grid_objective": "f1_score_micro", "grid_search_folds": "3", "min_feature_count": 1, "cv_folds": "10", "using_folds_file": false, "save_cv_folds": false, "save_cv_models": true, "use_folds_file_for_grid_search": true, "stratified_folds": true, "scikit_learn_version": "0.22.2.post1", "end_timestamp": "10 Mar 2020 13:18:59.891337", "total_time": "0:00:00.246381", "result_table": "+------------+----------+--------------+-------------+-------------+----------+-------------+\n|            |   setosa |   versicolor |   virginica |   Precision |   Recall |   F-measure |\n+============+==========+==============+=============+=============+==========+=============+\n|     setosa |      [3] |            0 |           0 |       1.000 |    1.000 |       1.000 |\n+------------+----------+--------------+-------------+-------------+----------+-------------+\n| versicolor |        0 |          [3] |           0 |       1.000 |    1.000 |       1.000 |\n+------------+----------+--------------+-------------+-------------+----------+-------------+\n|  virginica |        0 |            0 |         [4] |       1.000 |    1.000 |       1.000 |\n+------------+----------+--------------+-------------+-------------+----------+-------------+\n(row = reference; column = predicted)", "accuracy": 1.0, "pearson": "", "score": 1.0, "fold": 4, "model_params": "{\"C\": 10.0, \"class_weight\": null, \"dual\": false, \"fit_intercept\": true, \"intercept_scaling\": 1, \"l1_ratio\": null, \"max_iter\": 1000, \"multi_class\": \"auto\", \"n_jobs\": null, \"penalty\": \"l2\", \"random_state\": 123456789, \"solver\": \"liblinear\", \"tol\": 0.0001, \"verbose\": 0, \"warm_start\": false}", "grid_score": 0.9555555555555556, "grid_search_cv_results": {"mean_fit_time": [0.0009175141652425131, 0.0008873144785563151, 0.0009190241495768229, 0.000994284947713216, 0.0009957949320475261], "std_fit_time": [0.00010432101730157458, 5.384683594346982e-05, 3.4437159170837666e-05, 2.523660628506438e-05, 3.227283141980506e-05], "mean_score_time": [0.0006018479665120443, 0.0006213982899983724, 0.0005942980448404948, 0.0006669362386067709, 0.000633398691813151], "std_score_time": [2.2948811729803296e-05, 4.8853641745250854e-05, 5.458807869299062e-06, 4.375238971104812e-05, 5.8438118164241973e-05], "param_C": [0.01, 0.1, 1.0, 10.0, 100.0], "params": [{"C": 0.01}, {"C": 0.1}, {"C": 1.0}, {"C": 10.0}, {"C": 100.0}], "split0_test_score": [0.6333333333333333, 0.8333333333333334, 0.9666666666666667, 0.9666666666666667, 0.9666666666666667], "split1_test_score": [0.6333333333333333, 0.7666666666666667, 0.9, 0.9333333333333333, 0.9], "split2_test_score": [0.6666666666666666, 0.8000000000000002, 0.9666666666666667, 0.9666666666666667, 0.9333333333333333], "mean_test_score": [0.6444444444444444, 0.8000000000000002, 0.9444444444444445, 0.9555555555555556, 0.9333333333333332], "std_test_score": [0.01571348402636772, 0.02721655269759086, 0.03142696805273544, 0.01571348402636772, 0.02721655269759086], "rank_test_score": [5, 4, 2, 1, 3]}, "additional_scores": {}}, {"experiment_name": "Iris_CV", "train_set_name": "train", "train_set_size": 100, "test_set_name": "cv", "test_set_size": "n/a", "featureset": "[\"example_iris_features\"]", "featureset_name": "example_iris", "shuffle": false, "learner_name": "LogisticRegression", "task": "cross_validate", "start_timestamp": "10 Mar 2020 13:18:59.644956", "version": "2.0", "feature_scaling": "none", "folds_file": "", "grid_search": true, "grid_objective": "f1_score_micro", "grid_search_folds": "3", "min_feature_count": 1, "cv_folds": "10", "using_folds_file": false, "save_cv_folds": false, "save_cv_models": true, "use_folds_file_for_grid_search": true, "stratified_folds": true, "scikit_learn_version": "0.22.2.post1", "end_timestamp": "10 Mar 2020 13:18:59.891337", "total_time": "0:00:00.246381", "result_table": "+------------+----------+--------------+-------------+-------------+----------+-------------+\n|            |   setosa |   versicolor |   virginica |   Precision |   Recall |   F-measure |\n+============+==========+==============+=============+=============+==========+=============+\n|     setosa |      [4] |            0 |           0 |       1.000 |    1.000 |       1.000 |\n+------------+----------+--------------+-------------+-------------+----------+-------------+\n| versicolor |        0 |          [1] |           2 |       0.333 |    0.333 |       0.333 |\n+------------+----------+--------------+-------------+-------------+----------+-------------+\n|  virginica |        0 |            2 |         [1] |       0.333 |    0.333 |       0.333 |\n+------------+----------+--------------+-------------+-------------+----------+-------------+\n(row = reference; column = predicted)", "accuracy": 0.6, "pearson": "", "score": 0.6, "fold": 5, "model_params": "{\"C\": 100.0, \"class_weight\": null, \"dual\": false, \"fit_intercept\": true, \"intercept_scaling\": 1, \"l1_ratio\": null, \"max_iter\": 1000, \"multi_class\": \"auto\", \"n_jobs\": null, \"penalty\": \"l2\", \"random_state\": 123456789, \"solver\": \"liblinear\", \"tol\": 0.0001, \"verbose\": 0, \"warm_start\": false}", "grid_score": 0.9888888888888889, "grid_search_cv_results": {"mean_fit_time": [0.0008796056111653646, 0.0009040037790934244, 0.000896453857421875, 0.0009548664093017578, 0.0009777545928955078], "std_fit_time": [4.2360003390506206e-05, 5.8532071398715514e-05, 3.0235637213925032e-05, 5.244161038811133e-05, 1.7589195008671975e-05], "mean_score_time": [0.0006199677785237631, 0.0006238619486490885, 0.0005934238433837891, 0.000625451405843099, 0.0005906422932942709], "std_score_time": [1.59607938271386e-05, 3.0000557169831334e-05, 1.0287975793071469e-05, 5.042513806366769e-05, 6.224303006871947e-06], "param_C": [0.01, 0.1, 1.0, 10.0, 100.0], "params": [{"C": 0.01}, {"C": 0.1}, {"C": 1.0}, {"C": 10.0}, {"C": 100.0}], "split0_test_score": [0.6333333333333333, 0.8000000000000002, 0.9333333333333333, 0.9666666666666667, 0.9666666666666667], "split1_test_score": [0.6333333333333333, 0.7333333333333333, 0.9666666666666667, 1.0, 1.0], "split2_test_score": [0.6666666666666666, 0.8000000000000002, 0.9666666666666667, 0.9666666666666667, 1.0], "mean_test_score": [0.6444444444444444, 0.7777777777777778, 0.9555555555555556, 0.9777777777777779, 0.9888888888888889], "std_test_score": [0.01571348402636772, 0.031426968052735545, 0.01571348402636772, 0.01571348402636772, 0.01571348402636772], "rank_test_score": [5, 4, 3, 2, 1]}, "additional_scores": {}}, {"experiment_name": "Iris_CV", "train_set_name": "train", "train_set_size": 100, "test_set_name": "cv", "test_set_size": "n/a", "featureset": "[\"example_iris_features\"]", "featureset_name": "example_iris", "shuffle": false, "learner_name": "LogisticRegression", "task": "cross_validate", "start_timestamp": "10 Mar 2020 13:18:59.644956", "version": "2.0", "feature_scaling": "none", "folds_file": "", "grid_search": true, "grid_objective": "f1_score_micro", "grid_search_folds": "3", "min_feature_count": 1, "cv_folds": "10", "using_folds_file": false, "save_cv_folds": false, "save_cv_models": true, "use_folds_file_for_grid_search": true, "stratified_folds": true, "scikit_learn_version": "0.22.2.post1", "end_timestamp": "10 Mar 2020 13:18:59.891337", "total_time": "0:00:00.246381", "result_table": "+------------+----------+--------------+-------------+-------------+----------+-------------+\n|            |   setosa |   versicolor |   virginica |   Precision |   Recall |   F-measure |\n+============+==========+==============+=============+=============+==========+=============+\n|     setosa |      [3] |            0 |           0 |       1.000 |    1.000 |       1.000 |\n+------------+----------+--------------+-------------+-------------+----------+-------------+\n| versicolor |        0 |          [4] |           0 |       1.000 |    1.000 |       1.000 |\n+------------+----------+--------------+-------------+-------------+----------+-------------+\n|  virginica |        0 |            0 |         [3] |       1.000 |    1.000 |       1.000 |\n+------------+----------+--------------+-------------+-------------+----------+-------------+\n(row = reference; column = predicted)", "accuracy": 1.0, "pearson": "", "score": 1.0, "fold": 6, "model_params": "{\"C\": 100.0, \"class_weight\": null, \"dual\": false, \"fit_intercept\": true, \"intercept_scaling\": 1, \"l1_ratio\": null, \"max_iter\": 1000, \"multi_class\": \"auto\", \"n_jobs\": null, \"penalty\": \"l2\", \"random_state\": 123456789, \"solver\": \"liblinear\", \"tol\": 0.0001, \"verbose\": 0, \"warm_start\": false}", "grid_score": 0.9666666666666667, "grid_search_cv_results": {"mean_fit_time": [0.0008539358774820963, 0.0008864402770996094, 0.0008465449015299479, 0.0009763240814208984, 0.0009796619415283203], "std_fit_time": [5.060330981973943e-05, 4.1551919383804435e-05, 1.204793874605892e-05, 4.002166733982791e-05, 3.224267885488163e-05], "mean_score_time": [0.0005881786346435547, 0.0006469090779622396, 0.0005863507588704427, 0.0005927880605061849, 0.0005890528361002604], "std_score_time": [1.2812641947311786e-05, 9.115706760651757e-05, 8.287308480726058e-06, 1.239827554422319e-05, 5.210171827660803e-06], "param_C": [0.01, 0.1, 1.0, 10.0, 100.0], "params": [{"C": 0.01}, {"C": 0.1}, {"C": 1.0}, {"C": 10.0}, {"C": 100.0}], "split0_test_score": [0.6666666666666666, 0.8000000000000002, 0.9, 0.9333333333333333, 0.9666666666666667], "split1_test_score": [0.6333333333333333, 0.7, 0.9333333333333333, 0.9333333333333333, 0.9333333333333333], "split2_test_score": [0.6666666666666666, 0.7666666666666667, 0.9666666666666667, 1.0, 1.0], "mean_test_score": [0.6555555555555554, 0.7555555555555555, 0.9333333333333335, 0.9555555555555556, 0.9666666666666667], "std_test_score": [0.01571348402636772, 0.04157397096415499, 0.02721655269759086, 0.03142696805273544, 0.02721655269759086], "rank_test_score": [5, 4, 3, 2, 1]}, "additional_scores": {}}, {"experiment_name": "Iris_CV", "train_set_name": "train", "train_set_size": 100, "test_set_name": "cv", "test_set_size": "n/a", "featureset": "[\"example_iris_features\"]", "featureset_name": "example_iris", "shuffle": false, "learner_name": "LogisticRegression", "task": "cross_validate", "start_timestamp": "10 Mar 2020 13:18:59.644956", "version": "2.0", "feature_scaling": "none", "folds_file": "", "grid_search": true, "grid_objective": "f1_score_micro", "grid_search_folds": "3", "min_feature_count": 1, "cv_folds": "10", "using_folds_file": false, "save_cv_folds": false, "save_cv_models": true, "use_folds_file_for_grid_search": true, "stratified_folds": true, "scikit_learn_version": "0.22.2.post1", "end_timestamp": "10 Mar 2020 13:18:59.891337", "total_time": "0:00:00.246381", "result_table": "+------------+----------+--------------+-------------+-------------+----------+-------------+\n|            |   setosa |   versicolor |   virginica |   Precision |   Recall |   F-measure |\n+============+==========+==============+=============+=============+==========+=============+\n|     setosa |      [3] |            0 |           0 |       1.000 |    1.000 |       1.000 |\n+------------+----------+--------------+-------------+-------------+----------+-------------+\n| versicolor |        0 |          [4] |           0 |       1.000 |    1.000 |       1.000 |\n+------------+----------+--------------+-------------+-------------+----------+-------------+\n|  virginica |        0 |            0 |         [3] |       1.000 |    1.000 |       1.000 |\n+------------+----------+--------------+-------------+-------------+----------+-------------+\n(row = reference; column = predicted)", "accuracy": 1.0, "pearson": "", "score": 1.0, "fold": 7, "model_params": "{\"C\": 10.0, \"class_weight\": null, \"dual\": false, \"fit_intercept\": true, \"intercept_scaling\": 1, \"l1_ratio\": null, \"max_iter\": 1000, \"multi_class\": \"auto\", \"n_jobs\": null, \"penalty\": \"l2\", \"random_state\": 123456789, \"solver\": \"liblinear\", \"tol\": 0.0001, \"verbose\": 0, \"warm_start\": false}", "grid_score": 0.9555555555555556, "grid_search_cv_results": {"mean_fit_time": [0.0008532206217447916, 0.0008697509765625, 0.0008641878763834635, 0.0009680589040120443, 0.0009692509969075521], "std_fit_time": [3.432417997825971e-05, 5.7554593963534306e-05, 1.8866060138901917e-05, 2.785203441865635e-05, 7.451825567710268e-06], "mean_score_time": [0.0005973974863688151, 0.0006055831909179688, 0.0005920728047688802, 0.0006416638692220052, 0.0005880196889241537], "std_score_time": [1.3250773748185688e-05, 3.869781546911531e-05, 2.2551535482361734e-05, 5.2995587278052316e-05, 2.809789900726269e-06], "param_C": [0.01, 0.1, 1.0, 10.0, 100.0], "params": [{"C": 0.01}, {"C": 0.1}, {"C": 1.0}, {"C": 10.0}, {"C": 100.0}], "split0_test_score": [0.6666666666666666, 0.8333333333333334, 0.9333333333333333, 0.9333333333333333, 0.9666666666666667], "split1_test_score": [0.6333333333333333, 0.6333333333333333, 0.9333333333333333, 0.9666666666666667, 0.9333333333333333], "split2_test_score": [0.6666666666666666, 0.7, 0.9, 0.9666666666666667, 0.9666666666666667], "mean_test_score": [0.6555555555555554, 0.7222222222222223, 0.9222222222222222, 0.9555555555555556, 0.9555555555555556], "std_test_score": [0.01571348402636772, 0.08314794192830983, 0.01571348402636772, 0.01571348402636772, 0.01571348402636772], "rank_test_score": [5, 4, 3, 1, 1]}, "additional_scores": {}}, {"experiment_name": "Iris_CV", "train_set_name": "train", "train_set_size": 100, "test_set_name": "cv", "test_set_size": "n/a", "featureset": "[\"example_iris_features\"]", "featureset_name": "example_iris", "shuffle": false, "learner_name": "LogisticRegression", "task": "cross_validate", "start_timestamp": "10 Mar 2020 13:18:59.644956", "version": "2.0", "feature_scaling": "none", "folds_file": "", "grid_search": true, "grid_objective": "f1_score_micro", "grid_search_folds": "3", "min_feature_count": 1, "cv_folds": "10", "using_folds_file": false, "save_cv_folds": false, "save_cv_models": true, "use_folds_file_for_grid_search": true, "stratified_folds": true, "scikit_learn_version": "0.22.2.post1", "end_timestamp": "10 Mar 2020 13:18:59.891337", "total_time": "0:00:00.246381", "result_table": "+------------+----------+--------------+-------------+-------------+----------+-------------+\n|            |   setosa |   versicolor |   virginica |   Precision |   Recall |   F-measure |\n+============+==========+==============+=============+=============+==========+=============+\n|     setosa |      [3] |            0 |           0 |       1.000 |    1.000 |       1.000 |\n+------------+----------+--------------+-------------+-------------+----------+-------------+\n| versicolor |        0 |          [4] |           0 |       1.000 |    1.000 |       1.000 |\n+------------+----------+--------------+-------------+-------------+----------+-------------+\n|  virginica |        0 |            0 |         [3] |       1.000 |    1.000 |       1.000 |\n+------------+----------+--------------+-------------+-------------+----------+-------------+\n(row = reference; column = predicted)", "accuracy": 1.0, "pearson": "", "score": 1.0, "fold": 8, "model_params": "{\"C\": 10.0, \"class_weight\": null, \"dual\": false, \"fit_intercept\": true, \"intercept_scaling\": 1, \"l1_ratio\": null, \"max_iter\": 1000, \"multi_class\": \"auto\", \"n_jobs\": null, \"penalty\": \"l2\", \"random_state\": 123456789, \"solver\": \"liblinear\", \"tol\": 0.0001, \"verbose\": 0, \"warm_start\": false}", "grid_score": 0.9444444444444445, "grid_search_cv_results": {"mean_fit_time": [0.0008889039357503256, 0.0008820692698160807, 0.0012396176656087239, 0.0013040701548258464, 0.0013853708902994792], "std_fit_time": [5.594674832394096e-05, 5.495236496669114e-05, 0.00011453299218125796, 0.00019942345606766302, 0.00011280287112962985], "mean_score_time": [0.0006413459777832031, 0.0006987253824869791, 0.0009346803029378256, 0.0007706483205159506, 0.0007146199544270834], "std_score_time": [3.574900891551065e-05, 0.00012406342140408385, 0.00014429010640470364, 0.00016743552871312988, 4.249844146720674e-05], "param_C": [0.01, 0.1, 1.0, 10.0, 100.0], "params": [{"C": 0.01}, {"C": 0.1}, {"C": 1.0}, {"C": 10.0}, {"C": 100.0}], "split0_test_score": [0.6666666666666666, 0.8333333333333334, 0.9666666666666667, 0.9666666666666667, 0.9666666666666667], "split1_test_score": [0.6666666666666666, 0.7666666666666667, 0.9666666666666667, 0.9666666666666667, 0.9666666666666667], "split2_test_score": [0.6333333333333333, 0.7, 0.8666666666666667, 0.9, 0.9], "mean_test_score": [0.6555555555555556, 0.7666666666666666, 0.9333333333333332, 0.9444444444444445, 0.9444444444444445], "std_test_score": [0.01571348402636772, 0.05443310539518177, 0.04714045207910316, 0.03142696805273544, 0.03142696805273544], "rank_test_score": [5, 4, 3, 1, 1]}, "additional_scores": {}}, {"experiment_name": "Iris_CV", "train_set_name": "train", "train_set_size": 100, "test_set_name": "cv", "test_set_size": "n/a", "featureset": "[\"example_iris_features\"]", "featureset_name": "example_iris", "shuffle": false, "learner_name": "LogisticRegression", "task": "cross_validate", "start_timestamp": "10 Mar 2020 13:18:59.644956", "version": "2.0", "feature_scaling": "none", "folds_file": "", "grid_search": true, "grid_objective": "f1_score_micro", "grid_search_folds": "3", "min_feature_count": 1, "cv_folds": "10", "using_folds_file": false, "save_cv_folds": false, "save_cv_models": true, "use_folds_file_for_grid_search": true, "stratified_folds": true, "scikit_learn_version": "0.22.2.post1", "end_timestamp": "10 Mar 2020 13:18:59.891337", "total_time": "0:00:00.246381", "result_table": "+------------+----------+--------------+-------------+-------------+----------+-------------+\n|            |   setosa |   versicolor |   virginica |   Precision |   Recall |   F-measure |\n+============+==========+==============+=============+=============+==========+=============+\n|     setosa |      [3] |            0 |           0 |       1.000 |    1.000 |       1.000 |\n+------------+----------+--------------+-------------+-------------+----------+-------------+\n| versicolor |        0 |          [3] |           1 |       1.000 |    0.750 |       0.857 |\n+------------+----------+--------------+-------------+-------------+----------+-------------+\n|  virginica |        0 |            0 |         [3] |       0.750 |    1.000 |       0.857 |\n+------------+----------+--------------+-------------+-------------+----------+-------------+\n(row = reference; column = predicted)", "accuracy": 0.9, "pearson": "", "score": 0.9, "fold": 9, "model_params": "{\"C\": 1.0, \"class_weight\": null, \"dual\": false, \"fit_intercept\": true, \"intercept_scaling\": 1, \"l1_ratio\": null, \"max_iter\": 1000, \"multi_class\": \"auto\", \"n_jobs\": null, \"penalty\": \"l2\", \"random_state\": 123456789, \"solver\": \"liblinear\", \"tol\": 0.0001, \"verbose\": 0, \"warm_start\": false}", "grid_score": 0.9555555555555556, "grid_search_cv_results": {"mean_fit_time": [0.0008953412373860677, 0.0009789466857910156, 0.000915368398030599, 0.0009097258249918619, 0.0009229183197021484], "std_fit_time": [7.226674748389682e-05, 2.5201043056300687e-05, 5.829170381200992e-05, 2.9063171549744726e-05, 1.6226481940434985e-05], "mean_score_time": [0.0006053447723388672, 0.0007139841715494791, 0.0005906422932942709, 0.0005845228830973307, 0.0005923906962076823], "std_score_time": [1.858135964240905e-05, 8.628564221125781e-05, 1.3249343731409233e-05, 8.188404637903378e-06, 2.455389851548197e-05], "param_C": [0.01, 0.1, 1.0, 10.0, 100.0], "params": [{"C": 0.01}, {"C": 0.1}, {"C": 1.0}, {"C": 10.0}, {"C": 100.0}], "split0_test_score": [0.6666666666666666, 0.8000000000000002, 1.0, 0.9666666666666667, 0.9666666666666667], "split1_test_score": [0.6666666666666666, 0.8666666666666667, 0.9666666666666667, 0.9666666666666667, 0.9666666666666667], "split2_test_score": [0.6333333333333333, 0.6666666666666666, 0.9, 0.9333333333333333, 0.9333333333333333], "mean_test_score": [0.6555555555555556, 0.7777777777777778, 0.9555555555555556, 0.9555555555555556, 0.9555555555555556], "std_test_score": [0.01571348402636772, 0.08314794192830985, 0.0415739709641549, 0.01571348402636772, 0.01571348402636772], "rank_test_score": [5, 4, 1, 1, 1]}, "additional_scores": {}}, {"experiment_name": "Iris_CV", "train_set_name": "train", "train_set_size": 100, "test_set_name": "cv", "test_set_size": "n/a", "featureset": "[\"example_iris_features\"]", "featureset_name": "example_iris", "shuffle": false, "learner_name": "LogisticRegression", "task": "cross_validate", "start_timestamp": "10 Mar 2020 13:18:59.644956", "version": "2.0", "feature_scaling": "none", "folds_file": "", "grid_search": true, "grid_objective": "f1_score_micro", "grid_search_folds": "3", "min_feature_count": 1, "cv_folds": "10", "using_folds_file": false, "save_cv_folds": false, "save_cv_models": true, "use_folds_file_for_grid_search": true, "stratified_folds": true, "scikit_learn_version": "0.22.2.post1", "end_timestamp": "10 Mar 2020 13:18:59.891337", "total_time": "0:00:00.246381", "result_table": "+------------+----------+--------------+-------------+-------------+----------+-------------+\n|            |   setosa |   versicolor |   virginica |   Precision |   Recall |   F-measure |\n+============+==========+==============+=============+=============+==========+=============+\n|     setosa |      [3] |            0 |           0 |       1.000 |    1.000 |       1.000 |\n+------------+----------+--------------+-------------+-------------+----------+-------------+\n| versicolor |        0 |          [4] |           0 |       1.000 |    1.000 |       1.000 |\n+------------+----------+--------------+-------------+-------------+----------+-------------+\n|  virginica |        0 |            0 |         [3] |       1.000 |    1.000 |       1.000 |\n+------------+----------+--------------+-------------+-------------+----------+-------------+\n(row = reference; column = predicted)", "accuracy": 1.0, "pearson": "", "score": 1.0, "fold": 10, "model_params": "{\"C\": 1.0, \"class_weight\": null, \"dual\": false, \"fit_intercept\": true, \"intercept_scaling\": 1, \"l1_ratio\": null, \"max_iter\": 1000, \"multi_class\": \"auto\", \"n_jobs\": null, \"penalty\": \"l2\", \"random_state\": 123456789, \"solver\": \"liblinear\", \"tol\": 0.0001, \"verbose\": 0, \"warm_start\": false}", "grid_score": 0.9444444444444445, "grid_search_cv_results": {"mean_fit_time": [0.0009477933247884115, 0.0009580453236897787, 0.0009529590606689453, 0.0013359387715657551, 0.001056353251139323], "std_fit_time": [3.2675428390873896e-05, 0.00014230018880049492, 4.602693156964916e-05, 0.00016908896343306235, 2.1309102790380275e-05], "mean_score_time": [0.0007022221883138021, 0.00063323974609375, 0.0007013479868570963, 0.000701745351155599, 0.0006728967030843099], "std_score_time": [0.00010308478518268641, 2.5716071531760843e-05, 0.00012542740980902323, 3.376820419001678e-05, 3.8337892033189355e-05], "param_C": [0.01, 0.1, 1.0, 10.0, 100.0], "params": [{"C": 0.01}, {"C": 0.1}, {"C": 1.0}, {"C": 10.0}, {"C": 100.0}], "split0_test_score": [0.6666666666666666, 0.8000000000000002, 1.0, 0.9666666666666667, 0.9666666666666667], "split1_test_score": [0.6666666666666666, 0.7333333333333333, 0.9333333333333333, 0.9333333333333333, 0.9333333333333333], "split2_test_score": [0.6333333333333333, 0.7, 0.9, 0.9, 0.9], "mean_test_score": [0.6555555555555556, 0.7444444444444445, 0.9444444444444445, 0.9333333333333332, 0.9333333333333332], "std_test_score": [0.01571348402636772, 0.041573970964154994, 0.0415739709641549, 0.02721655269759086, 0.02721655269759086], "rank_test_score": [5, 4, 1, 2, 2]}, "additional_scores": {}}, {"experiment_name": "Iris_CV", "train_set_name": "train", "train_set_size": 100, "test_set_name": "cv", "test_set_size": "n/a", "featureset": "[\"example_iris_features\"]", "featureset_name": "example_iris", "shuffle": false, "learner_name": "LogisticRegression", "task": "cross_validate", "start_timestamp": "10 Mar 2020 13:18:59.644956", "version": "2.0", "feature_scaling": "none", "folds_file": "", "grid_search": true, "grid_objective": "f1_score_micro", "grid_search_folds": "3", "min_feature_count": 1, "cv_folds": "10", "using_folds_file": false, "save_cv_folds": false, "save_cv_models": true, "use_folds_file_for_grid_search": true, "stratified_folds": true, "scikit_learn_version": "0.22.2.post1", "end_timestamp": "10 Mar 2020 13:18:59.891337", "total_time": "0:00:00.246381", "fold": "average", "result_table": "+------------+-------------+----------+-------------+\n| Label      |   Precision |   Recall |   F-measure |\n|------------+-------------+----------+-------------|\n| setosa     |       1.000 |    1.000 |       1.000 |\n| versicolor |       0.933 |    0.908 |       0.919 |\n| virginica  |       0.908 |    0.933 |       0.919 |\n+------------+-------------+----------+-------------+", "accuracy": 0.95, "score": 0.95, "additional_scores": {}}]