[{"experiment_name": "Iris_Evaluate", "train_set_name": "train", "train_set_size": 100, "test_set_name": "test", "test_set_size": 50, "featureset": "[\"example_iris_features\"]", "featureset_name": "example_iris", "shuffle": false, "learner_name": "MultinomialNB", "task": "evaluate", "start_timestamp": "10 Mar 2020 13:28:29.678218", "version": "2.0", "feature_scaling": "none", "folds_file": "", "grid_search": true, "grid_objective": "f1_score_micro", "grid_search_folds": "3", "min_feature_count": 1, "cv_folds": "None", "using_folds_file": false, "save_cv_folds": false, "save_cv_models": false, "use_folds_file_for_grid_search": true, "stratified_folds": true, "scikit_learn_version": "0.22.2.post1", "end_timestamp": "10 Mar 2020 13:28:29.703846", "total_time": "0:00:00.025628", "result_table": "+------------+----------+--------------+-------------+-------------+----------+-------------+\n|            |   setosa |   versicolor |   virginica |   Precision |   Recall |   F-measure |\n+============+==========+==============+=============+=============+==========+=============+\n|     setosa |     [19] |            0 |           0 |       1.000 |    1.000 |       1.000 |\n+------------+----------+--------------+-------------+-------------+----------+-------------+\n| versicolor |        0 |         [15] |           0 |       0.882 |    1.000 |       0.938 |\n+------------+----------+--------------+-------------+-------------+----------+-------------+\n|  virginica |        0 |            2 |        [14] |       1.000 |    0.875 |       0.933 |\n+------------+----------+--------------+-------------+-------------+----------+-------------+\n(row = reference; column = predicted)", "accuracy": 0.96, "pearson": "", "score": 0.96, "fold": "", "model_params": "{\"alpha\": 0.75, \"class_prior\": null, \"fit_prior\": true}", "grid_score": 0.9301841948900772, "grid_search_cv_results": {"mean_fit_time": [0.000919342041015625, 0.0009566148122151693, 0.0008348623911539713, 0.0008661746978759766, 0.0010276635487874348], "std_fit_time": [3.561678861029396e-05, 0.0001468705321743279, 9.99165081433336e-05, 4.0699571511460896e-05, 0.00017848305642229707], "mean_score_time": [0.0006766319274902344, 0.0006045500437418619, 0.0005865097045898438, 0.0006808439890543619, 0.0005966822306315104], "std_score_time": [0.00017386267908154718, 7.9209606942917e-05, 2.8256373817581573e-05, 0.00011067627956251037, 4.5915784281585344e-05], "param_alpha": [0.1, 0.25, 0.5, 0.75, 1.0], "params": [{"alpha": 0.1}, {"alpha": 0.25}, {"alpha": 0.5}, {"alpha": 0.75}, {"alpha": 1.0}], "split0_test_score": [0.9117647058823528, 0.9117647058823528, 0.9117647058823528, 0.9117647058823528, 0.9117647058823528], "split1_test_score": [0.8787878787878788, 0.8787878787878788, 0.8787878787878788, 0.9090909090909091, 0.9090909090909091], "split2_test_score": [0.9696969696969697, 0.9696969696969697, 0.9696969696969697, 0.9696969696969697, 0.9696969696969697], "mean_test_score": [0.9200831847890671, 0.9200831847890671, 0.9200831847890671, 0.9301841948900772, 0.9301841948900772], "std_test_score": [0.0375767083973608, 0.0375767083973608, 0.0375767083973608, 0.027961066110166282, 0.027961066110166282], "rank_test_score": [3, 3, 3, 1, 1]}, "additional_scores": {}}]