[{"experiment_name": "Iris_Evaluate", "train_set_name": "train", "train_set_size": 100, "test_set_name": "test", "test_set_size": 50, "featureset": "[\"example_iris_features\"]", "featureset_name": "example_iris", "shuffle": false, "learner_name": "SVC", "task": "evaluate", "start_timestamp": "14 Oct 2019 13:39:12.939637", "version": "1.5.3", "feature_scaling": "none", "folds_file": "", "grid_search": true, "grid_objective": "f1_score_micro", "grid_search_folds": "3", "min_feature_count": 1, "cv_folds": "None", "using_folds_file": false, "save_cv_folds": false, "save_cv_models": false, "use_folds_file_for_grid_search": true, "stratified_folds": true, "scikit_learn_version": "0.20.1", "end_timestamp": "14 Oct 2019 13:39:13.163282", "total_time": "0:00:00.223645", "result_table": "+------------+----------+--------------+-------------+-------------+----------+-------------+\n|            |   setosa |   versicolor |   virginica |   Precision |   Recall |   F-measure |\n+============+==========+==============+=============+=============+==========+=============+\n|     setosa |     [19] |            0 |           0 |       1.000 |    1.000 |       1.000 |\n+------------+----------+--------------+-------------+-------------+----------+-------------+\n| versicolor |        0 |         [15] |           0 |       1.000 |    1.000 |       1.000 |\n+------------+----------+--------------+-------------+-------------+----------+-------------+\n|  virginica |        0 |            0 |        [16] |       1.000 |    1.000 |       1.000 |\n+------------+----------+--------------+-------------+-------------+----------+-------------+\n(row = reference; column = predicted)", "accuracy": 1.0, "pearson": "", "score": 1.0, "fold": "", "model_params": "{\"C\": 10.0, \"cache_size\": 1000, \"class_weight\": null, \"coef0\": 0.0, \"decision_function_shape\": \"ovr\", \"degree\": 3, \"gamma\": \"auto\", \"kernel\": \"rbf\", \"max_iter\": -1, \"probability\": false, \"random_state\": 123456789, \"shrinking\": true, \"tol\": 0.001, \"verbose\": false}", "grid_score": 0.9598575036075037, "grid_search_cv_results": {"mean_fit_time": [0.0018409093221028645, 0.0019383430480957031, 0.0012249151865641277, 0.0013000965118408203, 0.0013076464335123699, 0.0013270378112792969, 0.0012598832448323567, 0.0016179084777832031, 0.002536773681640625, 0.0017180442810058594, 0.0010996659596761067, 0.0016120274861653645, 0.0011289119720458984, 0.001177390416463216, 0.0008465449015299479, 0.0023930867513020835, 0.0011057058970133464, 0.0010420481363932292, 0.0009619394938151041, 0.001981814702351888, 0.0013565222422281902, 0.0009402434031168619, 0.0020870367685953775, 0.0008243719736735026, 0.0008540948232014974, 0.000934600830078125, 0.0010368029276529949, 0.001854260762532552, 0.0011118253072102864, 0.002346197764078776, 0.0008270740509033203, 0.0008767445882161459, 0.0011242230733235676, 0.001081705093383789, 0.0013816356658935547], "std_fit_time": [0.0002894276075595417, 0.00026875411121787894, 0.0003083017023503226, 0.00047219171272188325, 0.00025427512540250185, 0.00043856024545383657, 0.00028471852704547453, 0.0002492275975989277, 0.0003869357010047903, 4.4022943139235804e-05, 0.0001627994887199002, 0.0001829324024163149, 0.00016118647709468793, 0.00025791647847102307, 7.026200874650761e-05, 0.0005981222986253131, 0.0003176526126186112, 0.00015066549337330485, 9.265097184233685e-05, 9.26722381678417e-05, 0.00031784635462544163, 0.00013990469577519974, 0.0004579413889142864, 1.4555037140413023e-05, 2.5094302660382678e-05, 3.772341505449953e-05, 1.0301473053777289e-05, 8.609394332730253e-05, 0.000187422818278909, 0.0003879761313553302, 3.671542905207258e-05, 9.513296338480971e-05, 0.00026543675781170724, 3.779567450892601e-05, 0.00017723798343984617], "mean_score_time": [0.0008157889048258463, 0.0006660620371500651, 0.0009440581003824869, 0.000782012939453125, 0.001035610834757487, 0.0008707046508789062, 0.0007383823394775391, 0.0010462601979573567, 0.0009045600891113281, 0.001035610834757487, 0.0006399949391682943, 0.0010886192321777344, 0.0007650852203369141, 0.0006693998972574869, 0.0005703767140706381, 0.0009477138519287109, 0.0006875991821289062, 0.0007060368855794271, 0.0006333192189534506, 0.0010796387990315754, 0.0007784366607666016, 0.0005763371785481771, 0.0006509621938069662, 0.0006435712178548177, 0.0005555947621663412, 0.0005813439687093099, 0.0007275740305582682, 0.0010120868682861328, 0.00080108642578125, 0.0008472601572672526, 0.0005539258321126302, 0.0006351470947265625, 0.0007917086283365885, 0.0005973180135091146, 0.0007427533467610677], "std_score_time": [0.00014160087788704553, 1.9584537950409158e-05, 0.0002401002018534605, 0.0002623222740560567, 0.0003415388840642794, 0.0001945741994689002, 0.00017230027566651993, 8.58779912278017e-05, 0.0002119331524711131, 0.00016524618785852675, 7.472114174451946e-05, 0.00017201598945295883, 0.0002446877073196045, 8.291628583244588e-05, 2.551883301289999e-05, 7.262654144961123e-05, 0.00015713804218392405, 0.00013189028089132443, 3.3663675234292626e-05, 5.679379888428443e-05, 0.00019311090538530573, 1.8020547605896084e-05, 5.442504288555949e-05, 8.275250568801511e-05, 6.916422119787401e-06, 1.0744424962317532e-05, 0.0001337586073173329, 5.81920445077214e-05, 0.00018724294854701937, 0.00019678362717190744, 1.503150937318947e-05, 0.00011126359302657008, 0.0002181123331981023, 1.0903722690672871e-05, 9.289483271281938e-05], "param_C": [0.01, 0.01, 0.01, 0.01, 0.01, 0.01, 0.01, 0.1, 0.1, 0.1, 0.1, 0.1, 0.1, 0.1, 1.0, 1.0, 1.0, 1.0, 1.0, 1.0, 1.0, 10.0, 10.0, 10.0, 10.0, 10.0, 10.0, 10.0, 100.0, 100.0, 100.0, 100.0, 100.0, 100.0, 100.0], "param_gamma": ["auto", "scale", 0.01, 0.1, 1.0, 10.0, 100.0, "auto", "scale", 0.01, 0.1, 1.0, 10.0, 100.0, "auto", "scale", 0.01, 0.1, 1.0, 10.0, 100.0, "auto", "scale", 0.01, 0.1, 1.0, 10.0, 100.0, "auto", "scale", 0.01, 0.1, 1.0, 10.0, 100.0], "params": [{"C": 0.01, "gamma": "auto"}, {"C": 0.01, "gamma": "scale"}, {"C": 0.01, "gamma": 0.01}, {"C": 0.01, "gamma": 0.1}, {"C": 0.01, "gamma": 1.0}, {"C": 0.01, "gamma": 10.0}, {"C": 0.01, "gamma": 100.0}, {"C": 0.1, "gamma": "auto"}, {"C": 0.1, "gamma": "scale"}, {"C": 0.1, "gamma": 0.01}, {"C": 0.1, "gamma": 0.1}, {"C": 0.1, "gamma": 1.0}, {"C": 0.1, "gamma": 10.0}, {"C": 0.1, "gamma": 100.0}, {"C": 1.0, "gamma": "auto"}, {"C": 1.0, "gamma": "scale"}, {"C": 1.0, "gamma": 0.01}, {"C": 1.0, "gamma": 0.1}, {"C": 1.0, "gamma": 1.0}, {"C": 1.0, "gamma": 10.0}, {"C": 1.0, "gamma": 100.0}, {"C": 10.0, "gamma": "auto"}, {"C": 10.0, "gamma": "scale"}, {"C": 10.0, "gamma": 0.01}, {"C": 10.0, "gamma": 0.1}, {"C": 10.0, "gamma": 1.0}, {"C": 10.0, "gamma": 10.0}, {"C": 10.0, "gamma": 100.0}, {"C": 100.0, "gamma": "auto"}, {"C": 100.0, "gamma": "scale"}, {"C": 100.0, "gamma": 0.01}, {"C": 100.0, "gamma": 0.1}, {"C": 100.0, "gamma": 1.0}, {"C": 100.0, "gamma": 10.0}, {"C": 100.0, "gamma": 100.0}], "split0_test_score": [0.34285714285714286, 0.34285714285714286, 0.34285714285714286, 0.34285714285714286, 0.34285714285714286, 0.34285714285714286, 0.34285714285714286, 0.8571428571428571, 0.8000000000000002, 0.34285714285714286, 0.8285714285714286, 0.9142857142857143, 0.34285714285714286, 0.34285714285714286, 0.9142857142857143, 0.9142857142857143, 0.8571428571428571, 0.9142857142857143, 0.9428571428571428, 0.9428571428571428, 0.4857142857142857, 0.9714285714285714, 0.9714285714285714, 0.9142857142857143, 0.9714285714285714, 0.9714285714285714, 0.9714285714285714, 0.4857142857142857, 0.9714285714285714, 0.9714285714285714, 0.9714285714285714, 0.9714285714285714, 0.9142857142857143, 0.9714285714285714, 0.4857142857142857], "split1_test_score": [0.6060606060606061, 0.6363636363636364, 0.6060606060606061, 0.6363636363636364, 0.6363636363636364, 0.48484848484848486, 0.3333333333333333, 0.9393939393939394, 0.9393939393939394, 0.6060606060606061, 0.9393939393939394, 0.9393939393939394, 0.48484848484848486, 0.3333333333333333, 0.9393939393939394, 0.9393939393939394, 0.9090909090909091, 0.9393939393939394, 0.9393939393939394, 0.7878787878787878, 0.45454545454545453, 0.9393939393939394, 0.9393939393939394, 0.9393939393939394, 0.9393939393939394, 0.8787878787878788, 0.7575757575757576, 0.5151515151515151, 0.8787878787878788, 0.9090909090909091, 0.9393939393939394, 0.8484848484848486, 0.8787878787878788, 0.7575757575757576, 0.5151515151515151], "split2_test_score": [0.34375, 0.34375, 0.34375, 0.34375, 0.34375, 0.34375, 0.34375, 0.875, 0.90625, 0.34375, 0.90625, 0.9375, 0.34375, 0.34375, 0.96875, 0.96875, 0.90625, 0.96875, 0.96875, 0.90625, 0.53125, 0.96875, 0.96875, 0.96875, 0.9375, 0.9375, 0.90625, 0.53125, 0.9375, 0.96875, 0.96875, 0.96875, 0.90625, 0.90625, 0.53125], "mean_test_score": [0.4308892496392496, 0.44099025974025974, 0.4308892496392496, 0.44099025974025974, 0.44099025974025974, 0.3904852092352093, 0.33998015873015874, 0.8905122655122656, 0.8818813131313132, 0.4308892496392496, 0.8914051226551227, 0.9303932178932178, 0.3904852092352093, 0.33998015873015874, 0.9408098845598846, 0.9408098845598846, 0.8908279220779219, 0.9408098845598846, 0.9503336940836942, 0.8789953102453102, 0.4905032467532468, 0.9598575036075037, 0.9598575036075037, 0.9408098845598846, 0.949440836940837, 0.9292388167388168, 0.8784181096681096, 0.510705266955267, 0.9292388167388168, 0.9497564935064936, 0.9598575036075037, 0.9295544733044734, 0.899774531024531, 0.8784181096681096, 0.510705266955267], "std_test_score": [0.12386539032714183, 0.13815032034800404, 0.12386539032714183, 0.13815032034800404, 0.13815032034800404, 0.06672590769618475, 0.0047141287184590255, 0.0353249951060232, 0.05945890603163603, 0.12386539032714183, 0.04644484193671543, 0.011415939323486442, 0.06672590769618475, 0.0047141287184590255, 0.022257482339302737, 0.022257482339302737, 0.023847157634616326, 0.022257482339302737, 0.013098821505746459, 0.06613968154931675, 0.031497062659044076, 0.014511186063780546, 0.014511186063780546, 0.022257482339302737, 0.015566890131179265, 0.0382688719883664, 0.08949568737384814, 0.018853861870441493, 0.0382688719883664, 0.028775695799525654, 0.014511186063780546, 0.0573353104553702, 0.015198088807413539, 0.08949568737384814, 0.018853861870441493], "rank_test_score": [29, 26, 29, 26, 26, 32, 34, 18, 19, 29, 16, 11, 32, 34, 7, 7, 17, 7, 4, 20, 25, 1, 1, 7, 6, 13, 21, 23, 13, 5, 1, 12, 15, 21, 23], "split0_train_score": [0.35384615384615387, 0.35384615384615387, 0.35384615384615387, 0.35384615384615387, 0.35384615384615387, 0.35384615384615387, 0.35384615384615387, 0.9384615384615385, 0.9230769230769231, 0.35384615384615387, 0.9230769230769231, 0.9384615384615385, 0.35384615384615387, 0.35384615384615387, 0.9692307692307692, 0.9538461538461539, 0.9384615384615385, 0.9538461538461539, 0.9692307692307692, 1.0, 1.0, 0.9692307692307692, 0.9692307692307692, 0.9538461538461539, 0.9692307692307692, 0.9692307692307692, 1.0, 1.0, 0.9846153846153847, 0.9692307692307692, 0.9846153846153847, 0.9692307692307692, 1.0, 1.0, 1.0], "split1_train_score": [0.6119402985074627, 0.6119402985074627, 0.582089552238806, 0.6119402985074627, 0.6417910447761194, 0.6716417910447762, 0.6865671641791045, 0.9253731343283582, 0.9253731343283582, 0.582089552238806, 0.9253731343283582, 0.9701492537313433, 0.6716417910447762, 0.6865671641791045, 0.9850746268656716, 0.9850746268656716, 0.8955223880597015, 0.9850746268656716, 1.0, 1.0, 1.0, 0.9850746268656716, 1.0, 0.9850746268656716, 1.0, 1.0, 1.0, 1.0, 1.0, 1.0, 1.0, 1.0, 1.0, 1.0, 1.0], "split2_train_score": [0.35294117647058826, 0.35294117647058826, 0.35294117647058826, 0.35294117647058826, 0.35294117647058826, 0.35294117647058826, 0.35294117647058826, 0.8970588235294118, 0.8970588235294118, 0.35294117647058826, 0.8676470588235294, 0.9411764705882353, 0.35294117647058826, 0.35294117647058826, 0.9411764705882353, 0.9411764705882353, 0.8970588235294118, 0.9411764705882353, 0.9705882352941176, 1.0, 1.0, 0.9705882352941176, 0.9705882352941176, 0.9411764705882353, 0.9705882352941176, 0.9705882352941176, 1.0, 1.0, 0.9705882352941176, 0.9705882352941176, 0.9705882352941176, 0.9705882352941176, 1.0, 1.0, 1.0], "mean_train_score": [0.439575876274735, 0.439575876274735, 0.429625627518516, 0.439575876274735, 0.44952612503095385, 0.45947637378717276, 0.46445149816528225, 0.9202978321064362, 0.9151696269782311, 0.429625627518516, 0.9053657054096037, 0.9499290875937056, 0.45947637378717276, 0.46445149816528225, 0.9651606222282254, 0.9600324171000203, 0.9103475833502173, 0.9600324171000203, 0.9799396681749624, 1.0, 1.0, 0.9749645437968528, 0.9799396681749624, 0.9600324171000203, 0.9799396681749624, 0.9799396681749624, 1.0, 1.0, 0.9850678733031675, 0.9799396681749624, 0.9850678733031675, 0.9799396681749624, 1.0, 1.0, 1.0], "std_train_score": [0.12188061176066002, 0.12188061176066002, 0.10780890811013176, 0.12188061176066002, 0.13595233054144085, 0.15002406019498404, 0.15705992818578401, 0.017279375382627332, 0.012840536014230524, 0.10780890811013176, 0.026687579779636282, 0.014340712513409579, 0.15002406019498404, 0.15705992818578401, 0.018150970655519464, 0.018447482591113586, 0.019889461405296748, 0.018447482591113586, 0.014195618179007474, 0.0, 0.0, 0.007170356256704763, 0.014195618179007474, 0.018447482591113586, 0.014195618179007474, 0.014195618179007474, 0.0, 0.0, 0.012011564851924315, 0.014195618179007474, 0.012011564851924315, 0.014195618179007474, 0.0, 0.0, 0.0]}, "additional_scores": {}}]