[{"experiment_name": "Iris_Evaluate", "train_set_name": "train", "train_set_size": 100, "test_set_name": "test", "test_set_size": 50, "featureset": "[\"example_iris_features\"]", "featureset_name": "example_iris", "shuffle": false, "learner_name": "LogisticRegression", "task": "evaluate", "start_timestamp": "10 Mar 2020 13:28:29.649351", "version": "2.0", "feature_scaling": "none", "folds_file": "", "grid_search": true, "grid_objective": "f1_score_micro", "grid_search_folds": "3", "min_feature_count": 1, "cv_folds": "None", "using_folds_file": false, "save_cv_folds": false, "save_cv_models": false, "use_folds_file_for_grid_search": true, "stratified_folds": true, "scikit_learn_version": "0.22.2.post1", "end_timestamp": "10 Mar 2020 13:28:29.676514", "total_time": "0:00:00.027163", "result_table": "+------------+----------+--------------+-------------+-------------+----------+-------------+\n|            |   setosa |   versicolor |   virginica |   Precision |   Recall |   F-measure |\n+============+==========+==============+=============+=============+==========+=============+\n|     setosa |     [19] |            0 |           0 |       1.000 |    1.000 |       1.000 |\n+------------+----------+--------------+-------------+-------------+----------+-------------+\n| versicolor |        0 |         [15] |           0 |       0.938 |    1.000 |       0.968 |\n+------------+----------+--------------+-------------+-------------+----------+-------------+\n|  virginica |        0 |            1 |        [15] |       1.000 |    0.938 |       0.968 |\n+------------+----------+--------------+-------------+-------------+----------+-------------+\n(row = reference; column = predicted)", "accuracy": 0.98, "pearson": "", "score": 0.98, "fold": "", "model_params": "{\"C\": 100.0, \"class_weight\": null, \"dual\": false, \"fit_intercept\": true, \"intercept_scaling\": 1, \"l1_ratio\": null, \"max_iter\": 1000, \"multi_class\": \"auto\", \"n_jobs\": null, \"penalty\": \"l2\", \"random_state\": 123456789, \"solver\": \"liblinear\", \"tol\": 0.0001, \"verbose\": 0, \"warm_start\": false}", "grid_score": 0.9494949494949495, "grid_search_cv_results": {"mean_fit_time": [0.0009583632151285807, 0.000805060068766276, 0.0008363723754882812, 0.0010501543680826824, 0.0010405381520589192], "std_fit_time": [0.0001046492508792783, 3.337879029477694e-05, 3.5487279369584176e-05, 0.00010189344242263372, 8.320463034315602e-05], "mean_score_time": [0.0006003379821777344, 0.0005710124969482422, 0.0006789366404215494, 0.0006779034932454427, 0.0006666183471679688], "std_score_time": [3.498665719597458e-05, 5.410263404695235e-05, 9.244500850278601e-05, 0.00017155652169873506, 9.476071323631126e-05], "param_C": [0.01, 0.1, 1.0, 10.0, 100.0], "params": [{"C": 0.01}, {"C": 0.1}, {"C": 1.0}, {"C": 10.0}, {"C": 100.0}], "split0_test_score": [0.6470588235294118, 0.7941176470588235, 1.0, 1.0, 1.0], "split1_test_score": [0.6666666666666666, 0.7575757575757576, 0.8181818181818182, 0.8181818181818182, 0.8484848484848486], "split2_test_score": [0.6363636363636364, 0.7272727272727273, 0.9393939393939394, 1.0, 1.0], "mean_test_score": [0.6500297088532383, 0.7596553773024363, 0.9191919191919192, 0.9393939393939394, 0.9494949494949495], "std_test_score": [0.012548254356472282, 0.027328915565240926, 0.07558903811664526, 0.08570991287109665, 0.0714249273925805], "rank_test_score": [5, 4, 3, 2, 1]}, "additional_scores": {}}]