[{"experiment_name": "Iris_Evaluate", "train_set_name": "train", "train_set_size": 100, "test_set_name": "test", "test_set_size": 50, "featureset": "[\"example_iris_features\"]", "featureset_name": "example_iris", "shuffle": false, "learner_name": "RandomForestClassifier", "task": "evaluate", "start_timestamp": "14 Oct 2019 13:39:10.043886", "version": "1.5.3", "feature_scaling": "none", "folds_file": "", "grid_search": true, "grid_objective": "f1_score_micro", "grid_search_folds": "3", "min_feature_count": 1, "cv_folds": "None", "using_folds_file": false, "save_cv_folds": false, "save_cv_models": false, "use_folds_file_for_grid_search": true, "stratified_folds": true, "scikit_learn_version": "0.20.1", "end_timestamp": "14 Oct 2019 13:39:12.935040", "total_time": "0:00:02.891154", "result_table": "+------------+----------+--------------+-------------+-------------+----------+-------------+\n|            |   setosa |   versicolor |   virginica |   Precision |   Recall |   F-measure |\n+============+==========+==============+=============+=============+==========+=============+\n|     setosa |     [19] |            0 |           0 |       1.000 |    1.000 |       1.000 |\n+------------+----------+--------------+-------------+-------------+----------+-------------+\n| versicolor |        0 |         [15] |           0 |       0.938 |    1.000 |       0.968 |\n+------------+----------+--------------+-------------+-------------+----------+-------------+\n|  virginica |        0 |            1 |        [15] |       1.000 |    0.938 |       0.968 |\n+------------+----------+--------------+-------------+-------------+----------+-------------+\n(row = reference; column = predicted)", "accuracy": 0.98, "pearson": "", "score": 0.98, "fold": "", "model_params": "{\"bootstrap\": true, \"class_weight\": null, \"criterion\": \"gini\", \"max_depth\": 5, \"max_features\": \"auto\", \"max_leaf_nodes\": null, \"min_impurity_decrease\": 0.0, \"min_impurity_split\": null, \"min_samples_leaf\": 1, \"min_samples_split\": 2, \"min_weight_fraction_leaf\": 0.0, \"n_estimators\": 500, \"n_jobs\": null, \"oob_score\": false, \"random_state\": 123456789, \"verbose\": 0, \"warm_start\": false}", "grid_score": 0.9301316738816738, "grid_search_cv_results": {"mean_fit_time": [0.4890329837799072, 0.48296260833740234, 0.5274075667063395, 0.5136021773020426], "std_fit_time": [0.021909343288074336, 0.018875440365627133, 0.0069149767607211855, 0.012505532111541514], "mean_score_time": [0.046858628590901695, 0.06877374649047852, 0.04995012283325195, 0.048253774642944336], "std_score_time": [0.0041970849131956435, 0.004444240209000757, 0.0009386291065406332, 0.002049062324096399], "param_max_depth": [1, 5, 10, null], "params": [{"max_depth": 1}, {"max_depth": 5}, {"max_depth": 10}, {"max_depth": null}], "split0_test_score": [0.9428571428571428, 0.9428571428571428, 0.9428571428571428, 0.9428571428571428], "split1_test_score": [0.8787878787878788, 0.8787878787878788, 0.8787878787878788, 0.8787878787878788], "split2_test_score": [0.9375, 0.96875, 0.96875, 0.96875], "mean_test_score": [0.9197150072150072, 0.9301316738816738, 0.9301316738816738, 0.9301316738816738], "std_test_score": [0.02902237212756114, 0.03781312808827392, 0.03781312808827392, 0.03781312808827392], "rank_test_score": [4, 1, 1, 1], "split0_train_score": [0.9692307692307692, 1.0, 1.0, 1.0], "split1_train_score": [0.9850746268656716, 1.0, 1.0, 1.0], "split2_train_score": [0.9411764705882353, 1.0, 1.0, 1.0], "mean_train_score": [0.9651606222282254, 1.0, 1.0, 1.0], "std_train_score": [0.018150970655519464, 0.0, 0.0, 0.0]}, "additional_scores": {}}]