[{"experiment_name": "Titanic_Evaluate_Untuned", "train_set_name": "train", "train_set_size": 569, "test_set_name": "dev", "test_set_size": 143, "featureset": "[\"family.csv\", \"misc.csv\", \"socioeconomic.csv\", \"vitals.csv\"]", "featureset_name": "family.csv+misc.csv+socioeconomic.csv+vitals.csv", "shuffle": false, "learner_name": "SVC", "task": "evaluate", "start_timestamp": "14 Oct 2019 11:46:44.141769", "version": "1.5.3", "feature_scaling": "none", "folds_file": "", "grid_search": false, "grid_objective": null, "grid_search_folds": "3", "min_feature_count": 1, "cv_folds": "None", "using_folds_file": false, "save_cv_folds": false, "save_cv_models": false, "use_folds_file_for_grid_search": true, "stratified_folds": true, "scikit_learn_version": "0.20.1", "end_timestamp": "14 Oct 2019 11:46:44.246366", "total_time": "0:00:00.104597", "result_table": "+----+------+------+-------------+----------+-------------+\n|    |    0 |    1 |   Precision |   Recall |   F-measure |\n+====+======+======+=============+==========+=============+\n|  0 | [74] |   13 |       0.763 |    0.851 |       0.804 |\n+----+------+------+-------------+----------+-------------+\n|  1 |   23 | [33] |       0.717 |    0.589 |       0.647 |\n+----+------+------+-------------+----------+-------------+\n(row = reference; column = predicted)", "accuracy": 0.7482517482517482, "pearson": "", "score": "", "fold": "", "model_params": "{\"C\": 1.0, \"cache_size\": 1000, \"class_weight\": null, \"coef0\": 0.0, \"decision_function_shape\": \"ovr\", \"degree\": 3, \"gamma\": \"scale\", \"kernel\": \"rbf\", \"max_iter\": -1, \"probability\": false, \"random_state\": 123456789, \"shrinking\": true, \"tol\": 0.001, \"verbose\": false}", "grid_score": 0.0, "grid_search_cv_results": null, "additional_scores": {}}]