[{"experiment_name": "Titanic_Evaluate_Tuned", "train_set_name": "train", "train_set_size": 569, "test_set_name": "dev", "test_set_size": 143, "featureset": "[\"family.csv\", \"misc.csv\", \"socioeconomic.csv\", \"vitals.csv\"]", "featureset_name": "family.csv+misc.csv+socioeconomic.csv+vitals.csv", "shuffle": false, "learner_name": "DecisionTreeClassifier", "task": "evaluate", "start_timestamp": "10 Mar 2020 13:17:34.383482", "version": "2.0", "feature_scaling": "none", "folds_file": "", "grid_search": true, "grid_objective": "accuracy", "grid_search_folds": "3", "min_feature_count": 1, "cv_folds": "None", "using_folds_file": false, "save_cv_folds": false, "save_cv_models": false, "use_folds_file_for_grid_search": true, "stratified_folds": true, "scikit_learn_version": "0.22.2.post1", "end_timestamp": "10 Mar 2020 13:17:34.489433", "total_time": "0:00:00.105951", "result_table": "+----+------+------+-------------+----------+-------------+\n|    |    0 |    1 |   Precision |   Recall |   F-measure |\n+====+======+======+=============+==========+=============+\n|  0 | [71] |   16 |       0.866 |    0.816 |       0.840 |\n+----+------+------+-------------+----------+-------------+\n|  1 |   11 | [45] |       0.738 |    0.804 |       0.769 |\n+----+------+------+-------------+----------+-------------+\n(row = reference; column = predicted)", "accuracy": 0.8111888111888111, "pearson": "", "score": 0.8111888111888111, "fold": "", "model_params": "{\"ccp_alpha\": 0.0, \"class_weight\": null, \"criterion\": \"gini\", \"max_depth\": null, \"max_features\": null, \"max_leaf_nodes\": null, \"min_impurity_decrease\": 0.0, \"min_impurity_split\": null, \"min_samples_leaf\": 1, \"min_samples_split\": 2, \"min_weight_fraction_leaf\": 0.0, \"presort\": \"deprecated\", \"random_state\": 123456789, \"splitter\": \"best\"}", "grid_score": 0.7539496890374083, "grid_search_cv_results": {"mean_fit_time": [0.0015725294748942058, 0.0019583702087402344], "std_fit_time": [3.7235218724999306e-05, 7.902488015103908e-05], "mean_score_time": [0.0003158251444498698, 0.00035500526428222656], "std_score_time": [8.104673248279546e-06, 4.347724750714228e-05], "param_max_features": ["auto", null], "params": [{"max_features": "auto"}, {"max_features": null}], "split0_test_score": [0.7315789473684211, 0.7157894736842105], "split1_test_score": [0.7315789473684211, 0.7947368421052632], "split2_test_score": [0.746031746031746, 0.7513227513227513], "mean_test_score": [0.7363965469228627, 0.7539496890374083], "std_test_score": [0.006813114627973956, 0.03228361138895783], "rank_test_score": [2, 1]}, "additional_scores": {"roc_auc": 0.814655172413793}}]