[{"experiment_name": "Titanic_Evaluate_Tuned", "train_set_name": "train", "train_set_size": 569, "test_set_name": "dev", "test_set_size": 143, "featureset": "[\"family.csv\", \"misc.csv\", \"socioeconomic.csv\", \"vitals.csv\"]", "featureset_name": "family.csv+misc.csv+socioeconomic.csv+vitals.csv", "shuffle": false, "learner_name": "RandomForestClassifier", "task": "evaluate", "start_timestamp": "14 Oct 2019 11:46:36.867424", "version": "1.5.3", "feature_scaling": "none", "folds_file": "", "grid_search": true, "grid_objective": "accuracy", "grid_search_folds": "3", "min_feature_count": 1, "cv_folds": "None", "using_folds_file": false, "save_cv_folds": false, "save_cv_models": false, "use_folds_file_for_grid_search": true, "stratified_folds": true, "scikit_learn_version": "0.20.1", "end_timestamp": "14 Oct 2019 11:46:41.547640", "total_time": "0:00:04.680216", "result_table": "+----+------+------+-------------+----------+-------------+\n|    |    0 |    1 |   Precision |   Recall |   F-measure |\n+====+======+======+=============+==========+=============+\n|  0 | [79] |    8 |       0.849 |    0.908 |       0.878 |\n+----+------+------+-------------+----------+-------------+\n|  1 |   14 | [42] |       0.840 |    0.750 |       0.792 |\n+----+------+------+-------------+----------+-------------+\n(row = reference; column = predicted)", "accuracy": 0.8461538461538461, "pearson": "", "score": 0.8461538461538461, "fold": "", "model_params": "{\"bootstrap\": true, \"class_weight\": null, \"criterion\": \"gini\", \"max_depth\": 5, \"max_features\": \"auto\", \"max_leaf_nodes\": null, \"min_impurity_decrease\": 0.0, \"min_impurity_split\": null, \"min_samples_leaf\": 1, \"min_samples_split\": 2, \"min_weight_fraction_leaf\": 0.0, \"n_estimators\": 500, \"n_jobs\": null, \"oob_score\": false, \"random_state\": 123456789, \"verbose\": 0, \"warm_start\": false}", "grid_score": 0.794315632011967, "grid_search_cv_results": {"mean_fit_time": [0.49504653612772626, 0.6827836036682129, 0.9411653677622477, 0.9338763554890951], "std_fit_time": [0.0014255347882918981, 0.004438276075532136, 0.00782204831316492, 0.014637422702320635], "mean_score_time": [0.054239352544148765, 0.07657210032145183, 0.0735010306040446, 0.07167895634969075], "std_score_time": [0.007845525986874375, 0.005754086975646696, 0.0021503639816468903, 0.002368855097226813], "param_max_depth": [1, 5, 10, null], "params": [{"max_depth": 1}, {"max_depth": 5}, {"max_depth": 10}, {"max_depth": null}], "split0_test_score": [0.8010471204188482, 0.8115183246073299, 0.774869109947644, 0.7382198952879581], "split1_test_score": [0.7777777777777778, 0.783068783068783, 0.798941798941799, 0.7883597883597884], "split2_test_score": [0.746031746031746, 0.7883597883597884, 0.7566137566137566, 0.7513227513227513], "mean_test_score": [0.7749522147427906, 0.794315632011967, 0.7768082218343998, 0.7593008116568325], "std_test_score": [0.02254862463783202, 0.012354436683374754, 0.01733466484654672, 0.021232668294153472], "rank_test_score": [3, 1, 2, 4], "split0_train_score": [0.7619047619047619, 0.8703703703703703, 0.9603174603174603, 0.9973544973544973], "split1_train_score": [0.7736842105263158, 0.8736842105263158, 0.9526315789473684, 0.9842105263157894], "split2_train_score": [0.7894736842105263, 0.8763157894736842, 0.968421052631579, 0.9868421052631579], "mean_train_score": [0.7750208855472014, 0.8734567901234568, 0.9604566972988026, 0.9894690429778149], "std_train_score": [0.011294582605801596, 0.0024325284661903587, 0.006446777490024223, 0.005678414977445354]}, "additional_scores": {"roc_auc": 0.8290229885057471}}]