[{"experiment_name": "Titanic_Evaluate_Untuned", "train_set_name": "train", "train_set_size": 569, "test_set_name": "dev", "test_set_size": 143, "featureset": "[\"family.csv\", \"misc.csv\", \"socioeconomic.csv\", \"vitals.csv\"]", "featureset_name": "family.csv+misc.csv+socioeconomic.csv+vitals.csv", "shuffle": false, "learner_name": "RandomForestClassifier", "task": "evaluate", "start_timestamp": "14 Oct 2019 11:46:42.762839", "version": "1.5.3", "feature_scaling": "none", "folds_file": "", "grid_search": false, "grid_objective": null, "grid_search_folds": "3", "min_feature_count": 1, "cv_folds": "None", "using_folds_file": false, "save_cv_folds": false, "save_cv_models": false, "use_folds_file_for_grid_search": true, "stratified_folds": true, "scikit_learn_version": "0.20.1", "end_timestamp": "14 Oct 2019 11:46:44.052753", "total_time": "0:00:01.289914", "result_table": "+----+------+------+-------------+----------+-------------+\n|    |    0 |    1 |   Precision |   Recall |   F-measure |\n+====+======+======+=============+==========+=============+\n|  0 | [72] |   15 |       0.900 |    0.828 |       0.862 |\n+----+------+------+-------------+----------+-------------+\n|  1 |    8 | [48] |       0.762 |    0.857 |       0.807 |\n+----+------+------+-------------+----------+-------------+\n(row = reference; column = predicted)", "accuracy": 0.8391608391608392, "pearson": "", "score": "", "fold": "", "model_params": "{\"bootstrap\": true, \"class_weight\": null, \"criterion\": \"gini\", \"max_depth\": null, \"max_features\": \"auto\", \"max_leaf_nodes\": null, \"min_impurity_decrease\": 0.0, \"min_impurity_split\": null, \"min_samples_leaf\": 1, \"min_samples_split\": 2, \"min_weight_fraction_leaf\": 0.0, \"n_estimators\": 500, \"n_jobs\": null, \"oob_score\": false, \"random_state\": 123456789, \"verbose\": 0, \"warm_start\": false}", "grid_score": 0.0, "grid_search_cv_results": null, "additional_scores": {}}]