[{"experiment_name": "Titanic_Learning_Curve", "train_set_name": "train", "train_set_size": 569, "test_set_name": "cv", "test_set_size": "n/a", "featureset": "[\"socioeconomic.csv\", \"vitals.csv\"]", "featureset_name": "economic_and_vitals", "shuffle": false, "learner_name": "RandomForestClassifier", "task": "learning_curve", "start_timestamp": "14 Oct 2019 11:46:19.449691", "version": "1.5.3", "feature_scaling": "none", "folds_file": "", "grid_search": false, "grid_objective": "accuracy", "grid_search_folds": "3", "min_feature_count": 1, "cv_folds": "None", "using_folds_file": false, "save_cv_folds": false, "save_cv_models": false, "use_folds_file_for_grid_search": true, "stratified_folds": true, "scikit_learn_version": "0.20.1", "end_timestamp": "14 Oct 2019 11:46:33.655863", "total_time": "0:00:14.206172", "learning_curve_cv_folds": 10, "given_curve_train_sizes": [0.1, 0.325, 0.55, 0.775, 1.0], "learning_curve_train_scores_means": [0.9955555555555555, 0.9945578231292517, 0.9916, 0.9897727272727274, 0.9865934065934067], "learning_curve_test_scores_means": [0.7210526315789474, 0.7464912280701755, 0.7710526315789474, 0.7701754385964913, 0.7710526315789474], "learning_curve_train_scores_stds": [0.009369711585684101, 0.005366058760181064, 0.00514673575083168, 0.004481878623560307, 0.004450210270619044], "learning_curve_test_scores_stds": [0.05061098601969311, 0.03470798415374017, 0.039109211879234385, 0.03116470782333152, 0.024965349948697722], "computed_curve_train_sizes": [45, 147, 250, 352, 455]}]