[{"experiment_name": "Titanic_Evaluate_Untuned", "train_set_name": "train", "train_set_size": 569, "test_set_name": "dev", "test_set_size": 143, "featureset": "[\"family.csv\", \"misc.csv\", \"socioeconomic.csv\", \"vitals.csv\"]", "featureset_name": "family.csv+misc.csv+socioeconomic.csv+vitals.csv", "shuffle": false, "learner_name": "DecisionTreeClassifier", "task": "evaluate", "start_timestamp": "14 Oct 2019 11:46:44.056954", "version": "1.5.3", "feature_scaling": "none", "folds_file": "", "grid_search": false, "grid_objective": null, "grid_search_folds": "3", "min_feature_count": 1, "cv_folds": "None", "using_folds_file": false, "save_cv_folds": false, "save_cv_models": false, "use_folds_file_for_grid_search": true, "stratified_folds": true, "scikit_learn_version": "0.20.1", "end_timestamp": "14 Oct 2019 11:46:44.139788", "total_time": "0:00:00.082834", "result_table": "+----+------+------+-------------+----------+-------------+\n|    |    0 |    1 |   Precision |   Recall |   F-measure |\n+====+======+======+=============+==========+=============+\n|  0 | [71] |   16 |       0.866 |    0.816 |       0.840 |\n+----+------+------+-------------+----------+-------------+\n|  1 |   11 | [45] |       0.738 |    0.804 |       0.769 |\n+----+------+------+-------------+----------+-------------+\n(row = reference; column = predicted)", "accuracy": 0.8111888111888111, "pearson": "", "score": "", "fold": "", "model_params": "{\"class_weight\": null, \"criterion\": \"gini\", \"max_depth\": null, \"max_features\": null, \"max_leaf_nodes\": null, \"min_impurity_decrease\": 0.0, \"min_impurity_split\": null, \"min_samples_leaf\": 1, \"min_samples_split\": 2, \"min_weight_fraction_leaf\": 0.0, \"presort\": false, \"random_state\": 123456789, \"splitter\": \"best\"}", "grid_score": 0.0, "grid_search_cv_results": null, "additional_scores": {}}]