[{"experiment_name": "Titanic_CV", "train_set_name": "train+dev", "train_set_size": 712, "test_set_name": "cv", "test_set_size": "n/a", "featureset": "[\"family.csv\", \"misc.csv\", \"socioeconomic.csv\", \"vitals.csv\"]", "featureset_name": "family.csv+misc.csv+socioeconomic.csv+vitals.csv", "shuffle": false, "learner_name": "DecisionTreeClassifier", "task": "cross_validate", "start_timestamp": "10 Mar 2020 13:16:40.318407", "version": "2.0", "feature_scaling": "none", "folds_file": "", "grid_search": true, "grid_objective": "accuracy", "grid_search_folds": "3", "min_feature_count": 1, "cv_folds": "10", "using_folds_file": false, "save_cv_folds": false, "save_cv_models": false, "use_folds_file_for_grid_search": true, "stratified_folds": true, "scikit_learn_version": "0.22.2.post1", "end_timestamp": "10 Mar 2020 13:16:40.614513", "total_time": "0:00:00.296106", "result_table": "+----+------+------+-------------+----------+-------------+\n|    |    0 |    1 |   Precision |   Recall |   F-measure |\n+====+======+======+=============+==========+=============+\n|  0 | [34] |    9 |       0.850 |    0.791 |       0.819 |\n+----+------+------+-------------+----------+-------------+\n|  1 |    6 | [23] |       0.719 |    0.793 |       0.754 |\n+----+------+------+-------------+----------+-------------+\n(row = reference; column = predicted)", "accuracy": 0.7916666666666666, "pearson": "", "score": 0.7916666666666666, "fold": 1, "model_params": "{\"ccp_alpha\": 0.0, \"class_weight\": null, \"criterion\": \"gini\", \"max_depth\": null, \"max_features\": null, \"max_leaf_nodes\": null, \"min_impurity_decrease\": 0.0, \"min_impurity_split\": null, \"min_samples_leaf\": 1, \"min_samples_split\": 2, \"min_weight_fraction_leaf\": 0.0, \"presort\": \"deprecated\", \"random_state\": 123456789, \"splitter\": \"best\"}", "grid_score": 0.7578649466894826, "grid_search_cv_results": {"mean_fit_time": [0.0019423166910807292, 0.0028889973958333335], "std_fit_time": [4.359968290941375e-05, 0.00013969434458572955], "mean_score_time": [0.0004260540008544922, 0.0004496574401855469], "std_score_time": [4.198379005817017e-05, 1.7523360085499725e-05], "param_max_features": ["auto", null], "params": [{"max_features": "auto"}, {"max_features": null}], "split0_test_score": [0.719626168224299, 0.7242990654205608], "split1_test_score": [0.7652582159624414, 0.7511737089201878], "split2_test_score": [0.7605633802816901, 0.7981220657276995], "mean_test_score": [0.7484825881561434, 0.7578649466894826], "std_test_score": [0.020494391086010616, 0.03050724876430606], "rank_test_score": [2, 1]}, "additional_scores": {}}, {"experiment_name": "Titanic_CV", "train_set_name": "train+dev", "train_set_size": 712, "test_set_name": "cv", "test_set_size": "n/a", "featureset": "[\"family.csv\", \"misc.csv\", \"socioeconomic.csv\", \"vitals.csv\"]", "featureset_name": "family.csv+misc.csv+socioeconomic.csv+vitals.csv", "shuffle": false, "learner_name": "DecisionTreeClassifier", "task": "cross_validate", "start_timestamp": "10 Mar 2020 13:16:40.318407", "version": "2.0", "feature_scaling": "none", "folds_file": "", "grid_search": true, "grid_objective": "accuracy", "grid_search_folds": "3", "min_feature_count": 1, "cv_folds": "10", "using_folds_file": false, "save_cv_folds": false, "save_cv_models": false, "use_folds_file_for_grid_search": true, "stratified_folds": true, "scikit_learn_version": "0.22.2.post1", "end_timestamp": "10 Mar 2020 13:16:40.614513", "total_time": "0:00:00.296106", "result_table": "+----+------+------+-------------+----------+-------------+\n|    |    0 |    1 |   Precision |   Recall |   F-measure |\n+====+======+======+=============+==========+=============+\n|  0 | [36] |    7 |       0.800 |    0.837 |       0.818 |\n+----+------+------+-------------+----------+-------------+\n|  1 |    9 | [20] |       0.741 |    0.690 |       0.714 |\n+----+------+------+-------------+----------+-------------+\n(row = reference; column = predicted)", "accuracy": 0.7777777777777778, "pearson": "", "score": 0.7777777777777778, "fold": 2, "model_params": "{\"ccp_alpha\": 0.0, \"class_weight\": null, \"criterion\": \"gini\", \"max_depth\": null, \"max_features\": null, \"max_leaf_nodes\": null, \"min_impurity_decrease\": 0.0, \"min_impurity_split\": null, \"min_samples_leaf\": 1, \"min_samples_split\": 2, \"min_weight_fraction_leaf\": 0.0, \"presort\": \"deprecated\", \"random_state\": 123456789, \"splitter\": \"best\"}", "grid_score": 0.7656604215114154, "grid_search_cv_results": {"mean_fit_time": [0.0019470055898030598, 0.0024658838907877603], "std_fit_time": [0.00012470033715535273, 5.637119236489789e-05], "mean_score_time": [0.0003914038340250651, 0.00041866302490234375], "std_score_time": [1.2173104658824615e-05, 3.482543875982325e-05], "param_max_features": ["auto", null], "params": [{"max_features": "auto"}, {"max_features": null}], "split0_test_score": [0.7102803738317757, 0.7429906542056075], "split1_test_score": [0.7370892018779343, 0.7464788732394366], "split2_test_score": [0.7605633802816901, 0.8075117370892019], "mean_test_score": [0.7359776519971333, 0.7656604215114154], "std_test_score": [0.020542992994590087, 0.029627592766435378], "rank_test_score": [2, 1]}, "additional_scores": {}}, {"experiment_name": "Titanic_CV", "train_set_name": "train+dev", "train_set_size": 712, "test_set_name": "cv", "test_set_size": "n/a", "featureset": "[\"family.csv\", \"misc.csv\", \"socioeconomic.csv\", \"vitals.csv\"]", "featureset_name": "family.csv+misc.csv+socioeconomic.csv+vitals.csv", "shuffle": false, "learner_name": "DecisionTreeClassifier", "task": "cross_validate", "start_timestamp": "10 Mar 2020 13:16:40.318407", "version": "2.0", "feature_scaling": "none", "folds_file": "", "grid_search": true, "grid_objective": "accuracy", "grid_search_folds": "3", "min_feature_count": 1, "cv_folds": "10", "using_folds_file": false, "save_cv_folds": false, "save_cv_models": false, "use_folds_file_for_grid_search": true, "stratified_folds": true, "scikit_learn_version": "0.22.2.post1", "end_timestamp": "10 Mar 2020 13:16:40.614513", "total_time": "0:00:00.296106", "result_table": "+----+------+------+-------------+----------+-------------+\n|    |    0 |    1 |   Precision |   Recall |   F-measure |\n+====+======+======+=============+==========+=============+\n|  0 | [32] |   11 |       0.842 |    0.744 |       0.790 |\n+----+------+------+-------------+----------+-------------+\n|  1 |    6 | [22] |       0.667 |    0.786 |       0.721 |\n+----+------+------+-------------+----------+-------------+\n(row = reference; column = predicted)", "accuracy": 0.7605633802816901, "pearson": "", "score": 0.7605633802816901, "fold": 3, "model_params": "{\"ccp_alpha\": 0.0, \"class_weight\": null, \"criterion\": \"gini\", \"max_depth\": null, \"max_features\": null, \"max_leaf_nodes\": null, \"min_impurity_decrease\": 0.0, \"min_impurity_split\": null, \"min_samples_leaf\": 1, \"min_samples_split\": 2, \"min_weight_fraction_leaf\": 0.0, \"presort\": \"deprecated\", \"random_state\": 123456789, \"splitter\": \"best\"}", "grid_score": 0.7410088777733902, "grid_search_cv_results": {"mean_fit_time": [0.0021956761678059897, 0.0029123624165852866], "std_fit_time": [8.767761981347486e-05, 0.00021995035342885233], "mean_score_time": [0.0005567073822021484, 0.0004092852274576823], "std_score_time": [0.00011304376675815921, 2.278308226064206e-05], "param_max_features": ["auto", null], "params": [{"max_features": "auto"}, {"max_features": null}], "split0_test_score": [0.6822429906542056, 0.7616822429906542], "split1_test_score": [0.7663551401869159, 0.7336448598130841], "split2_test_score": [0.7323943661971831, 0.7276995305164319], "mean_test_score": [0.7269974990127682, 0.7410088777733902], "std_test_score": [0.034550041546602274, 0.014818406508263033], "rank_test_score": [2, 1]}, "additional_scores": {}}, {"experiment_name": "Titanic_CV", "train_set_name": "train+dev", "train_set_size": 712, "test_set_name": "cv", "test_set_size": "n/a", "featureset": "[\"family.csv\", \"misc.csv\", \"socioeconomic.csv\", \"vitals.csv\"]", "featureset_name": "family.csv+misc.csv+socioeconomic.csv+vitals.csv", "shuffle": false, "learner_name": "DecisionTreeClassifier", "task": "cross_validate", "start_timestamp": "10 Mar 2020 13:16:40.318407", "version": "2.0", "feature_scaling": "none", "folds_file": "", "grid_search": true, "grid_objective": "accuracy", "grid_search_folds": "3", "min_feature_count": 1, "cv_folds": "10", "using_folds_file": false, "save_cv_folds": false, "save_cv_models": false, "use_folds_file_for_grid_search": true, "stratified_folds": true, "scikit_learn_version": "0.22.2.post1", "end_timestamp": "10 Mar 2020 13:16:40.614513", "total_time": "0:00:00.296106", "result_table": "+----+------+------+-------------+----------+-------------+\n|    |    0 |    1 |   Precision |   Recall |   F-measure |\n+====+======+======+=============+==========+=============+\n|  0 | [35] |    8 |       0.795 |    0.814 |       0.805 |\n+----+------+------+-------------+----------+-------------+\n|  1 |    9 | [19] |       0.704 |    0.679 |       0.691 |\n+----+------+------+-------------+----------+-------------+\n(row = reference; column = predicted)", "accuracy": 0.7605633802816901, "pearson": "", "score": 0.7605633802816901, "fold": 4, "model_params": "{\"ccp_alpha\": 0.0, \"class_weight\": null, \"criterion\": \"gini\", \"max_depth\": null, \"max_features\": null, \"max_leaf_nodes\": null, \"min_impurity_decrease\": 0.0, \"min_impurity_split\": null, \"min_samples_leaf\": 1, \"min_samples_split\": 2, \"min_weight_fraction_leaf\": 0.0, \"presort\": \"deprecated\", \"random_state\": 123456789, \"splitter\": \"best\"}", "grid_score": 0.7378936129758823, "grid_search_cv_results": {"mean_fit_time": [0.0020640691121419272, 0.0025103092193603516], "std_fit_time": [5.6374889626309996e-05, 3.7268110985733946e-05], "mean_score_time": [0.00041755040486653644, 0.00042812029520670575], "std_score_time": [1.4279041547607085e-05, 6.547483336588287e-05], "param_max_features": ["auto", null], "params": [{"max_features": "auto"}, {"max_features": null}], "split0_test_score": [0.719626168224299, 0.7523364485981309], "split1_test_score": [0.7009345794392523, 0.7336448598130841], "split2_test_score": [0.7417840375586855, 0.7276995305164319], "mean_test_score": [0.7207815950740789, 0.7378936129758823], "std_test_score": [0.016696722543994992, 0.010497090413375735], "rank_test_score": [2, 1]}, "additional_scores": {}}, {"experiment_name": "Titanic_CV", "train_set_name": "train+dev", "train_set_size": 712, "test_set_name": "cv", "test_set_size": "n/a", "featureset": "[\"family.csv\", \"misc.csv\", \"socioeconomic.csv\", \"vitals.csv\"]", "featureset_name": "family.csv+misc.csv+socioeconomic.csv+vitals.csv", "shuffle": false, "learner_name": "DecisionTreeClassifier", "task": "cross_validate", "start_timestamp": "10 Mar 2020 13:16:40.318407", "version": "2.0", "feature_scaling": "none", "folds_file": "", "grid_search": true, "grid_objective": "accuracy", "grid_search_folds": "3", "min_feature_count": 1, "cv_folds": "10", "using_folds_file": false, "save_cv_folds": false, "save_cv_models": false, "use_folds_file_for_grid_search": true, "stratified_folds": true, "scikit_learn_version": "0.22.2.post1", "end_timestamp": "10 Mar 2020 13:16:40.614513", "total_time": "0:00:00.296106", "result_table": "+----+------+------+-------------+----------+-------------+\n|    |    0 |    1 |   Precision |   Recall |   F-measure |\n+====+======+======+=============+==========+=============+\n|  0 | [31] |   11 |       0.795 |    0.738 |       0.765 |\n+----+------+------+-------------+----------+-------------+\n|  1 |    8 | [21] |       0.656 |    0.724 |       0.689 |\n+----+------+------+-------------+----------+-------------+\n(row = reference; column = predicted)", "accuracy": 0.7323943661971831, "pearson": "", "score": 0.7323943661971831, "fold": 5, "model_params": "{\"ccp_alpha\": 0.0, \"class_weight\": null, \"criterion\": \"gini\", \"max_depth\": null, \"max_features\": null, \"max_leaf_nodes\": null, \"min_impurity_decrease\": 0.0, \"min_impurity_split\": null, \"min_samples_leaf\": 1, \"min_samples_split\": 2, \"min_weight_fraction_leaf\": 0.0, \"presort\": \"deprecated\", \"random_state\": 123456789, \"splitter\": \"best\"}", "grid_score": 0.7379155514603718, "grid_search_cv_results": {"mean_fit_time": [0.0017958482106526692, 0.0022743542989095054], "std_fit_time": [4.3311031554068555e-05, 3.3287840776038264e-05], "mean_score_time": [0.00036446253458658856, 0.0003813902537027995], "std_score_time": [6.883469153573507e-06, 1.9186730112592155e-05], "param_max_features": ["auto", null], "params": [{"max_features": "auto"}, {"max_features": null}], "split0_test_score": [0.7336448598130841, 0.7616822429906542], "split1_test_score": [0.7289719626168224, 0.7102803738317757], "split2_test_score": [0.7183098591549296, 0.7417840375586855], "mean_test_score": [0.7269755605282787, 0.7379155514603718], "std_test_score": [0.0064176723335259206, 0.021162260855530104], "rank_test_score": [2, 1]}, "additional_scores": {}}, {"experiment_name": "Titanic_CV", "train_set_name": "train+dev", "train_set_size": 712, "test_set_name": "cv", "test_set_size": "n/a", "featureset": "[\"family.csv\", \"misc.csv\", \"socioeconomic.csv\", \"vitals.csv\"]", "featureset_name": "family.csv+misc.csv+socioeconomic.csv+vitals.csv", "shuffle": false, "learner_name": "DecisionTreeClassifier", "task": "cross_validate", "start_timestamp": "10 Mar 2020 13:16:40.318407", "version": "2.0", "feature_scaling": "none", "folds_file": "", "grid_search": true, "grid_objective": "accuracy", "grid_search_folds": "3", "min_feature_count": 1, "cv_folds": "10", "using_folds_file": false, "save_cv_folds": false, "save_cv_models": false, "use_folds_file_for_grid_search": true, "stratified_folds": true, "scikit_learn_version": "0.22.2.post1", "end_timestamp": "10 Mar 2020 13:16:40.614513", "total_time": "0:00:00.296106", "result_table": "+----+------+------+-------------+----------+-------------+\n|    |    0 |    1 |   Precision |   Recall |   F-measure |\n+====+======+======+=============+==========+=============+\n|  0 | [35] |    7 |       0.833 |    0.833 |       0.833 |\n+----+------+------+-------------+----------+-------------+\n|  1 |    7 | [22] |       0.759 |    0.759 |       0.759 |\n+----+------+------+-------------+----------+-------------+\n(row = reference; column = predicted)", "accuracy": 0.8028169014084507, "pearson": "", "score": 0.8028169014084507, "fold": 6, "model_params": "{\"ccp_alpha\": 0.0, \"class_weight\": null, \"criterion\": \"gini\", \"max_depth\": null, \"max_features\": null, \"max_leaf_nodes\": null, \"min_impurity_decrease\": 0.0, \"min_impurity_split\": null, \"min_samples_leaf\": 1, \"min_samples_split\": 2, \"min_weight_fraction_leaf\": 0.0, \"presort\": \"deprecated\", \"random_state\": 123456789, \"splitter\": \"best\"}", "grid_score": 0.7519342430491568, "grid_search_cv_results": {"mean_fit_time": [0.0018887519836425781, 0.002453883488972982], "std_fit_time": [0.00011427804827861757, 0.0001396769818933209], "mean_score_time": [0.00035683314005533856, 0.00045752525329589844], "std_score_time": [2.1531132354965316e-06, 7.534731256598947e-05], "param_max_features": ["auto", null], "params": [{"max_features": "auto"}, {"max_features": null}], "split0_test_score": [0.7149532710280374, 0.7710280373831776], "split1_test_score": [0.7710280373831776, 0.7429906542056075], "split2_test_score": [0.7276995305164319, 0.7417840375586855], "mean_test_score": [0.7378936129758823, 0.7519342430491568], "std_test_score": [0.02400047698607185, 0.013510334747532327], "rank_test_score": [2, 1]}, "additional_scores": {}}, {"experiment_name": "Titanic_CV", "train_set_name": "train+dev", "train_set_size": 712, "test_set_name": "cv", "test_set_size": "n/a", "featureset": "[\"family.csv\", \"misc.csv\", \"socioeconomic.csv\", \"vitals.csv\"]", "featureset_name": "family.csv+misc.csv+socioeconomic.csv+vitals.csv", "shuffle": false, "learner_name": "DecisionTreeClassifier", "task": "cross_validate", "start_timestamp": "10 Mar 2020 13:16:40.318407", "version": "2.0", "feature_scaling": "none", "folds_file": "", "grid_search": true, "grid_objective": "accuracy", "grid_search_folds": "3", "min_feature_count": 1, "cv_folds": "10", "using_folds_file": false, "save_cv_folds": false, "save_cv_models": false, "use_folds_file_for_grid_search": true, "stratified_folds": true, "scikit_learn_version": "0.22.2.post1", "end_timestamp": "10 Mar 2020 13:16:40.614513", "total_time": "0:00:00.296106", "result_table": "+----+------+------+-------------+----------+-------------+\n|    |    0 |    1 |   Precision |   Recall |   F-measure |\n+====+======+======+=============+==========+=============+\n|  0 | [36] |    6 |       0.783 |    0.857 |       0.818 |\n+----+------+------+-------------+----------+-------------+\n|  1 |   10 | [19] |       0.760 |    0.655 |       0.704 |\n+----+------+------+-------------+----------+-------------+\n(row = reference; column = predicted)", "accuracy": 0.7746478873239436, "pearson": "", "score": 0.7746478873239436, "fold": 7, "model_params": "{\"ccp_alpha\": 0.0, \"class_weight\": null, \"criterion\": \"gini\", \"max_depth\": null, \"max_features\": null, \"max_leaf_nodes\": null, \"min_impurity_decrease\": 0.0, \"min_impurity_split\": null, \"min_samples_leaf\": 1, \"min_samples_split\": 2, \"min_weight_fraction_leaf\": 0.0, \"presort\": \"deprecated\", \"random_state\": 123456789, \"splitter\": \"best\"}", "grid_score": 0.7550860719874805, "grid_search_cv_results": {"mean_fit_time": [0.0017581780751546223, 0.0024187564849853516], "std_fit_time": [3.0458744611224847e-05, 3.655250487335999e-05], "mean_score_time": [0.00037169456481933594, 0.00044544537862141925], "std_score_time": [1.1223413749637432e-05, 5.3341979775477624e-05], "param_max_features": ["auto", null], "params": [{"max_features": "auto"}, {"max_features": null}], "split0_test_score": [0.7009345794392523, 0.7476635514018691], "split1_test_score": [0.7710280373831776, 0.7523364485981309], "split2_test_score": [0.755868544600939, 0.7652582159624414], "mean_test_score": [0.742610387141123, 0.7550860719874805], "std_test_score": [0.030112093540150528, 0.0074414773101944345], "rank_test_score": [2, 1]}, "additional_scores": {}}, {"experiment_name": "Titanic_CV", "train_set_name": "train+dev", "train_set_size": 712, "test_set_name": "cv", "test_set_size": "n/a", "featureset": "[\"family.csv\", \"misc.csv\", \"socioeconomic.csv\", \"vitals.csv\"]", "featureset_name": "family.csv+misc.csv+socioeconomic.csv+vitals.csv", "shuffle": false, "learner_name": "DecisionTreeClassifier", "task": "cross_validate", "start_timestamp": "10 Mar 2020 13:16:40.318407", "version": "2.0", "feature_scaling": "none", "folds_file": "", "grid_search": true, "grid_objective": "accuracy", "grid_search_folds": "3", "min_feature_count": 1, "cv_folds": "10", "using_folds_file": false, "save_cv_folds": false, "save_cv_models": false, "use_folds_file_for_grid_search": true, "stratified_folds": true, "scikit_learn_version": "0.22.2.post1", "end_timestamp": "10 Mar 2020 13:16:40.614513", "total_time": "0:00:00.296106", "result_table": "+----+------+------+-------------+----------+-------------+\n|    |    0 |    1 |   Precision |   Recall |   F-measure |\n+====+======+======+=============+==========+=============+\n|  0 | [33] |    9 |       0.786 |    0.786 |       0.786 |\n+----+------+------+-------------+----------+-------------+\n|  1 |    9 | [20] |       0.690 |    0.690 |       0.690 |\n+----+------+------+-------------+----------+-------------+\n(row = reference; column = predicted)", "accuracy": 0.7464788732394366, "pearson": "", "score": 0.7464788732394366, "fold": 8, "model_params": "{\"ccp_alpha\": 0.0, \"class_weight\": null, \"criterion\": \"gini\", \"max_depth\": null, \"max_features\": null, \"max_leaf_nodes\": null, \"min_impurity_decrease\": 0.0, \"min_impurity_split\": null, \"min_samples_leaf\": 1, \"min_samples_split\": 2, \"min_weight_fraction_leaf\": 0.0, \"presort\": \"deprecated\", \"random_state\": 123456789, \"splitter\": \"best\"}", "grid_score": 0.7722639053427524, "grid_search_cv_results": {"mean_fit_time": [0.002073049545288086, 0.0026012261708577475], "std_fit_time": [6.871199734655926e-05, 1.6747479229128326e-05], "mean_score_time": [0.0004673004150390625, 0.00039505958557128906], "std_score_time": [5.7990469522310095e-05, 1.2338017495093928e-05], "param_max_features": ["auto", null], "params": [{"max_features": "auto"}, {"max_features": null}], "split0_test_score": [0.7336448598130841, 0.7757009345794392], "split1_test_score": [0.780373831775701, 0.7476635514018691], "split2_test_score": [0.755868544600939, 0.7934272300469484], "mean_test_score": [0.756629078729908, 0.7722639053427524], "std_test_score": [0.019084601371991895, 0.018840354707611022], "rank_test_score": [2, 1]}, "additional_scores": {}}, {"experiment_name": "Titanic_CV", "train_set_name": "train+dev", "train_set_size": 712, "test_set_name": "cv", "test_set_size": "n/a", "featureset": "[\"family.csv\", \"misc.csv\", \"socioeconomic.csv\", \"vitals.csv\"]", "featureset_name": "family.csv+misc.csv+socioeconomic.csv+vitals.csv", "shuffle": false, "learner_name": "DecisionTreeClassifier", "task": "cross_validate", "start_timestamp": "10 Mar 2020 13:16:40.318407", "version": "2.0", "feature_scaling": "none", "folds_file": "", "grid_search": true, "grid_objective": "accuracy", "grid_search_folds": "3", "min_feature_count": 1, "cv_folds": "10", "using_folds_file": false, "save_cv_folds": false, "save_cv_models": false, "use_folds_file_for_grid_search": true, "stratified_folds": true, "scikit_learn_version": "0.22.2.post1", "end_timestamp": "10 Mar 2020 13:16:40.614513", "total_time": "0:00:00.296106", "result_table": "+----+------+------+-------------+----------+-------------+\n|    |    0 |    1 |   Precision |   Recall |   F-measure |\n+====+======+======+=============+==========+=============+\n|  0 | [33] |    9 |       0.767 |    0.786 |       0.776 |\n+----+------+------+-------------+----------+-------------+\n|  1 |   10 | [19] |       0.679 |    0.655 |       0.667 |\n+----+------+------+-------------+----------+-------------+\n(row = reference; column = predicted)", "accuracy": 0.7323943661971831, "pearson": "", "score": 0.7323943661971831, "fold": 9, "model_params": "{\"ccp_alpha\": 0.0, \"class_weight\": null, \"criterion\": \"gini\", \"max_depth\": null, \"max_features\": null, \"max_leaf_nodes\": null, \"min_impurity_decrease\": 0.0, \"min_impurity_split\": null, \"min_samples_leaf\": 1, \"min_samples_split\": 2, \"min_weight_fraction_leaf\": 0.0, \"presort\": \"deprecated\", \"random_state\": 123456789, \"splitter\": \"best\"}", "grid_score": 0.7659309961534525, "grid_search_cv_results": {"mean_fit_time": [0.0018490950266520183, 0.0023479461669921875], "std_fit_time": [4.6765034304584994e-05, 0.00010747434249608826], "mean_score_time": [0.00036533673604329425, 0.0003536542256673177], "std_score_time": [4.176674952020935e-06, 7.69451614536262e-06], "param_max_features": ["auto", null], "params": [{"max_features": "auto"}, {"max_features": null}], "split0_test_score": [0.6822429906542056, 0.7990654205607477], "split1_test_score": [0.7523364485981309, 0.7710280373831776], "split2_test_score": [0.7511737089201878, 0.7276995305164319], "mean_test_score": [0.7285843827241747, 0.7659309961534525], "std_test_score": [0.032771750590273284, 0.02935708247796981], "rank_test_score": [2, 1]}, "additional_scores": {}}, {"experiment_name": "Titanic_CV", "train_set_name": "train+dev", "train_set_size": 712, "test_set_name": "cv", "test_set_size": "n/a", "featureset": "[\"family.csv\", \"misc.csv\", \"socioeconomic.csv\", \"vitals.csv\"]", "featureset_name": "family.csv+misc.csv+socioeconomic.csv+vitals.csv", "shuffle": false, "learner_name": "DecisionTreeClassifier", "task": "cross_validate", "start_timestamp": "10 Mar 2020 13:16:40.318407", "version": "2.0", "feature_scaling": "none", "folds_file": "", "grid_search": true, "grid_objective": "accuracy", "grid_search_folds": "3", "min_feature_count": 1, "cv_folds": "10", "using_folds_file": false, "save_cv_folds": false, "save_cv_models": false, "use_folds_file_for_grid_search": true, "stratified_folds": true, "scikit_learn_version": "0.22.2.post1", "end_timestamp": "10 Mar 2020 13:16:40.614513", "total_time": "0:00:00.296106", "result_table": "+----+------+------+-------------+----------+-------------+\n|    |    0 |    1 |   Precision |   Recall |   F-measure |\n+====+======+======+=============+==========+=============+\n|  0 | [34] |    8 |       0.791 |    0.810 |       0.800 |\n+----+------+------+-------------+----------+-------------+\n|  1 |    9 | [20] |       0.714 |    0.690 |       0.702 |\n+----+------+------+-------------+----------+-------------+\n(row = reference; column = predicted)", "accuracy": 0.7605633802816901, "pearson": "", "score": 0.7605633802816901, "fold": 10, "model_params": "{\"ccp_alpha\": 0.0, \"class_weight\": null, \"criterion\": \"gini\", \"max_depth\": null, \"max_features\": null, \"max_leaf_nodes\": null, \"min_impurity_decrease\": 0.0, \"min_impurity_split\": null, \"min_samples_leaf\": 1, \"min_samples_split\": 2, \"min_weight_fraction_leaf\": 0.0, \"presort\": \"deprecated\", \"random_state\": 123456789, \"splitter\": \"best\"}", "grid_score": 0.7534772497915844, "grid_search_cv_results": {"mean_fit_time": [0.0016582806905110676, 0.0022177696228027344], "std_fit_time": [5.2918303247833864e-05, 6.76708483694365e-05], "mean_score_time": [0.00038162867228190106, 0.000356594721476237], "std_score_time": [3.852868499721438e-05, 4.4660636006123595e-06], "param_max_features": ["auto", null], "params": [{"max_features": "auto"}, {"max_features": null}], "split0_test_score": [0.7476635514018691, 0.780373831775701], "split1_test_score": [0.7289719626168224, 0.7476635514018691], "split2_test_score": [0.7464788732394366, 0.7323943661971831], "mean_test_score": [0.7410381290860427, 0.7534772497915844], "std_test_score": [0.008545764858858008, 0.02001427150851742], "rank_test_score": [2, 1]}, "additional_scores": {}}, {"experiment_name": "Titanic_CV", "train_set_name": "train+dev", "train_set_size": 712, "test_set_name": "cv", "test_set_size": "n/a", "featureset": "[\"family.csv\", \"misc.csv\", \"socioeconomic.csv\", \"vitals.csv\"]", "featureset_name": "family.csv+misc.csv+socioeconomic.csv+vitals.csv", "shuffle": false, "learner_name": "DecisionTreeClassifier", "task": "cross_validate", "start_timestamp": "10 Mar 2020 13:16:40.318407", "version": "2.0", "feature_scaling": "none", "folds_file": "", "grid_search": true, "grid_objective": "accuracy", "grid_search_folds": "3", "min_feature_count": 1, "cv_folds": "10", "using_folds_file": false, "save_cv_folds": false, "save_cv_models": false, "use_folds_file_for_grid_search": true, "stratified_folds": true, "scikit_learn_version": "0.22.2.post1", "end_timestamp": "10 Mar 2020 13:16:40.614513", "total_time": "0:00:00.296106", "fold": "average", "result_table": "+---------+-------------+----------+-------------+\n|   Label |   Precision |   Recall |   F-measure |\n|---------+-------------+----------+-------------|\n|       0 |       0.804 |    0.800 |       0.801 |\n|       1 |       0.709 |    0.712 |       0.709 |\n+---------+-------------+----------+-------------+", "accuracy": 0.7639866979655713, "score": 0.7639866979655713, "additional_scores": {}}]