[{"experiment_name": "Titanic_Evaluate_Tuned", "train_set_name": "train", "train_set_size": 569, "test_set_name": "dev", "test_set_size": 143, "featureset": "[\"family.csv\", \"misc.csv\", \"socioeconomic.csv\", \"vitals.csv\"]", "featureset_name": "family.csv+misc.csv+socioeconomic.csv+vitals.csv", "shuffle": false, "learner_name": "MultinomialNB", "task": "evaluate", "start_timestamp": "10 Mar 2020 13:17:35.849157", "version": "2.0", "feature_scaling": "none", "folds_file": "", "grid_search": true, "grid_objective": "accuracy", "grid_search_folds": "3", "min_feature_count": 1, "cv_folds": "None", "using_folds_file": false, "save_cv_folds": false, "save_cv_models": false, "use_folds_file_for_grid_search": true, "stratified_folds": true, "scikit_learn_version": "0.22.2.post1", "end_timestamp": "10 Mar 2020 13:17:35.925462", "total_time": "0:00:00.076305", "result_table": "+----+------+------+-------------+----------+-------------+\n|    |    0 |    1 |   Precision |   Recall |   F-measure |\n+====+======+======+=============+==========+=============+\n|  0 | [75] |   12 |       0.735 |    0.862 |       0.794 |\n+----+------+------+-------------+----------+-------------+\n|  1 |   27 | [29] |       0.707 |    0.518 |       0.598 |\n+----+------+------+-------------+----------+-------------+\n(row = reference; column = predicted)", "accuracy": 0.7272727272727273, "pearson": "", "score": 0.7272727272727273, "fold": "", "model_params": "{\"alpha\": 0.1, \"class_prior\": null, \"fit_prior\": true}", "grid_score": 0.681908474890931, "grid_search_cv_results": {"mean_fit_time": [0.0011026859283447266, 0.0008463064829508463, 0.0009889602661132812, 0.0008591016133626302, 0.0011041959126790364], "std_fit_time": [3.245004447747617e-05, 3.2675428390873896e-05, 0.00011427804827861757, 4.903018163444841e-05, 0.00020823141963052913], "mean_score_time": [0.00022101402282714844, 0.0002600351969401042, 0.0002636114756266276, 0.00021251042683919272, 0.00028435389200846356], "std_score_time": [5.004897592491719e-06, 7.576093985638039e-05, 6.336863043058948e-05, 6.744432293344219e-06, 4.236179256941322e-05], "param_alpha": [0.1, 0.25, 0.5, 0.75, 1.0], "params": [{"alpha": 0.1}, {"alpha": 0.25}, {"alpha": 0.5}, {"alpha": 0.75}, {"alpha": 1.0}], "split0_test_score": [0.6789473684210526, 0.6789473684210526, 0.6789473684210526, 0.6789473684210526, 0.6789473684210526], "split1_test_score": [0.6789473684210526, 0.6789473684210526, 0.6789473684210526, 0.6789473684210526, 0.6789473684210526], "split2_test_score": [0.6878306878306878, 0.6878306878306878, 0.6878306878306878, 0.6878306878306878, 0.6878306878306878], "mean_test_score": [0.681908474890931, 0.681908474890931, 0.681908474890931, 0.681908474890931, 0.681908474890931], "std_test_score": [0.004187636929332733, 0.004187636929332733, 0.004187636929332733, 0.004187636929332733, 0.004187636929332733], "rank_test_score": [1, 1, 1, 1, 1]}, "additional_scores": {"roc_auc": 0.7998768472906403}}]