[{"experiment_name": "Titanic_Learning_Curve", "train_set_name": "train", "train_set_size": 569, "test_set_name": "cv", "test_set_size": "n/a", "featureset": "[\"family.csv\", \"misc.csv\", \"socioeconomic.csv\", \"vitals.csv\"]", "featureset_name": "all", "shuffle": false, "learner_name": "SVC", "task": "learning_curve", "start_timestamp": "10 Mar 2020 13:17:12.566896", "version": "2.0", "feature_scaling": "none", "folds_file": "", "grid_search": false, "grid_objective": "accuracy", "grid_search_folds": "3", "min_feature_count": 1, "cv_folds": "None", "using_folds_file": false, "save_cv_folds": false, "save_cv_models": false, "use_folds_file_for_grid_search": true, "stratified_folds": true, "scikit_learn_version": "0.22.2.post1", "end_timestamp": "10 Mar 2020 13:17:12.820451", "total_time": "0:00:00.253555", "learning_curve_cv_folds": 10, "given_curve_train_sizes": [0.1, 0.325, 0.55, 0.775, 1.0], "learning_curve_train_scores_means": [0.6888888888888889, 0.6489795918367347, 0.6679999999999999, 0.6678977272727272, 0.6694505494505496], "learning_curve_test_scores_means": [0.6307017543859649, 0.6543859649122806, 0.65, 0.6526315789473683, 0.6552631578947368], "learning_curve_train_scores_stds": [0.07257747386024231, 0.029074504172017412, 0.02564717874889512, 0.0187705542374753, 0.009948275573197354], "learning_curve_test_scores_stds": [0.043458201762547916, 0.03261249940023083, 0.03543927199093727, 0.032612499400230845, 0.03534264121261243], "computed_curve_train_sizes": [45, 147, 250, 352, 455]}]