[{"experiment_name": "Titanic_Learning_Curve", "train_set_name": "train", "train_set_size": 569, "test_set_name": "cv", "test_set_size": "n/a", "featureset": "[\"socioeconomic.csv\", \"vitals.csv\"]", "featureset_name": "economic_and_vitals", "shuffle": false, "learner_name": "MultinomialNB", "task": "learning_curve", "start_timestamp": "10 Mar 2020 13:17:28.006751", "version": "2.0", "feature_scaling": "none", "folds_file": "", "grid_search": false, "grid_objective": "accuracy", "grid_search_folds": "3", "min_feature_count": 1, "cv_folds": "None", "using_folds_file": false, "save_cv_folds": false, "save_cv_models": false, "use_folds_file_for_grid_search": true, "stratified_folds": true, "scikit_learn_version": "0.22.2.post1", "end_timestamp": "10 Mar 2020 13:17:28.716418", "total_time": "0:00:00.709667", "learning_curve_cv_folds": 100, "given_curve_train_sizes": [0.1, 0.325, 0.55, 0.775, 1.0], "learning_curve_train_scores_means": [0.6795555555555555, 0.6841496598639456, 0.6848000000000002, 0.6860795454545456, 0.6831428571428572], "learning_curve_test_scores_means": [0.6787719298245615, 0.6828070175438598, 0.684122807017544, 0.6844736842105263, 0.6851754385964912], "learning_curve_train_scores_stds": [0.06551036125948453, 0.03593494606448672, 0.023094010767585008, 0.015330702655189295, 0.009032405533201981], "learning_curve_test_scores_stds": [0.0448459022369161, 0.03712665319504327, 0.03636038152577184, 0.03667877265310145, 0.03626191855603356], "computed_curve_train_sizes": [45, 147, 250, 352, 455]}]