[{"experiment_name": "Titanic_Learning_Curve", "train_set_name": "train", "train_set_size": 569, "test_set_name": "cv", "test_set_size": "n/a", "featureset": "[\"family.csv\", \"misc.csv\", \"socioeconomic.csv\", \"vitals.csv\"]", "featureset_name": "all", "shuffle": false, "learner_name": "MultinomialNB", "task": "learning_curve", "start_timestamp": "14 Oct 2019 11:46:18.179177", "version": "1.5.3", "feature_scaling": "none", "folds_file": "", "grid_search": false, "grid_objective": "accuracy", "grid_search_folds": "3", "min_feature_count": 1, "cv_folds": "None", "using_folds_file": false, "save_cv_folds": false, "save_cv_models": false, "use_folds_file_for_grid_search": true, "stratified_folds": true, "scikit_learn_version": "0.20.1", "end_timestamp": "14 Oct 2019 11:46:19.448530", "total_time": "0:00:01.269353", "learning_curve_cv_folds": 100, "given_curve_train_sizes": [0.1, 0.325, 0.55, 0.775, 1.0], "learning_curve_train_scores_means": [0.6899999999999998, 0.6838095238095238, 0.6827600000000001, 0.6840340909090911, 0.6816703296703297], "learning_curve_test_scores_means": [0.6809649122807019, 0.6813157894736844, 0.6823684210526316, 0.6827192982456143, 0.6833333333333335], "learning_curve_train_scores_stds": [0.06240593370158985, 0.03384801304776645, 0.023063863903990962, 0.015589507020782089, 0.0095811180801593], "learning_curve_test_scores_stds": [0.04908062225021155, 0.036308186595481205, 0.03590435031807684, 0.03635097486400154, 0.037268321009743324], "computed_curve_train_sizes": [45, 147, 250, 352, 455]}]