[{"experiment_name": "Titanic_Evaluate_Untuned", "train_set_name": "train", "train_set_size": 569, "test_set_name": "dev", "test_set_size": 143, "featureset": "[\"family.csv\", \"misc.csv\", \"socioeconomic.csv\", \"vitals.csv\"]", "featureset_name": "family.csv+misc.csv+socioeconomic.csv+vitals.csv", "shuffle": false, "learner_name": "MultinomialNB", "task": "evaluate", "start_timestamp": "14 Oct 2019 11:46:44.248330", "version": "1.5.3", "feature_scaling": "none", "folds_file": "", "grid_search": false, "grid_objective": null, "grid_search_folds": "3", "min_feature_count": 1, "cv_folds": "None", "using_folds_file": false, "save_cv_folds": false, "save_cv_models": false, "use_folds_file_for_grid_search": true, "stratified_folds": true, "scikit_learn_version": "0.20.1", "end_timestamp": "14 Oct 2019 11:46:44.330404", "total_time": "0:00:00.082074", "result_table": "+----+------+------+-------------+----------+-------------+\n|    |    0 |    1 |   Precision |   Recall |   F-measure |\n+====+======+======+=============+==========+=============+\n|  0 | [75] |   12 |       0.735 |    0.862 |       0.794 |\n+----+------+------+-------------+----------+-------------+\n|  1 |   27 | [29] |       0.707 |    0.518 |       0.598 |\n+----+------+------+-------------+----------+-------------+\n(row = reference; column = predicted)", "accuracy": 0.7272727272727273, "pearson": "", "score": "", "fold": "", "model_params": "{\"alpha\": 1.0, \"class_prior\": null, \"fit_prior\": true}", "grid_score": 0.0, "grid_search_cv_results": null, "additional_scores": {}}]