[{"experiment_name": "Titanic_CV", "train_set_name": "train+dev", "train_set_size": 712, "test_set_name": "cv", "test_set_size": "n/a", "featureset": "[\"family.csv\", \"misc.csv\", \"socioeconomic.csv\", \"vitals.csv\"]", "featureset_name": "family.csv+misc.csv+socioeconomic.csv+vitals.csv", "shuffle": false, "learner_name": "MultinomialNB", "task": "cross_validate", "start_timestamp": "14 Oct 2019 13:37:38.533990", "version": "1.5.3", "feature_scaling": "none", "folds_file": "", "grid_search": true, "grid_objective": "accuracy", "grid_search_folds": "3", "min_feature_count": 1, "cv_folds": "10", "using_folds_file": false, "save_cv_folds": false, "save_cv_models": false, "use_folds_file_for_grid_search": true, "stratified_folds": true, "scikit_learn_version": "0.20.1", "end_timestamp": "14 Oct 2019 13:37:39.014043", "total_time": "0:00:00.480053", "result_table": "+----+------+------+-------------+----------+-------------+\n|    |    0 |    1 |   Precision |   Recall |   F-measure |\n+====+======+======+=============+==========+=============+\n|  0 | [37] |    6 |       0.685 |    0.860 |       0.763 |\n+----+------+------+-------------+----------+-------------+\n|  1 |   17 | [12] |       0.667 |    0.414 |       0.511 |\n+----+------+------+-------------+----------+-------------+\n(row = reference; column = predicted)", "accuracy": 0.6805555555555556, "pearson": "", "score": 0.6805555555555556, "fold": 1, "model_params": "{\"alpha\": 0.1, \"class_prior\": null, \"fit_prior\": true}", "grid_score": 0.6891316747839058, "grid_search_cv_results": {"mean_fit_time": [0.0020569960276285806, 0.0010387102762858074, 0.0010998249053955078, 0.000999132792154948, 0.00099945068359375], "std_fit_time": [0.0001925074477878381, 0.0001651538574591994, 0.00028110133540626246, 9.947843591740912e-05, 0.00015461697609452392], "mean_score_time": [0.00036398569742838543, 0.00021918614705403647, 0.00024366378784179688, 0.00030358632405598957, 0.0002139409383138021], "std_score_time": [7.424619798298867e-05, 4.7137523099062975e-06, 3.80310642121276e-05, 0.00012116064271825102, 5.676610129174732e-06], "param_alpha": [0.1, 0.25, 0.5, 0.75, 1.0], "params": [{"alpha": 0.1}, {"alpha": 0.25}, {"alpha": 0.5}, {"alpha": 0.75}, {"alpha": 1.0}], "split0_test_score": [0.6448598130841121, 0.6448598130841121, 0.6448598130841121, 0.6448598130841121, 0.6448598130841121], "split1_test_score": [0.6854460093896714, 0.6854460093896714, 0.6854460093896714, 0.6854460093896714, 0.6854460093896714], "split2_test_score": [0.7370892018779343, 0.7370892018779343, 0.7370892018779343, 0.7370892018779343, 0.7370892018779343], "mean_test_score": [0.6891316747839058, 0.6891316747839058, 0.6891316747839058, 0.6891316747839058, 0.6891316747839058], "std_test_score": [0.03774257663319764, 0.03774257663319764, 0.03774257663319764, 0.03774257663319764, 0.03774257663319764], "rank_test_score": [1, 1, 1, 1, 1], "split0_train_score": [0.7136150234741784, 0.7136150234741784, 0.7136150234741784, 0.7136150234741784, 0.7136150234741784], "split1_train_score": [0.6908665105386417, 0.6908665105386417, 0.6908665105386417, 0.6908665105386417, 0.6908665105386417], "split2_train_score": [0.6721311475409836, 0.6721311475409836, 0.6721311475409836, 0.6721311475409836, 0.6721311475409836], "mean_train_score": [0.6922042271846012, 0.6922042271846012, 0.6922042271846012, 0.6922042271846012, 0.6922042271846012], "std_train_score": [0.016962116711048233, 0.016962116711048233, 0.016962116711048233, 0.016962116711048233, 0.016962116711048233]}, "additional_scores": {}}, {"experiment_name": "Titanic_CV", "train_set_name": "train+dev", "train_set_size": 712, "test_set_name": "cv", "test_set_size": "n/a", "featureset": "[\"family.csv\", \"misc.csv\", \"socioeconomic.csv\", \"vitals.csv\"]", "featureset_name": "family.csv+misc.csv+socioeconomic.csv+vitals.csv", "shuffle": false, "learner_name": "MultinomialNB", "task": "cross_validate", "start_timestamp": "14 Oct 2019 13:37:38.533990", "version": "1.5.3", "feature_scaling": "none", "folds_file": "", "grid_search": true, "grid_objective": "accuracy", "grid_search_folds": "3", "min_feature_count": 1, "cv_folds": "10", "using_folds_file": false, "save_cv_folds": false, "save_cv_models": false, "use_folds_file_for_grid_search": true, "stratified_folds": true, "scikit_learn_version": "0.20.1", "end_timestamp": "14 Oct 2019 13:37:39.014043", "total_time": "0:00:00.480053", "result_table": "+----+------+------+-------------+----------+-------------+\n|    |    0 |    1 |   Precision |   Recall |   F-measure |\n+====+======+======+=============+==========+=============+\n|  0 | [36] |    7 |       0.667 |    0.837 |       0.742 |\n+----+------+------+-------------+----------+-------------+\n|  1 |   18 | [11] |       0.611 |    0.379 |       0.468 |\n+----+------+------+-------------+----------+-------------+\n(row = reference; column = predicted)", "accuracy": 0.6527777777777778, "pearson": "", "score": 0.6527777777777778, "fold": 2, "model_params": "{\"alpha\": 0.1, \"class_prior\": null, \"fit_prior\": true}", "grid_score": 0.6938338232928203, "grid_search_cv_results": {"mean_fit_time": [0.0014022986094156902, 0.0009743372599283854, 0.0008883476257324219, 0.0014130274454752605, 0.0011140505472819011], "std_fit_time": [0.00034257170493827, 7.19340458085237e-05, 1.0204760818020198e-05, 0.00010378382626277805, 0.00011146798821076072], "mean_score_time": [0.00031884511311848957, 0.0002400080362955729, 0.00021529197692871094, 0.00032941500345865887, 0.0002719561258951823], "std_score_time": [8.944930734153547e-05, 3.464342191651086e-05, 3.2046389824002505e-06, 6.502881010272802e-05, 4.834916120371404e-05], "param_alpha": [0.1, 0.25, 0.5, 0.75, 1.0], "params": [{"alpha": 0.1}, {"alpha": 0.25}, {"alpha": 0.5}, {"alpha": 0.75}, {"alpha": 1.0}], "split0_test_score": [0.6401869158878505, 0.6401869158878505, 0.6401869158878505, 0.6401869158878505, 0.6401869158878505], "split1_test_score": [0.6901408450704225, 0.6901408450704225, 0.6901408450704225, 0.6901408450704225, 0.6901408450704225], "split2_test_score": [0.7511737089201878, 0.7511737089201878, 0.7511737089201878, 0.7511737089201878, 0.7511737089201878], "mean_test_score": [0.6938338232928203, 0.6938338232928203, 0.6938338232928203, 0.6938338232928203, 0.6938338232928203], "std_test_score": [0.045385354634977754, 0.045385354634977754, 0.045385354634977754, 0.045385354634977754, 0.045385354634977754], "rank_test_score": [1, 1, 1, 1, 1], "split0_train_score": [0.7206572769953051, 0.7206572769953051, 0.7206572769953051, 0.7206572769953051, 0.7206572769953051], "split1_train_score": [0.6932084309133489, 0.6932084309133489, 0.6932084309133489, 0.6932084309133489, 0.6932084309133489], "split2_train_score": [0.667447306791569, 0.667447306791569, 0.667447306791569, 0.667447306791569, 0.667447306791569], "mean_train_score": [0.6937710049000744, 0.6937710049000744, 0.6937710049000744, 0.6937710049000744, 0.6937710049000744], "std_train_score": [0.021726521417974015, 0.021726521417974015, 0.021726521417974015, 0.021726521417974015, 0.021726521417974015]}, "additional_scores": {}}, {"experiment_name": "Titanic_CV", "train_set_name": "train+dev", "train_set_size": 712, "test_set_name": "cv", "test_set_size": "n/a", "featureset": "[\"family.csv\", \"misc.csv\", \"socioeconomic.csv\", \"vitals.csv\"]", "featureset_name": "family.csv+misc.csv+socioeconomic.csv+vitals.csv", "shuffle": false, "learner_name": "MultinomialNB", "task": "cross_validate", "start_timestamp": "14 Oct 2019 13:37:38.533990", "version": "1.5.3", "feature_scaling": "none", "folds_file": "", "grid_search": true, "grid_objective": "accuracy", "grid_search_folds": "3", "min_feature_count": 1, "cv_folds": "10", "using_folds_file": false, "save_cv_folds": false, "save_cv_models": false, "use_folds_file_for_grid_search": true, "stratified_folds": true, "scikit_learn_version": "0.20.1", "end_timestamp": "14 Oct 2019 13:37:39.014043", "total_time": "0:00:00.480053", "result_table": "+----+------+------+-------------+----------+-------------+\n|    |    0 |    1 |   Precision |   Recall |   F-measure |\n+====+======+======+=============+==========+=============+\n|  0 | [37] |    6 |       0.787 |    0.860 |       0.822 |\n+----+------+------+-------------+----------+-------------+\n|  1 |   10 | [19] |       0.760 |    0.655 |       0.704 |\n+----+------+------+-------------+----------+-------------+\n(row = reference; column = predicted)", "accuracy": 0.7777777777777778, "pearson": "", "score": 0.7777777777777778, "fold": 3, "model_params": "{\"alpha\": 0.1, \"class_prior\": null, \"fit_prior\": true}", "grid_score": 0.6828792067044008, "grid_search_cv_results": {"mean_fit_time": [0.0015456676483154297, 0.0010162989298502605, 0.0009685357411702474, 0.0009090105692545573, 0.0011199315388997395], "std_fit_time": [0.0003440191460256131, 0.00015871711026336222, 9.471377901852726e-05, 3.99108871761631e-06, 0.0002111372381530163], "mean_score_time": [0.000308990478515625, 0.00021767616271972656, 0.00022323926289876303, 0.00021735827128092447, 0.0003143151601155599], "std_score_time": [8.71836468796157e-05, 7.42805572862493e-06, 1.2736006190601124e-05, 1.6556315943399795e-06, 8.801862291376485e-05], "param_alpha": [0.1, 0.25, 0.5, 0.75, 1.0], "params": [{"alpha": 0.1}, {"alpha": 0.25}, {"alpha": 0.5}, {"alpha": 0.75}, {"alpha": 1.0}], "split0_test_score": [0.6401869158878505, 0.6401869158878505, 0.6355140186915887, 0.6355140186915887, 0.6355140186915887], "split1_test_score": [0.676056338028169, 0.676056338028169, 0.676056338028169, 0.676056338028169, 0.676056338028169], "split2_test_score": [0.7323943661971831, 0.7323943661971831, 0.7323943661971831, 0.7323943661971831, 0.7323943661971831], "mean_test_score": [0.6828792067044008, 0.6828792067044008, 0.681321574305647, 0.681321574305647, 0.681321574305647], "std_test_score": [0.03795143498267965, 0.03795143498267965, 0.03972608268291278, 0.03972608268291278, 0.03972608268291278], "rank_test_score": [1, 1, 3, 3, 3], "split0_train_score": [0.704225352112676, 0.704225352112676, 0.704225352112676, 0.704225352112676, 0.704225352112676], "split1_train_score": [0.6838407494145199, 0.6838407494145199, 0.6838407494145199, 0.6838407494145199, 0.6838407494145199], "split2_train_score": [0.6557377049180327, 0.6557377049180327, 0.6557377049180327, 0.6533957845433255, 0.6533957845433255], "mean_train_score": [0.6812679354817428, 0.6812679354817428, 0.6812679354817428, 0.6804872953568405, 0.6804872953568405], "std_train_score": [0.01987842232619024, 0.01987842232619024, 0.01987842232619024, 0.020886127380145857, 0.020886127380145857]}, "additional_scores": {}}, {"experiment_name": "Titanic_CV", "train_set_name": "train+dev", "train_set_size": 712, "test_set_name": "cv", "test_set_size": "n/a", "featureset": "[\"family.csv\", \"misc.csv\", \"socioeconomic.csv\", \"vitals.csv\"]", "featureset_name": "family.csv+misc.csv+socioeconomic.csv+vitals.csv", "shuffle": false, "learner_name": "MultinomialNB", "task": "cross_validate", "start_timestamp": "14 Oct 2019 13:37:38.533990", "version": "1.5.3", "feature_scaling": "none", "folds_file": "", "grid_search": true, "grid_objective": "accuracy", "grid_search_folds": "3", "min_feature_count": 1, "cv_folds": "10", "using_folds_file": false, "save_cv_folds": false, "save_cv_models": false, "use_folds_file_for_grid_search": true, "stratified_folds": true, "scikit_learn_version": "0.20.1", "end_timestamp": "14 Oct 2019 13:37:39.014043", "total_time": "0:00:00.480053", "result_table": "+----+------+------+-------------+----------+-------------+\n|    |    0 |    1 |   Precision |   Recall |   F-measure |\n+====+======+======+=============+==========+=============+\n|  0 | [36] |    7 |       0.735 |    0.837 |       0.783 |\n+----+------+------+-------------+----------+-------------+\n|  1 |   13 | [16] |       0.696 |    0.552 |       0.615 |\n+----+------+------+-------------+----------+-------------+\n(row = reference; column = predicted)", "accuracy": 0.7222222222222222, "pearson": "", "score": 0.7222222222222222, "fold": 4, "model_params": "{\"alpha\": 0.1, \"class_prior\": null, \"fit_prior\": true}", "grid_score": 0.6844441519313179, "grid_search_cv_results": {"mean_fit_time": [0.0011733373006184895, 0.0012284119923909504, 0.001024484634399414, 0.001031319300333659, 0.0009527206420898438], "std_fit_time": [6.255427879069292e-05, 0.0002639516812205093, 0.00010826426402424387, 0.00013224909497096648, 0.00011881875600071857], "mean_score_time": [0.00027942657470703125, 0.00024692217508951825, 0.00025661786397298175, 0.0002266565958658854, 0.00024239222208658853], "std_score_time": [7.116731353725928e-05, 2.2901701026195555e-05, 5.46203499381092e-05, 2.5686090531296694e-05, 5.268145512731163e-05], "param_alpha": [0.1, 0.25, 0.5, 0.75, 1.0], "params": [{"alpha": 0.1}, {"alpha": 0.25}, {"alpha": 0.5}, {"alpha": 0.75}, {"alpha": 1.0}], "split0_test_score": [0.6401869158878505, 0.6401869158878505, 0.6401869158878505, 0.6401869158878505, 0.6401869158878505], "split1_test_score": [0.6901408450704225, 0.6901408450704225, 0.6901408450704225, 0.6901408450704225, 0.6901408450704225], "split2_test_score": [0.7230046948356808, 0.7230046948356808, 0.7230046948356808, 0.7230046948356808, 0.7230046948356808], "mean_test_score": [0.6844441519313179, 0.6844441519313179, 0.6844441519313179, 0.6844441519313179, 0.6844441519313179], "std_test_score": [0.03404933050740509, 0.03404933050740509, 0.03404933050740509, 0.03404933050740509, 0.03404933050740509], "rank_test_score": [1, 1, 1, 1, 1], "split0_train_score": [0.7065727699530516, 0.7065727699530516, 0.7065727699530516, 0.7065727699530516, 0.7065727699530516], "split1_train_score": [0.6908665105386417, 0.6908665105386417, 0.6908665105386417, 0.6908665105386417, 0.6908665105386417], "split2_train_score": [0.6651053864168618, 0.6651053864168618, 0.6651053864168618, 0.6651053864168618, 0.6651053864168618], "mean_train_score": [0.6875148889695183, 0.6875148889695183, 0.6875148889695183, 0.6875148889695183, 0.6875148889695183], "std_train_score": [0.01709407304089786, 0.01709407304089786, 0.01709407304089786, 0.01709407304089786, 0.01709407304089786]}, "additional_scores": {}}, {"experiment_name": "Titanic_CV", "train_set_name": "train+dev", "train_set_size": 712, "test_set_name": "cv", "test_set_size": "n/a", "featureset": "[\"family.csv\", \"misc.csv\", \"socioeconomic.csv\", \"vitals.csv\"]", "featureset_name": "family.csv+misc.csv+socioeconomic.csv+vitals.csv", "shuffle": false, "learner_name": "MultinomialNB", "task": "cross_validate", "start_timestamp": "14 Oct 2019 13:37:38.533990", "version": "1.5.3", "feature_scaling": "none", "folds_file": "", "grid_search": true, "grid_objective": "accuracy", "grid_search_folds": "3", "min_feature_count": 1, "cv_folds": "10", "using_folds_file": false, "save_cv_folds": false, "save_cv_models": false, "use_folds_file_for_grid_search": true, "stratified_folds": true, "scikit_learn_version": "0.20.1", "end_timestamp": "14 Oct 2019 13:37:39.014043", "total_time": "0:00:00.480053", "result_table": "+----+------+------+-------------+----------+-------------+\n|    |    0 |    1 |   Precision |   Recall |   F-measure |\n+====+======+======+=============+==========+=============+\n|  0 | [33] |    9 |       0.733 |    0.786 |       0.759 |\n+----+------+------+-------------+----------+-------------+\n|  1 |   12 | [17] |       0.654 |    0.586 |       0.618 |\n+----+------+------+-------------+----------+-------------+\n(row = reference; column = predicted)", "accuracy": 0.704225352112676, "pearson": "", "score": 0.704225352112676, "fold": 5, "model_params": "{\"alpha\": 0.1, \"class_prior\": null, \"fit_prior\": true}", "grid_score": 0.6880154310878189, "grid_search_cv_results": {"mean_fit_time": [0.0012987454732259114, 0.0009759267171223959, 0.001220703125, 0.0009165604909261068, 0.0009674231211344401], "std_fit_time": [0.0001893105907570488, 3.7494348527795326e-05, 0.00029594062476175217, 7.867411722033553e-07, 8.67479664888615e-05], "mean_score_time": [0.0002952416737874349, 0.00024636586507161457, 0.0002532800038655599, 0.00022141138712565103, 0.0002215703328450521], "std_score_time": [9.038639484455878e-05, 2.4055740185533338e-05, 3.0933426085080294e-05, 1.2961631163199813e-06, 7.840874662030911e-06], "param_alpha": [0.1, 0.25, 0.5, 0.75, 1.0], "params": [{"alpha": 0.1}, {"alpha": 0.25}, {"alpha": 0.5}, {"alpha": 0.75}, {"alpha": 1.0}], "split0_test_score": [0.6790697674418604, 0.6790697674418604, 0.6790697674418604, 0.6790697674418604, 0.6790697674418604], "split1_test_score": [0.6995305164319249, 0.6995305164319249, 0.6995305164319249, 0.6995305164319249, 0.6995305164319249], "split2_test_score": [0.6854460093896714, 0.6854460093896714, 0.6854460093896714, 0.6854460093896714, 0.6854460093896714], "mean_test_score": [0.6880154310878189, 0.6880154310878189, 0.6880154310878189, 0.6880154310878189, 0.6880154310878189], "std_test_score": [0.008548372484700983, 0.008548372484700983, 0.008548372484700983, 0.008548372484700983, 0.008548372484700983], "rank_test_score": [1, 1, 1, 1, 1], "split0_train_score": [0.6971830985915493, 0.6971830985915493, 0.6971830985915493, 0.6971830985915493, 0.6971830985915493], "split1_train_score": [0.6845794392523364, 0.6845794392523364, 0.6845794392523364, 0.6845794392523364, 0.6845794392523364], "split2_train_score": [0.6939252336448598, 0.6939252336448598, 0.6939252336448598, 0.6939252336448598, 0.6939252336448598], "mean_train_score": [0.6918959238295818, 0.6918959238295818, 0.6918959238295818, 0.6918959238295818, 0.6918959238295818], "std_train_score": [0.005341761939629984, 0.005341761939629984, 0.005341761939629984, 0.005341761939629984, 0.005341761939629984]}, "additional_scores": {}}, {"experiment_name": "Titanic_CV", "train_set_name": "train+dev", "train_set_size": 712, "test_set_name": "cv", "test_set_size": "n/a", "featureset": "[\"family.csv\", \"misc.csv\", \"socioeconomic.csv\", \"vitals.csv\"]", "featureset_name": "family.csv+misc.csv+socioeconomic.csv+vitals.csv", "shuffle": false, "learner_name": "MultinomialNB", "task": "cross_validate", "start_timestamp": "14 Oct 2019 13:37:38.533990", "version": "1.5.3", "feature_scaling": "none", "folds_file": "", "grid_search": true, "grid_objective": "accuracy", "grid_search_folds": "3", "min_feature_count": 1, "cv_folds": "10", "using_folds_file": false, "save_cv_folds": false, "save_cv_models": false, "use_folds_file_for_grid_search": true, "stratified_folds": true, "scikit_learn_version": "0.20.1", "end_timestamp": "14 Oct 2019 13:37:39.014043", "total_time": "0:00:00.480053", "result_table": "+----+------+------+-------------+----------+-------------+\n|    |    0 |    1 |   Precision |   Recall |   F-measure |\n+====+======+======+=============+==========+=============+\n|  0 | [35] |    7 |       0.686 |    0.833 |       0.753 |\n+----+------+------+-------------+----------+-------------+\n|  1 |   16 | [13] |       0.650 |    0.448 |       0.531 |\n+----+------+------+-------------+----------+-------------+\n(row = reference; column = predicted)", "accuracy": 0.676056338028169, "pearson": "", "score": 0.676056338028169, "fold": 6, "model_params": "{\"alpha\": 0.1, \"class_prior\": null, \"fit_prior\": true}", "grid_score": 0.6942752119954871, "grid_search_cv_results": {"mean_fit_time": [0.001352389653523763, 0.0010004043579101562, 0.0009440581003824869, 0.0010446707407633464, 0.0008908112843831381], "std_fit_time": [0.00010478170306880017, 0.00013371393076879026, 4.964350918687634e-06, 0.0001599371507178605, 4.1080166151203994e-05], "mean_score_time": [0.0003256797790527344, 0.00021497408548990885, 0.00021958351135253906, 0.00021767616271972656, 0.00020694732666015625], "std_score_time": [7.715509116313604e-05, 9.427504619812595e-06, 1.0115243642614567e-06, 8.478677789174159e-06, 1.3626756826625066e-06], "param_alpha": [0.1, 0.25, 0.5, 0.75, 1.0], "params": [{"alpha": 0.1}, {"alpha": 0.25}, {"alpha": 0.5}, {"alpha": 0.75}, {"alpha": 1.0}], "split0_test_score": [0.6790697674418604, 0.6790697674418604, 0.6790697674418604, 0.6790697674418604, 0.6790697674418604], "split1_test_score": [0.6948356807511737, 0.6948356807511737, 0.6948356807511737, 0.6948356807511737, 0.6948356807511737], "split2_test_score": [0.7089201877934272, 0.7089201877934272, 0.7089201877934272, 0.7089201877934272, 0.7089201877934272], "mean_test_score": [0.6942752119954871, 0.6942752119954871, 0.6942752119954871, 0.6942752119954871, 0.6942752119954871], "std_test_score": [0.012192825560164041, 0.012192825560164041, 0.012192825560164041, 0.012192825560164041, 0.012192825560164041], "rank_test_score": [1, 1, 1, 1, 1], "split0_train_score": [0.7018779342723005, 0.7018779342723005, 0.7018779342723005, 0.7018779342723005, 0.7018779342723005], "split1_train_score": [0.6892523364485982, 0.6892523364485982, 0.6892523364485982, 0.6892523364485982, 0.6892523364485982], "split2_train_score": [0.6869158878504673, 0.6869158878504673, 0.6869158878504673, 0.6869158878504673, 0.6869158878504673], "mean_train_score": [0.6926820528571219, 0.6926820528571219, 0.6926820528571219, 0.6926820528571219, 0.6926820528571219], "std_train_score": [0.006572058239975558, 0.006572058239975558, 0.006572058239975558, 0.006572058239975558, 0.006572058239975558]}, "additional_scores": {}}, {"experiment_name": "Titanic_CV", "train_set_name": "train+dev", "train_set_size": 712, "test_set_name": "cv", "test_set_size": "n/a", "featureset": "[\"family.csv\", \"misc.csv\", \"socioeconomic.csv\", \"vitals.csv\"]", "featureset_name": "family.csv+misc.csv+socioeconomic.csv+vitals.csv", "shuffle": false, "learner_name": "MultinomialNB", "task": "cross_validate", "start_timestamp": "14 Oct 2019 13:37:38.533990", "version": "1.5.3", "feature_scaling": "none", "folds_file": "", "grid_search": true, "grid_objective": "accuracy", "grid_search_folds": "3", "min_feature_count": 1, "cv_folds": "10", "using_folds_file": false, "save_cv_folds": false, "save_cv_models": false, "use_folds_file_for_grid_search": true, "stratified_folds": true, "scikit_learn_version": "0.20.1", "end_timestamp": "14 Oct 2019 13:37:39.014043", "total_time": "0:00:00.480053", "result_table": "+----+------+------+-------------+----------+-------------+\n|    |    0 |    1 |   Precision |   Recall |   F-measure |\n+====+======+======+=============+==========+=============+\n|  0 | [36] |    6 |       0.720 |    0.857 |       0.783 |\n+----+------+------+-------------+----------+-------------+\n|  1 |   14 | [15] |       0.714 |    0.517 |       0.600 |\n+----+------+------+-------------+----------+-------------+\n(row = reference; column = predicted)", "accuracy": 0.7183098591549296, "pearson": "", "score": 0.7183098591549296, "fold": 7, "model_params": "{\"alpha\": 0.1, \"class_prior\": null, \"fit_prior\": true}", "grid_score": 0.6864504858609018, "grid_search_cv_results": {"mean_fit_time": [0.0015390714009602864, 0.001592874526977539, 0.0012979507446289062, 0.0009109179178873698, 0.0012010733286539714], "std_fit_time": [0.00033304639646962946, 0.0005608147275419578, 0.00022074599304348024, 3.816700118178658e-05, 0.0002836735162320617], "mean_score_time": [0.00038234392801920575, 0.0003261566162109375, 0.0002769629160563151, 0.00020885467529296875, 0.00032560030619303387], "std_score_time": [1.314597372611532e-05, 7.569955713853701e-05, 5.5443242522538846e-05, 1.0115243642614567e-06, 7.411362959674361e-05], "param_alpha": [0.1, 0.25, 0.5, 0.75, 1.0], "params": [{"alpha": 0.1}, {"alpha": 0.25}, {"alpha": 0.5}, {"alpha": 0.75}, {"alpha": 1.0}], "split0_test_score": [0.6790697674418604, 0.6790697674418604, 0.6790697674418604, 0.6790697674418604, 0.6790697674418604], "split1_test_score": [0.6807511737089202, 0.6807511737089202, 0.6807511737089202, 0.6807511737089202, 0.6807511737089202], "split2_test_score": [0.6995305164319249, 0.6995305164319249, 0.6995305164319249, 0.6995305164319249, 0.6995305164319249], "mean_test_score": [0.6864504858609018, 0.6864504858609018, 0.6864504858609018, 0.6864504858609018, 0.6864504858609018], "std_test_score": [0.009274415761038527, 0.009274415761038527, 0.009274415761038527, 0.009274415761038527, 0.009274415761038527], "rank_test_score": [1, 1, 1, 1, 1], "split0_train_score": [0.687793427230047, 0.687793427230047, 0.687793427230047, 0.687793427230047, 0.687793427230047], "split1_train_score": [0.6892523364485982, 0.6892523364485982, 0.6892523364485982, 0.6892523364485982, 0.6892523364485982], "split2_train_score": [0.6845794392523364, 0.6845794392523364, 0.6845794392523364, 0.6845794392523364, 0.6845794392523364], "mean_train_score": [0.6872084009769939, 0.6872084009769939, 0.6872084009769939, 0.6872084009769939, 0.6872084009769939], "std_train_score": [0.001952038906592922, 0.001952038906592922, 0.001952038906592922, 0.001952038906592922, 0.001952038906592922]}, "additional_scores": {}}, {"experiment_name": "Titanic_CV", "train_set_name": "train+dev", "train_set_size": 712, "test_set_name": "cv", "test_set_size": "n/a", "featureset": "[\"family.csv\", \"misc.csv\", \"socioeconomic.csv\", \"vitals.csv\"]", "featureset_name": "family.csv+misc.csv+socioeconomic.csv+vitals.csv", "shuffle": false, "learner_name": "MultinomialNB", "task": "cross_validate", "start_timestamp": "14 Oct 2019 13:37:38.533990", "version": "1.5.3", "feature_scaling": "none", "folds_file": "", "grid_search": true, "grid_objective": "accuracy", "grid_search_folds": "3", "min_feature_count": 1, "cv_folds": "10", "using_folds_file": false, "save_cv_folds": false, "save_cv_models": false, "use_folds_file_for_grid_search": true, "stratified_folds": true, "scikit_learn_version": "0.20.1", "end_timestamp": "14 Oct 2019 13:37:39.014043", "total_time": "0:00:00.480053", "result_table": "+----+------+------+-------------+----------+-------------+\n|    |    0 |    1 |   Precision |   Recall |   F-measure |\n+====+======+======+=============+==========+=============+\n|  0 | [33] |    9 |       0.688 |    0.786 |       0.733 |\n+----+------+------+-------------+----------+-------------+\n|  1 |   15 | [14] |       0.609 |    0.483 |       0.538 |\n+----+------+------+-------------+----------+-------------+\n(row = reference; column = predicted)", "accuracy": 0.6619718309859155, "pearson": "", "score": 0.6619718309859155, "fold": 8, "model_params": "{\"alpha\": 0.1, \"class_prior\": null, \"fit_prior\": true}", "grid_score": 0.6927102667685702, "grid_search_cv_results": {"mean_fit_time": [0.001435995101928711, 0.0009601910909016927, 0.0014216899871826172, 0.0009280840555826823, 0.0009062290191650391], "std_fit_time": [0.00028391825671359475, 4.288545792347348e-05, 0.0005747419960269911, 7.306828248257509e-05, 1.436195736101404e-05], "mean_score_time": [0.00035564104715983075, 0.0002196629842122396, 0.00029659271240234375, 0.000213623046875, 0.00021576881408691406], "std_score_time": [8.097282156726707e-05, 3.952926036658569e-06, 6.687035507685243e-05, 2.3602235166100658e-06, 2.676241912918526e-06], "param_alpha": [0.1, 0.25, 0.5, 0.75, 1.0], "params": [{"alpha": 0.1}, {"alpha": 0.25}, {"alpha": 0.5}, {"alpha": 0.75}, {"alpha": 1.0}], "split0_test_score": [0.6790697674418604, 0.6790697674418604, 0.6790697674418604, 0.6790697674418604, 0.6790697674418604], "split1_test_score": [0.6854460093896714, 0.6854460093896714, 0.6854460093896714, 0.6854460093896714, 0.6854460093896714], "split2_test_score": [0.7136150234741784, 0.7136150234741784, 0.7136150234741784, 0.7136150234741784, 0.7136150234741784], "mean_test_score": [0.6927102667685702, 0.6927102667685702, 0.6927102667685702, 0.6927102667685702, 0.6927102667685702], "std_test_score": [0.015009347199545641, 0.015009347199545641, 0.015009347199545641, 0.015009347199545641, 0.015009347199545641], "rank_test_score": [1, 1, 1, 1, 1], "split0_train_score": [0.704225352112676, 0.704225352112676, 0.704225352112676, 0.704225352112676, 0.704225352112676], "split1_train_score": [0.7009345794392523, 0.7009345794392523, 0.7009345794392523, 0.7009345794392523, 0.7009345794392523], "split2_train_score": [0.6869158878504673, 0.6869158878504673, 0.6869158878504673, 0.6869158878504673, 0.6869158878504673], "mean_train_score": [0.6973586064674652, 0.6973586064674652, 0.6973586064674652, 0.6973586064674652, 0.6973586064674652], "std_train_score": [0.007505334781890541, 0.007505334781890541, 0.007505334781890541, 0.007505334781890541, 0.007505334781890541]}, "additional_scores": {}}, {"experiment_name": "Titanic_CV", "train_set_name": "train+dev", "train_set_size": 712, "test_set_name": "cv", "test_set_size": "n/a", "featureset": "[\"family.csv\", \"misc.csv\", \"socioeconomic.csv\", \"vitals.csv\"]", "featureset_name": "family.csv+misc.csv+socioeconomic.csv+vitals.csv", "shuffle": false, "learner_name": "MultinomialNB", "task": "cross_validate", "start_timestamp": "14 Oct 2019 13:37:38.533990", "version": "1.5.3", "feature_scaling": "none", "folds_file": "", "grid_search": true, "grid_objective": "accuracy", "grid_search_folds": "3", "min_feature_count": 1, "cv_folds": "10", "using_folds_file": false, "save_cv_folds": false, "save_cv_models": false, "use_folds_file_for_grid_search": true, "stratified_folds": true, "scikit_learn_version": "0.20.1", "end_timestamp": "14 Oct 2019 13:37:39.014043", "total_time": "0:00:00.480053", "result_table": "+----+------+------+-------------+----------+-------------+\n|    |    0 |    1 |   Precision |   Recall |   F-measure |\n+====+======+======+=============+==========+=============+\n|  0 | [32] |   10 |       0.681 |    0.762 |       0.719 |\n+----+------+------+-------------+----------+-------------+\n|  1 |   15 | [13] |       0.565 |    0.464 |       0.510 |\n+----+------+------+-------------+----------+-------------+\n(row = reference; column = predicted)", "accuracy": 0.6428571428571429, "pearson": "", "score": 0.6428571428571429, "fold": 9, "model_params": "{\"alpha\": 0.1, \"class_prior\": null, \"fit_prior\": true}", "grid_score": 0.6963154230267014, "grid_search_cv_results": {"mean_fit_time": [0.0014542738596598308, 0.0009708404541015625, 0.0009237130482991537, 0.0009406407674153646, 0.0009020964304606119], "std_fit_time": [0.00012615269519888924, 7.333687284670796e-05, 2.9543601349061663e-05, 3.292670970499121e-05, 1.997062989988766e-05], "mean_score_time": [0.000286102294921875, 0.0002228418986002604, 0.00021799405415852865, 0.0002733866373697917, 0.00021163622538248697], "std_score_time": [5.201278579384254e-05, 9.861682094623287e-06, 6.588103541076249e-06, 7.417879395898567e-05, 7.328759437178614e-06], "param_alpha": [0.1, 0.25, 0.5, 0.75, 1.0], "params": [{"alpha": 0.1}, {"alpha": 0.25}, {"alpha": 0.5}, {"alpha": 0.75}, {"alpha": 1.0}], "split0_test_score": [0.6744186046511628, 0.6744186046511628, 0.6744186046511628, 0.6744186046511628, 0.6744186046511628], "split1_test_score": [0.705607476635514, 0.705607476635514, 0.705607476635514, 0.705607476635514, 0.705607476635514], "split2_test_score": [0.7089201877934272, 0.7089201877934272, 0.7089201877934272, 0.7089201877934272, 0.7089201877934272], "mean_test_score": [0.6963154230267014, 0.6963154230267014, 0.6963154230267014, 0.6963154230267014, 0.6963154230267014], "std_test_score": [0.015542340129088967, 0.015542340129088967, 0.015542340129088967, 0.015542340129088967, 0.015542340129088967], "rank_test_score": [1, 1, 1, 1, 1], "split0_train_score": [0.7096018735362998, 0.7096018735362998, 0.7096018735362998, 0.7096018735362998, 0.7096018735362998], "split1_train_score": [0.6892523364485982, 0.6892523364485982, 0.6892523364485982, 0.6892523364485982, 0.6892523364485982], "split2_train_score": [0.6923076923076923, 0.6923076923076923, 0.6923076923076923, 0.6923076923076923, 0.6923076923076923], "mean_train_score": [0.6970539674308635, 0.6970539674308635, 0.6970539674308635, 0.6970539674308635, 0.6970539674308635], "std_train_score": [0.008959957610746475, 0.008959957610746475, 0.008959957610746475, 0.008959957610746475, 0.008959957610746475]}, "additional_scores": {}}, {"experiment_name": "Titanic_CV", "train_set_name": "train+dev", "train_set_size": 712, "test_set_name": "cv", "test_set_size": "n/a", "featureset": "[\"family.csv\", \"misc.csv\", \"socioeconomic.csv\", \"vitals.csv\"]", "featureset_name": "family.csv+misc.csv+socioeconomic.csv+vitals.csv", "shuffle": false, "learner_name": "MultinomialNB", "task": "cross_validate", "start_timestamp": "14 Oct 2019 13:37:38.533990", "version": "1.5.3", "feature_scaling": "none", "folds_file": "", "grid_search": true, "grid_objective": "accuracy", "grid_search_folds": "3", "min_feature_count": 1, "cv_folds": "10", "using_folds_file": false, "save_cv_folds": false, "save_cv_models": false, "use_folds_file_for_grid_search": true, "stratified_folds": true, "scikit_learn_version": "0.20.1", "end_timestamp": "14 Oct 2019 13:37:39.014043", "total_time": "0:00:00.480053", "result_table": "+----+------+------+-------------+----------+-------------+\n|    |    0 |    1 |   Precision |   Recall |   F-measure |\n+====+======+======+=============+==========+=============+\n|  0 | [36] |    6 |       0.706 |    0.857 |       0.774 |\n+----+------+------+-------------+----------+-------------+\n|  1 |   15 | [13] |       0.684 |    0.464 |       0.553 |\n+----+------+------+-------------+----------+-------------+\n(row = reference; column = predicted)", "accuracy": 0.7, "pearson": "", "score": 0.7, "fold": 10, "model_params": "{\"alpha\": 0.1, \"class_prior\": null, \"fit_prior\": true}", "grid_score": 0.6853537657153527, "grid_search_cv_results": {"mean_fit_time": [0.0015961329142252605, 0.001009066899617513, 0.0013016859690348308, 0.0009571711222330729, 0.0011867682139078777], "std_fit_time": [3.7419988194485424e-05, 5.4775540725716254e-05, 0.00033051995128395817, 2.0279443274471738e-05, 0.00015332747243832019], "mean_score_time": [0.00037058194478352863, 0.00023563702901204428, 0.0002792676289876302, 0.00023070971171061197, 0.0003218650817871094], "std_score_time": [1.7139994764979184e-05, 1.6440320579225734e-05, 5.988130997928966e-05, 1.3543537083361884e-05, 0.00010401956060727067], "param_alpha": [0.1, 0.25, 0.5, 0.75, 1.0], "params": [{"alpha": 0.1}, {"alpha": 0.25}, {"alpha": 0.5}, {"alpha": 0.75}, {"alpha": 1.0}], "split0_test_score": [0.6930232558139535, 0.6930232558139535, 0.6930232558139535, 0.6930232558139535, 0.6930232558139535], "split1_test_score": [0.6728971962616822, 0.6728971962616822, 0.6728971962616822, 0.6728971962616822, 0.6728971962616822], "split2_test_score": [0.6901408450704225, 0.6901408450704225, 0.6901408450704225, 0.6901408450704225, 0.6901408450704225], "mean_test_score": [0.6853537657153527, 0.6853537657153527, 0.6853537657153527, 0.6853537657153527, 0.6853537657153527], "std_test_score": [0.008886381522276814, 0.008886381522276814, 0.008886381522276814, 0.008886381522276814, 0.008886381522276814], "rank_test_score": [1, 1, 1, 1, 1], "split0_train_score": [0.6908665105386417, 0.6908665105386417, 0.6908665105386417, 0.6908665105386417, 0.6908665105386417], "split1_train_score": [0.6985981308411215, 0.6985981308411215, 0.6985981308411215, 0.6985981308411215, 0.6985981308411215], "split2_train_score": [0.6853146853146853, 0.6853146853146853, 0.6853146853146853, 0.6853146853146853, 0.6853146853146853], "mean_train_score": [0.6915931088981496, 0.6915931088981496, 0.6915931088981496, 0.6915931088981496, 0.6915931088981496], "std_train_score": [0.005447228050148032, 0.005447228050148032, 0.005447228050148032, 0.005447228050148032, 0.005447228050148032]}, "additional_scores": {}}, {"experiment_name": "Titanic_CV", "train_set_name": "train+dev", "train_set_size": 712, "test_set_name": "cv", "test_set_size": "n/a", "featureset": "[\"family.csv\", \"misc.csv\", \"socioeconomic.csv\", \"vitals.csv\"]", "featureset_name": "family.csv+misc.csv+socioeconomic.csv+vitals.csv", "shuffle": false, "learner_name": "MultinomialNB", "task": "cross_validate", "start_timestamp": "14 Oct 2019 13:37:38.533990", "version": "1.5.3", "feature_scaling": "none", "folds_file": "", "grid_search": true, "grid_objective": "accuracy", "grid_search_folds": "3", "min_feature_count": 1, "cv_folds": "10", "using_folds_file": false, "save_cv_folds": false, "save_cv_models": false, "use_folds_file_for_grid_search": true, "stratified_folds": true, "scikit_learn_version": "0.20.1", "end_timestamp": "14 Oct 2019 13:37:39.014043", "total_time": "0:00:00.480053", "fold": "average", "result_table": "+---------+-------------+----------+-------------+\n|   Label |   Precision |   Recall |   F-measure |\n|---------+-------------+----------+-------------|\n|       0 |       0.709 |    0.828 |       0.763 |\n|       1 |       0.661 |    0.496 |       0.565 |\n+---------+-------------+----------+-------------+", "accuracy": 0.6936753856472168, "score": 0.6936753856472168, "additional_scores": {}}]