[{"experiment_name": "Titanic_Learning_Curve", "train_set_name": "train", "train_set_size": 569, "test_set_name": "cv", "test_set_size": "n/a", "featureset": "[\"socioeconomic.csv\", \"vitals.csv\"]", "featureset_name": "economic_and_vitals", "shuffle": false, "learner_name": "SVC", "task": "learning_curve", "start_timestamp": "10 Mar 2020 13:17:27.837293", "version": "2.0", "feature_scaling": "none", "folds_file": "", "grid_search": false, "grid_objective": "accuracy", "grid_search_folds": "3", "min_feature_count": 1, "cv_folds": "None", "using_folds_file": false, "save_cv_folds": false, "save_cv_models": false, "use_folds_file_for_grid_search": true, "stratified_folds": true, "scikit_learn_version": "0.22.2.post1", "end_timestamp": "10 Mar 2020 13:17:28.005966", "total_time": "0:00:00.168673", "learning_curve_cv_folds": 10, "given_curve_train_sizes": [0.1, 0.325, 0.55, 0.775, 1.0], "learning_curve_train_scores_means": [0.6844444444444444, 0.6496598639455783, 0.6672, 0.6667613636363636, 0.6690109890109891], "learning_curve_test_scores_means": [0.6324561403508773, 0.6552631578947368, 0.6482456140350876, 0.6552631578947368, 0.6552631578947368], "learning_curve_train_scores_stds": [0.0746643150717283, 0.030967120824824623, 0.026250079364959378, 0.020749227612385002, 0.009839785137219545], "learning_curve_test_scores_stds": [0.04365449093558158, 0.03150576315099642, 0.034707984153740164, 0.032043902205374244, 0.036061061037007826], "computed_curve_train_sizes": [45, 147, 250, 352, 455]}]