[{"experiment_name": "Titanic_Evaluate_Tuned", "train_set_name": "train", "train_set_size": 569, "test_set_name": "dev", "test_set_size": 143, "featureset": "[\"family.csv\", \"misc.csv\", \"socioeconomic.csv\", \"vitals.csv\"]", "featureset_name": "family.csv+misc.csv+socioeconomic.csv+vitals.csv", "shuffle": false, "learner_name": "SVC", "task": "evaluate", "start_timestamp": "14 Oct 2019 11:46:41.661844", "version": "1.5.3", "feature_scaling": "none", "folds_file": "", "grid_search": true, "grid_objective": "accuracy", "grid_search_folds": "3", "min_feature_count": 1, "cv_folds": "None", "using_folds_file": false, "save_cv_folds": false, "save_cv_models": false, "use_folds_file_for_grid_search": true, "stratified_folds": true, "scikit_learn_version": "0.20.1", "end_timestamp": "14 Oct 2019 11:46:42.625732", "total_time": "0:00:00.963888", "result_table": "+----+------+------+-------------+----------+-------------+\n|    |    0 |    1 |   Precision |   Recall |   F-measure |\n+====+======+======+=============+==========+=============+\n|  0 | [72] |   15 |       0.867 |    0.828 |       0.847 |\n+----+------+------+-------------+----------+-------------+\n|  1 |   11 | [45] |       0.750 |    0.804 |       0.776 |\n+----+------+------+-------------+----------+-------------+\n(row = reference; column = predicted)", "accuracy": 0.8181818181818182, "pearson": "", "score": 0.8181818181818182, "fold": "", "model_params": "{\"C\": 100.0, \"cache_size\": 1000, \"class_weight\": null, \"coef0\": 0.0, \"decision_function_shape\": \"ovr\", \"degree\": 3, \"gamma\": \"scale\", \"kernel\": \"rbf\", \"max_iter\": -1, \"probability\": false, \"random_state\": 123456789, \"shrinking\": true, \"tol\": 0.001, \"verbose\": false}", "grid_score": 0.7558473457251816, "grid_search_cv_results": {"mean_fit_time": [0.006349007288614909, 0.007550795873006185, 0.0069895585378011065, 0.00858457883199056, 0.008998791376749674, 0.00707244873046875, 0.00755159060160319, 0.008080720901489258, 0.00816965103149414, 0.00812236467997233, 0.009284019470214844, 0.007910331090291342, 0.009161233901977539, 0.007899999618530273, 0.009360710779825846, 0.008581320444742838, 0.007251342137654622, 0.009617090225219727, 0.00860889752705892, 0.007300774256388347, 0.006239652633666992, 0.013389666875203451, 0.008873860041300455, 0.009192705154418945, 0.011398394902547201, 0.009363969167073568, 0.00708158810933431, 0.008078972498575846, 0.01934989293416341, 0.021001259485880535, 0.020203669865926106, 0.017573038736979168, 0.008490880330403646, 0.0078124205271403, 0.008877277374267578], "std_fit_time": [0.0006732087731180059, 0.0014037337665106279, 0.0016408317474648723, 0.00025845808071656205, 0.0013163103691008783, 0.00140603370355296, 0.00045848747544550907, 0.0008076463296919868, 0.00038723175150924186, 0.0014677168091565577, 0.0012990673951858494, 0.0007460686971196876, 0.0005665236168130978, 0.0023773643501530926, 0.0020951082195038275, 0.0010343878888849553, 0.0010824004690535834, 0.0022546315189970164, 0.0009773573190686253, 0.0001772945633254038, 0.0011395670023632092, 0.002246770235193626, 0.0006898033725585719, 0.00030796082812549247, 0.002185672987532505, 0.0010227644686943754, 0.00021047219221894715, 0.0019916883845366206, 0.010368488659200096, 0.0031558555969295634, 0.004773082481660297, 0.008987951161628866, 0.00019054048620855752, 0.0016633427773553608, 0.001984861701155043], "mean_score_time": [0.0024253527323404946, 0.0031586488087972007, 0.0029980341593424478, 0.0034011205037434897, 0.003619988759358724, 0.003605524698893229, 0.003482341766357422, 0.003672361373901367, 0.0030246575673421225, 0.0032808780670166016, 0.003366231918334961, 0.003318309783935547, 0.003642400105794271, 0.003167311350504557, 0.0038633346557617188, 0.0022416909535725913, 0.0027234554290771484, 0.0033316612243652344, 0.0032463868459065757, 0.003106355667114258, 0.0030743281046549478, 0.0029512246449788413, 0.0026604334513346353, 0.002242008845011393, 0.0026830037434895835, 0.003015756607055664, 0.0029640992482503257, 0.002096096674601237, 0.0031615098317464194, 0.0016878445943196614, 0.0019447803497314453, 0.0026693344116210938, 0.002600431442260742, 0.0021401246388753257, 0.002293666203816732], "std_score_time": [3.0428247374367437e-05, 0.0007971606473158299, 0.0005607613202569807, 0.00019035941497522272, 0.0008061495062731925, 0.0002056836527647246, 9.654882944789521e-05, 0.0007820519237958233, 0.0006003233162365575, 0.00017455507625691762, 0.0002799327218708873, 0.000610963228072574, 0.0004451015559414707, 0.0003902400816436376, 0.00037628711385991623, 0.0003527515120133416, 0.0005106590178628994, 0.0008604755422349031, 0.00011992246496655782, 0.00037252412792795415, 0.0008584369528493214, 0.000566488107464147, 0.0006287315169044991, 0.0005116292476241637, 0.0003508899647739769, 0.0005796579213391742, 0.00045982459566558083, 0.0001306895355297349, 0.0008267218081103263, 0.0001392311881942125, 0.00019029636442948386, 0.0005311065910905506, 0.00016179753010624445, 9.289830014675431e-06, 0.0004711581581371411], "param_C": [0.01, 0.01, 0.01, 0.01, 0.01, 0.01, 0.01, 0.1, 0.1, 0.1, 0.1, 0.1, 0.1, 0.1, 1.0, 1.0, 1.0, 1.0, 1.0, 1.0, 1.0, 10.0, 10.0, 10.0, 10.0, 10.0, 10.0, 10.0, 100.0, 100.0, 100.0, 100.0, 100.0, 100.0, 100.0], "param_gamma": ["auto", "scale", 0.01, 0.1, 1.0, 10.0, 100.0, "auto", "scale", 0.01, 0.1, 1.0, 10.0, 100.0, "auto", "scale", 0.01, 0.1, 1.0, 10.0, 100.0, "auto", "scale", 0.01, 0.1, 1.0, 10.0, 100.0, "auto", "scale", 0.01, 0.1, 1.0, 10.0, 100.0], "params": [{"C": 0.01, "gamma": "auto"}, {"C": 0.01, "gamma": "scale"}, {"C": 0.01, "gamma": 0.01}, {"C": 0.01, "gamma": 0.1}, {"C": 0.01, "gamma": 1.0}, {"C": 0.01, "gamma": 10.0}, {"C": 0.01, "gamma": 100.0}, {"C": 0.1, "gamma": "auto"}, {"C": 0.1, "gamma": "scale"}, {"C": 0.1, "gamma": 0.01}, {"C": 0.1, "gamma": 0.1}, {"C": 0.1, "gamma": 1.0}, {"C": 0.1, "gamma": 10.0}, {"C": 0.1, "gamma": 100.0}, {"C": 1.0, "gamma": "auto"}, {"C": 1.0, "gamma": "scale"}, {"C": 1.0, "gamma": 0.01}, {"C": 1.0, "gamma": 0.1}, {"C": 1.0, "gamma": 1.0}, {"C": 1.0, "gamma": 10.0}, {"C": 1.0, "gamma": 100.0}, {"C": 10.0, "gamma": "auto"}, {"C": 10.0, "gamma": "scale"}, {"C": 10.0, "gamma": 0.01}, {"C": 10.0, "gamma": 0.1}, {"C": 10.0, "gamma": 1.0}, {"C": 10.0, "gamma": 10.0}, {"C": 10.0, "gamma": 100.0}, {"C": 100.0, "gamma": "auto"}, {"C": 100.0, "gamma": "scale"}, {"C": 100.0, "gamma": 0.01}, {"C": 100.0, "gamma": 0.1}, {"C": 100.0, "gamma": 1.0}, {"C": 100.0, "gamma": 10.0}, {"C": 100.0, "gamma": 100.0}], "split0_test_score": [0.5916230366492147, 0.5916230366492147, 0.5916230366492147, 0.5916230366492147, 0.5916230366492147, 0.5916230366492147, 0.5916230366492147, 0.5916230366492147, 0.6073298429319371, 0.5968586387434555, 0.5916230366492147, 0.5916230366492147, 0.5916230366492147, 0.5916230366492147, 0.6073298429319371, 0.6492146596858639, 0.643979057591623, 0.6073298429319371, 0.6178010471204188, 0.5916230366492147, 0.581151832460733, 0.6492146596858639, 0.7015706806282722, 0.6910994764397905, 0.6492146596858639, 0.5863874345549738, 0.581151832460733, 0.581151832460733, 0.6020942408376964, 0.7172774869109948, 0.6858638743455497, 0.6020942408376964, 0.5759162303664922, 0.5863874345549738, 0.5759162303664922], "split1_test_score": [0.5925925925925926, 0.5925925925925926, 0.5925925925925926, 0.5925925925925926, 0.5925925925925926, 0.5925925925925926, 0.5925925925925926, 0.5925925925925926, 0.6243386243386243, 0.5925925925925926, 0.5925925925925926, 0.5925925925925926, 0.5925925925925926, 0.5925925925925926, 0.6031746031746031, 0.6666666666666666, 0.6772486772486772, 0.6031746031746031, 0.5978835978835979, 0.5873015873015873, 0.5978835978835979, 0.6455026455026455, 0.7407407407407407, 0.7248677248677249, 0.6455026455026455, 0.582010582010582, 0.5873015873015873, 0.5978835978835979, 0.6243386243386243, 0.783068783068783, 0.746031746031746, 0.6243386243386243, 0.5767195767195767, 0.5873015873015873, 0.5978835978835979], "split2_test_score": [0.5925925925925926, 0.5925925925925926, 0.5925925925925926, 0.5925925925925926, 0.5925925925925926, 0.5925925925925926, 0.5925925925925926, 0.5925925925925926, 0.6455026455026455, 0.5978835978835979, 0.5925925925925926, 0.5925925925925926, 0.5925925925925926, 0.5925925925925926, 0.6190476190476191, 0.708994708994709, 0.708994708994709, 0.6190476190476191, 0.6031746031746031, 0.5873015873015873, 0.5873015873015873, 0.5925925925925926, 0.746031746031746, 0.746031746031746, 0.5925925925925926, 0.5873015873015873, 0.5873015873015873, 0.5873015873015873, 0.5661375661375662, 0.7671957671957672, 0.7037037037037037, 0.5661375661375662, 0.5925925925925926, 0.5873015873015873, 0.5925925925925926], "mean_test_score": [0.5922694072781333, 0.5922694072781333, 0.5922694072781333, 0.5922694072781333, 0.5922694072781333, 0.5922694072781333, 0.5922694072781333, 0.5922694072781333, 0.6257237042577356, 0.5957782764065487, 0.5922694072781333, 0.5922694072781333, 0.5922694072781333, 0.5922694072781333, 0.6098506883847198, 0.6749586784490798, 0.6767408146116697, 0.6098506883847198, 0.60628641605954, 0.5887420704174632, 0.5887790058819727, 0.6291032992603673, 0.7294477224669196, 0.7206663157797538, 0.6291032992603673, 0.5852332012890478, 0.5852516690213027, 0.5887790058819727, 0.5975234771046289, 0.7558473457251816, 0.7118664413603332, 0.5975234771046289, 0.5817427998928871, 0.5869968697193828, 0.5887974736142275], "std_test_score": [0.00045705305486814927, 0.00045705305486814927, 0.00045705305486814927, 0.00045705305486814927, 0.00045705305486814927, 0.00045705305486814927, 0.00045705305486814927, 0.00045705305486814927, 0.015614726997556144, 0.00229115274212447, 0.00045705305486814927, 0.00045705305486814927, 0.00045705305486814927, 0.00045705305486814927, 0.006720821109252702, 0.025099557345256724, 0.026544957778398638, 0.006720821109252702, 0.00842372564441169, 0.0020371507588409867, 0.0069101407505055236, 0.025861406746467114, 0.019830040855608216, 0.02262192799585076, 0.025861406746467114, 0.002309094349377324, 0.0028990222337352666, 0.0069101407505055236, 0.023979292521651294, 0.02803228691985945, 0.025232464674830625, 0.023979292521651294, 0.007678968791909883, 0.000430935737447166, 0.009361036443786818], "rank_test_score": [16, 16, 16, 16, 16, 16, 16, 16, 9, 15, 16, 16, 16, 16, 10, 6, 5, 10, 12, 31, 29, 7, 2, 3, 7, 34, 33, 29, 13, 1, 4, 13, 35, 32, 28], "split0_train_score": [0.5925925925925926, 0.5925925925925926, 0.5925925925925926, 0.5925925925925926, 0.5925925925925926, 0.5925925925925926, 0.5925925925925926, 0.5925925925925926, 0.6931216931216931, 0.6481481481481481, 0.5925925925925926, 0.5925925925925926, 0.5925925925925926, 0.5925925925925926, 0.9153439153439153, 0.7671957671957672, 0.7857142857142857, 0.9153439153439153, 0.9788359788359788, 0.9814814814814815, 0.9920634920634921, 0.9629629629629629, 0.8571428571428571, 0.8835978835978836, 0.9629629629629629, 0.9814814814814815, 0.9894179894179894, 0.9920634920634921, 0.9788359788359788, 0.9126984126984127, 0.9391534391534392, 0.9788359788359788, 0.9894179894179894, 0.9920634920634921, 0.9973544973544973], "split1_train_score": [0.5921052631578947, 0.5921052631578947, 0.5921052631578947, 0.5921052631578947, 0.5921052631578947, 0.5921052631578947, 0.5921052631578947, 0.5921052631578947, 0.6605263157894737, 0.5921052631578947, 0.5921052631578947, 0.5921052631578947, 0.5921052631578947, 0.5921052631578947, 0.9052631578947369, 0.7368421052631579, 0.7605263157894737, 0.9052631578947369, 0.9736842105263158, 0.9736842105263158, 0.9815789473684211, 0.9631578947368421, 0.8315789473684211, 0.868421052631579, 0.9631578947368421, 0.9763157894736842, 0.9815789473684211, 0.9842105263157894, 0.9736842105263158, 0.8921052631578947, 0.9236842105263158, 0.9736842105263158, 0.9789473684210527, 0.9842105263157894, 0.9842105263157894], "split2_train_score": [0.5921052631578947, 0.5921052631578947, 0.5921052631578947, 0.5921052631578947, 0.5921052631578947, 0.5921052631578947, 0.5921052631578947, 0.5921052631578947, 0.6657894736842105, 0.6157894736842106, 0.5921052631578947, 0.5921052631578947, 0.5921052631578947, 0.5921052631578947, 0.9315789473684211, 0.7263157894736842, 0.7578947368421053, 0.9315789473684211, 0.9763157894736842, 0.9789473684210527, 0.9815789473684211, 0.9657894736842105, 0.8447368421052631, 0.8789473684210526, 0.9657894736842105, 0.9789473684210527, 0.9815789473684211, 0.9842105263157894, 0.9789473684210527, 0.8973684210526316, 0.9315789473684211, 0.9789473684210527, 0.9815789473684211, 0.9842105263157894, 0.9842105263157894], "mean_train_score": [0.592267706302794, 0.592267706302794, 0.592267706302794, 0.592267706302794, 0.592267706302794, 0.592267706302794, 0.592267706302794, 0.592267706302794, 0.6731458275317924, 0.6186809616634178, 0.592267706302794, 0.592267706302794, 0.592267706302794, 0.592267706302794, 0.9173953402023578, 0.7434512206442031, 0.7680451127819549, 0.9173953402023578, 0.9762786596119929, 0.9780376868096167, 0.9850737956001114, 0.9639701104613385, 0.8444862155388471, 0.8769887682168384, 0.9639701104613385, 0.9789148797920727, 0.9841919613849438, 0.9868281815650236, 0.977155852594449, 0.9007240323029797, 0.9314721990160587, 0.977155852594449, 0.9833147684024878, 0.9868281815650236, 0.9885918499953587], "std_train_score": [0.00022972929863111357, 0.00022972929863111357, 0.00022972929863111357, 0.00022972929863111357, 0.00022972929863111357, 0.00022972929863111357, 0.00022972929863111357, 0.00022972929863111357, 0.014287561310584486, 0.02297058650474731, 0.00022972929863111357, 0.00022972929863111357, 0.00022972929863111357, 0.00022972929863111357, 0.010840862569254454, 0.01733115593816478, 0.012540097182598351, 0.010840862569254454, 0.0021033644713623215, 0.003247563092813465, 0.004942461767692091, 0.0012889431075294108, 0.010437927029051997, 0.0063488127821877925, 0.0012889431075294108, 0.0021090100542062967, 0.0036953598608374973, 0.0037019235550841616, 0.0024552428117317077, 0.008735542232631413, 0.006315737222082769, 0.0024552428117317077, 0.004447342428320104, 0.0037019235550841616, 0.006196127368793297]}, "additional_scores": {"roc_auc": 0.8155788177339902}}]