[{"experiment_name": "Titanic_CV", "train_set_name": "train+dev", "train_set_size": 712, "test_set_name": "cv", "test_set_size": "n/a", "featureset": "[\"family.csv\", \"misc.csv\", \"socioeconomic.csv\", \"vitals.csv\"]", "featureset_name": "family.csv+misc.csv+socioeconomic.csv+vitals.csv", "shuffle": false, "learner_name": "RandomForestClassifier", "task": "cross_validate", "start_timestamp": "10 Mar 2020 13:15:55.575567", "version": "2.0", "feature_scaling": "none", "folds_file": "", "grid_search": true, "grid_objective": "accuracy", "grid_search_folds": "3", "min_feature_count": 1, "cv_folds": "10", "using_folds_file": false, "save_cv_folds": false, "save_cv_models": false, "use_folds_file_for_grid_search": true, "stratified_folds": true, "scikit_learn_version": "0.22.2.post1", "end_timestamp": "10 Mar 2020 13:16:40.309371", "total_time": "0:00:44.733804", "result_table": "+----+------+------+-------------+----------+-------------+\n|    |    0 |    1 |   Precision |   Recall |   F-measure |\n+====+======+======+=============+==========+=============+\n|  0 | [40] |    3 |       0.800 |    0.930 |       0.860 |\n+----+------+------+-------------+----------+-------------+\n|  1 |   10 | [19] |       0.864 |    0.655 |       0.745 |\n+----+------+------+-------------+----------+-------------+\n(row = reference; column = predicted)", "accuracy": 0.8194444444444444, "pearson": "", "score": 0.8194444444444444, "fold": 1, "model_params": "{\"bootstrap\": true, \"ccp_alpha\": 0.0, \"class_weight\": null, \"criterion\": \"gini\", \"max_depth\": 10, \"max_features\": \"auto\", \"max_leaf_nodes\": null, \"max_samples\": null, \"min_impurity_decrease\": 0.0, \"min_impurity_split\": null, \"min_samples_leaf\": 1, \"min_samples_split\": 2, \"min_weight_fraction_leaf\": 0.0, \"n_estimators\": 500, \"n_jobs\": null, \"oob_score\": false, \"random_state\": 123456789, \"verbose\": 0, \"warm_start\": false}", "grid_score": 0.8062978076141167, "grid_search_cv_results": {"mean_fit_time": [0.6204622586568197, 0.7797017892201742, 0.8436699708302816, 0.8447012901306152], "std_fit_time": [0.0013634609462342135, 0.0035747847209318877, 0.008855407570094646, 0.01160042835265359], "mean_score_time": [0.044153451919555664, 0.04822627703348795, 0.04885268211364746, 0.047010342280069985], "std_score_time": [0.00045241318494031483, 0.00027441321351401315, 0.0007678370436126656, 0.0024952159382084765], "param_max_depth": [1, 5, 10, null], "params": [{"max_depth": 1}, {"max_depth": 5}, {"max_depth": 10}, {"max_depth": null}], "split0_test_score": [0.7710280373831776, 0.7663551401869159, 0.7757009345794392, 0.7710280373831776], "split1_test_score": [0.7746478873239436, 0.812206572769953, 0.8169014084507042, 0.8215962441314554], "split2_test_score": [0.784037558685446, 0.8309859154929577, 0.8262910798122066, 0.8028169014084507], "mean_test_score": [0.7765711611308558, 0.8031825428166087, 0.8062978076141167, 0.7984803943076946], "std_test_score": [0.005482465852200053, 0.027146014030475483, 0.021972224310014443, 0.02087087051067944], "rank_test_score": [4, 2, 1, 3]}, "additional_scores": {}}, {"experiment_name": "Titanic_CV", "train_set_name": "train+dev", "train_set_size": 712, "test_set_name": "cv", "test_set_size": "n/a", "featureset": "[\"family.csv\", \"misc.csv\", \"socioeconomic.csv\", \"vitals.csv\"]", "featureset_name": "family.csv+misc.csv+socioeconomic.csv+vitals.csv", "shuffle": false, "learner_name": "RandomForestClassifier", "task": "cross_validate", "start_timestamp": "10 Mar 2020 13:15:55.575567", "version": "2.0", "feature_scaling": "none", "folds_file": "", "grid_search": true, "grid_objective": "accuracy", "grid_search_folds": "3", "min_feature_count": 1, "cv_folds": "10", "using_folds_file": false, "save_cv_folds": false, "save_cv_models": false, "use_folds_file_for_grid_search": true, "stratified_folds": true, "scikit_learn_version": "0.22.2.post1", "end_timestamp": "10 Mar 2020 13:16:40.309371", "total_time": "0:00:44.733804", "result_table": "+----+------+------+-------------+----------+-------------+\n|    |    0 |    1 |   Precision |   Recall |   F-measure |\n+====+======+======+=============+==========+=============+\n|  0 | [39] |    4 |       0.812 |    0.907 |       0.857 |\n+----+------+------+-------------+----------+-------------+\n|  1 |    9 | [20] |       0.833 |    0.690 |       0.755 |\n+----+------+------+-------------+----------+-------------+\n(row = reference; column = predicted)", "accuracy": 0.8194444444444444, "pearson": "", "score": 0.8194444444444444, "fold": 2, "model_params": "{\"bootstrap\": true, \"ccp_alpha\": 0.0, \"class_weight\": null, \"criterion\": \"gini\", \"max_depth\": 5, \"max_features\": \"auto\", \"max_leaf_nodes\": null, \"max_samples\": null, \"min_impurity_decrease\": 0.0, \"min_impurity_split\": null, \"min_samples_leaf\": 1, \"min_samples_split\": 2, \"min_weight_fraction_leaf\": 0.0, \"n_estimators\": 500, \"n_jobs\": null, \"oob_score\": false, \"random_state\": 123456789, \"verbose\": 0, \"warm_start\": false}", "grid_score": 0.8125210243809691, "grid_search_cv_results": {"mean_fit_time": [0.5673495133717855, 0.729947566986084, 0.8287108739217123, 0.8487970034281412], "std_fit_time": [0.005437576199131566, 0.006894176616266576, 0.003895501142863458, 0.0065482783863058495], "mean_score_time": [0.046076297760009766, 0.05267707506815592, 0.05003070831298828, 0.048025051752726235], "std_score_time": [0.0009885647578196078, 0.0034886049480426715, 0.0012984355640714709, 0.002083464670293489], "param_max_depth": [1, 5, 10, null], "params": [{"max_depth": 1}, {"max_depth": 5}, {"max_depth": 10}, {"max_depth": null}], "split0_test_score": [0.7663551401869159, 0.7990654205607477, 0.7850467289719626, 0.7757009345794392], "split1_test_score": [0.7934272300469484, 0.8262910798122066, 0.8309859154929577, 0.8262910798122066], "split2_test_score": [0.7746478873239436, 0.812206572769953, 0.7887323943661971, 0.7793427230046949], "mean_test_score": [0.7781434191859359, 0.8125210243809691, 0.8015883462770391, 0.7937782457987802], "std_test_score": [0.01132515105406462, 0.011117052675383906, 0.02084160645124887, 0.02303806903687956], "rank_test_score": [4, 1, 2, 3]}, "additional_scores": {}}, {"experiment_name": "Titanic_CV", "train_set_name": "train+dev", "train_set_size": 712, "test_set_name": "cv", "test_set_size": "n/a", "featureset": "[\"family.csv\", \"misc.csv\", \"socioeconomic.csv\", \"vitals.csv\"]", "featureset_name": "family.csv+misc.csv+socioeconomic.csv+vitals.csv", "shuffle": false, "learner_name": "RandomForestClassifier", "task": "cross_validate", "start_timestamp": "10 Mar 2020 13:15:55.575567", "version": "2.0", "feature_scaling": "none", "folds_file": "", "grid_search": true, "grid_objective": "accuracy", "grid_search_folds": "3", "min_feature_count": 1, "cv_folds": "10", "using_folds_file": false, "save_cv_folds": false, "save_cv_models": false, "use_folds_file_for_grid_search": true, "stratified_folds": true, "scikit_learn_version": "0.22.2.post1", "end_timestamp": "10 Mar 2020 13:16:40.309371", "total_time": "0:00:44.733804", "result_table": "+----+------+------+-------------+----------+-------------+\n|    |    0 |    1 |   Precision |   Recall |   F-measure |\n+====+======+======+=============+==========+=============+\n|  0 | [38] |    5 |       0.826 |    0.884 |       0.854 |\n+----+------+------+-------------+----------+-------------+\n|  1 |    8 | [20] |       0.800 |    0.714 |       0.755 |\n+----+------+------+-------------+----------+-------------+\n(row = reference; column = predicted)", "accuracy": 0.8169014084507042, "pearson": "", "score": 0.8169014084507042, "fold": 3, "model_params": "{\"bootstrap\": true, \"ccp_alpha\": 0.0, \"class_weight\": null, \"criterion\": \"gini\", \"max_depth\": 5, \"max_features\": \"auto\", \"max_leaf_nodes\": null, \"max_samples\": null, \"min_impurity_decrease\": 0.0, \"min_impurity_split\": null, \"min_samples_leaf\": 1, \"min_samples_split\": 2, \"min_weight_fraction_leaf\": 0.0, \"n_estimators\": 500, \"n_jobs\": null, \"oob_score\": false, \"random_state\": 123456789, \"verbose\": 0, \"warm_start\": false}", "grid_score": 0.8128208503356588, "grid_search_cv_results": {"mean_fit_time": [0.5829359690348307, 0.748644749323527, 0.8631370067596436, 0.8883504072825114], "std_fit_time": [0.003049775216786194, 0.0013292267544799314, 0.00248234118323437, 0.0032477848977470903], "mean_score_time": [0.04466907183329264, 0.052601019541422524, 0.05200997988382975, 0.05354531606038412], "std_score_time": [0.00035949022552361185, 0.00044198133394875687, 0.00028608205070221863, 0.0002886261046030173], "param_max_depth": [1, 5, 10, null], "params": [{"max_depth": 1}, {"max_depth": 5}, {"max_depth": 10}, {"max_depth": null}], "split0_test_score": [0.7757009345794392, 0.7990654205607477, 0.8037383177570093, 0.7850467289719626], "split1_test_score": [0.7710280373831776, 0.8084112149532711, 0.8271028037383178, 0.8177570093457944], "split2_test_score": [0.7934272300469484, 0.8309859154929577, 0.8075117370892019, 0.7746478873239436], "mean_test_score": [0.7800520673365218, 0.8128208503356588, 0.812784286194843, 0.7924838752139002], "std_test_score": [0.009648150952367261, 0.013399332379724908, 0.010241244450626682, 0.018368132885365724], "rank_test_score": [4, 1, 2, 3]}, "additional_scores": {}}, {"experiment_name": "Titanic_CV", "train_set_name": "train+dev", "train_set_size": 712, "test_set_name": "cv", "test_set_size": "n/a", "featureset": "[\"family.csv\", \"misc.csv\", \"socioeconomic.csv\", \"vitals.csv\"]", "featureset_name": "family.csv+misc.csv+socioeconomic.csv+vitals.csv", "shuffle": false, "learner_name": "RandomForestClassifier", "task": "cross_validate", "start_timestamp": "10 Mar 2020 13:15:55.575567", "version": "2.0", "feature_scaling": "none", "folds_file": "", "grid_search": true, "grid_objective": "accuracy", "grid_search_folds": "3", "min_feature_count": 1, "cv_folds": "10", "using_folds_file": false, "save_cv_folds": false, "save_cv_models": false, "use_folds_file_for_grid_search": true, "stratified_folds": true, "scikit_learn_version": "0.22.2.post1", "end_timestamp": "10 Mar 2020 13:16:40.309371", "total_time": "0:00:44.733804", "result_table": "+----+------+------+-------------+----------+-------------+\n|    |    0 |    1 |   Precision |   Recall |   F-measure |\n+====+======+======+=============+==========+=============+\n|  0 | [38] |    5 |       0.809 |    0.884 |       0.844 |\n+----+------+------+-------------+----------+-------------+\n|  1 |    9 | [19] |       0.792 |    0.679 |       0.731 |\n+----+------+------+-------------+----------+-------------+\n(row = reference; column = predicted)", "accuracy": 0.8028169014084507, "pearson": "", "score": 0.8028169014084507, "fold": 4, "model_params": "{\"bootstrap\": true, \"ccp_alpha\": 0.0, \"class_weight\": null, \"criterion\": \"gini\", \"max_depth\": 10, \"max_features\": \"auto\", \"max_leaf_nodes\": null, \"max_samples\": null, \"min_impurity_decrease\": 0.0, \"min_impurity_split\": null, \"min_samples_leaf\": 1, \"min_samples_split\": 2, \"min_weight_fraction_leaf\": 0.0, \"n_estimators\": 500, \"n_jobs\": null, \"oob_score\": false, \"random_state\": 123456789, \"verbose\": 0, \"warm_start\": false}", "grid_score": 0.8065610694279904, "grid_search_cv_results": {"mean_fit_time": [0.5844002564748129, 0.7499236265818278, 0.8822478453318278, 0.9078614711761475], "std_fit_time": [0.00252793503612288, 0.0037357356147757624, 0.003846292643553194, 0.003599473003441915], "mean_score_time": [0.04469569524129232, 0.05293742815653483, 0.04998302459716797, 0.05700524648030599], "std_score_time": [0.001974272916058562, 0.0008326421840195569, 0.000771683513849481, 0.0027336166858316045], "param_max_depth": [1, 5, 10, null], "params": [{"max_depth": 1}, {"max_depth": 5}, {"max_depth": 10}, {"max_depth": null}], "split0_test_score": [0.7757009345794392, 0.7757009345794392, 0.7850467289719626, 0.7757009345794392], "split1_test_score": [0.7616822429906542, 0.8084112149532711, 0.822429906542056, 0.8037383177570093], "split2_test_score": [0.7934272300469484, 0.8262910798122066, 0.812206572769953, 0.7746478873239436], "mean_test_score": [0.776936802539014, 0.8034677431149723, 0.8065610694279904, 0.7846957132201307], "std_test_score": [0.012989266800226464, 0.02094706238800028, 0.015775070465714074, 0.013472015879630851], "rank_test_score": [4, 2, 1, 3]}, "additional_scores": {}}, {"experiment_name": "Titanic_CV", "train_set_name": "train+dev", "train_set_size": 712, "test_set_name": "cv", "test_set_size": "n/a", "featureset": "[\"family.csv\", \"misc.csv\", \"socioeconomic.csv\", \"vitals.csv\"]", "featureset_name": "family.csv+misc.csv+socioeconomic.csv+vitals.csv", "shuffle": false, "learner_name": "RandomForestClassifier", "task": "cross_validate", "start_timestamp": "10 Mar 2020 13:15:55.575567", "version": "2.0", "feature_scaling": "none", "folds_file": "", "grid_search": true, "grid_objective": "accuracy", "grid_search_folds": "3", "min_feature_count": 1, "cv_folds": "10", "using_folds_file": false, "save_cv_folds": false, "save_cv_models": false, "use_folds_file_for_grid_search": true, "stratified_folds": true, "scikit_learn_version": "0.22.2.post1", "end_timestamp": "10 Mar 2020 13:16:40.309371", "total_time": "0:00:44.733804", "result_table": "+----+------+------+-------------+----------+-------------+\n|    |    0 |    1 |   Precision |   Recall |   F-measure |\n+====+======+======+=============+==========+=============+\n|  0 | [36] |    6 |       0.878 |    0.857 |       0.867 |\n+----+------+------+-------------+----------+-------------+\n|  1 |    5 | [24] |       0.800 |    0.828 |       0.814 |\n+----+------+------+-------------+----------+-------------+\n(row = reference; column = predicted)", "accuracy": 0.8450704225352113, "pearson": "", "score": 0.8450704225352113, "fold": 5, "model_params": "{\"bootstrap\": true, \"ccp_alpha\": 0.0, \"class_weight\": null, \"criterion\": \"gini\", \"max_depth\": 5, \"max_features\": \"auto\", \"max_leaf_nodes\": null, \"max_samples\": null, \"min_impurity_decrease\": 0.0, \"min_impurity_split\": null, \"min_samples_leaf\": 1, \"min_samples_split\": 2, \"min_weight_fraction_leaf\": 0.0, \"n_estimators\": 500, \"n_jobs\": null, \"oob_score\": false, \"random_state\": 123456789, \"verbose\": 0, \"warm_start\": false}", "grid_score": 0.7956722682930396, "grid_search_cv_results": {"mean_fit_time": [0.7807659308115641, 0.8034577369689941, 0.9321467081705729, 0.9242778619130453], "std_fit_time": [0.005012950106393901, 0.0018825463771861047, 0.003787640493584446, 0.003790817882010891], "mean_score_time": [0.05586671829223633, 0.05769491195678711, 0.05707232157389323, 0.05661280949910482], "std_score_time": [0.0013986310965231747, 0.001793072666280679, 0.001907052189254398, 0.00025951263330968816], "param_max_depth": [1, 5, 10, null], "params": [{"max_depth": 1}, {"max_depth": 5}, {"max_depth": 10}, {"max_depth": null}], "split0_test_score": [0.7897196261682243, 0.7663551401869159, 0.7570093457943925, 0.7663551401869159], "split1_test_score": [0.7616822429906542, 0.7990654205607477, 0.8177570093457944, 0.8037383177570093], "split2_test_score": [0.7981220657276995, 0.8215962441314554, 0.8075117370892019, 0.784037558685446], "mean_test_score": [0.7831746449621927, 0.7956722682930396, 0.7940926974097963, 0.7847103388764571], "std_test_score": [0.015579746564419267, 0.022679359235315624, 0.02655337550641071, 0.015269031102165528], "rank_test_score": [4, 1, 2, 3]}, "additional_scores": {}}, {"experiment_name": "Titanic_CV", "train_set_name": "train+dev", "train_set_size": 712, "test_set_name": "cv", "test_set_size": "n/a", "featureset": "[\"family.csv\", \"misc.csv\", \"socioeconomic.csv\", \"vitals.csv\"]", "featureset_name": "family.csv+misc.csv+socioeconomic.csv+vitals.csv", "shuffle": false, "learner_name": "RandomForestClassifier", "task": "cross_validate", "start_timestamp": "10 Mar 2020 13:15:55.575567", "version": "2.0", "feature_scaling": "none", "folds_file": "", "grid_search": true, "grid_objective": "accuracy", "grid_search_folds": "3", "min_feature_count": 1, "cv_folds": "10", "using_folds_file": false, "save_cv_folds": false, "save_cv_models": false, "use_folds_file_for_grid_search": true, "stratified_folds": true, "scikit_learn_version": "0.22.2.post1", "end_timestamp": "10 Mar 2020 13:16:40.309371", "total_time": "0:00:44.733804", "result_table": "+----+------+------+-------------+----------+-------------+\n|    |    0 |    1 |   Precision |   Recall |   F-measure |\n+====+======+======+=============+==========+=============+\n|  0 | [39] |    3 |       0.867 |    0.929 |       0.897 |\n+----+------+------+-------------+----------+-------------+\n|  1 |    6 | [23] |       0.885 |    0.793 |       0.836 |\n+----+------+------+-------------+----------+-------------+\n(row = reference; column = predicted)", "accuracy": 0.8732394366197183, "pearson": "", "score": 0.8732394366197183, "fold": 6, "model_params": "{\"bootstrap\": true, \"ccp_alpha\": 0.0, \"class_weight\": null, \"criterion\": \"gini\", \"max_depth\": 10, \"max_features\": \"auto\", \"max_leaf_nodes\": null, \"max_samples\": null, \"min_impurity_decrease\": 0.0, \"min_impurity_split\": null, \"min_samples_leaf\": 1, \"min_samples_split\": 2, \"min_weight_fraction_leaf\": 0.0, \"n_estimators\": 500, \"n_jobs\": null, \"oob_score\": false, \"random_state\": 123456789, \"verbose\": 0, \"warm_start\": false}", "grid_score": 0.8050253755137261, "grid_search_cv_results": {"mean_fit_time": [0.6419672966003418, 0.7846124966939291, 0.9276299476623535, 0.99725874265035], "std_fit_time": [0.0017085818742902904, 0.00084929720745353, 0.003409905032858092, 0.0042121605006780255], "mean_score_time": [0.052184740702311196, 0.05589763323465983, 0.059288978576660156, 0.054931322733561196], "std_score_time": [0.0006013683934311446, 0.0008522375484846962, 0.001640972653951611, 0.0011107201874855856], "param_max_depth": [1, 5, 10, null], "params": [{"max_depth": 1}, {"max_depth": 5}, {"max_depth": 10}, {"max_depth": null}], "split0_test_score": [0.780373831775701, 0.7710280373831776, 0.7616822429906542, 0.7523364485981309], "split1_test_score": [0.7616822429906542, 0.7990654205607477, 0.8271028037383178, 0.8177570093457944], "split2_test_score": [0.784037558685446, 0.8262910798122066, 0.8262910798122066, 0.7934272300469484], "mean_test_score": [0.7753645444839338, 0.7987948459187106, 0.8050253755137261, 0.7878402293302913], "std_test_score": [0.009789782235645705, 0.022561853833492948, 0.030650014427593023, 0.02699843668178623], "rank_test_score": [4, 2, 1, 3]}, "additional_scores": {}}, {"experiment_name": "Titanic_CV", "train_set_name": "train+dev", "train_set_size": 712, "test_set_name": "cv", "test_set_size": "n/a", "featureset": "[\"family.csv\", \"misc.csv\", \"socioeconomic.csv\", \"vitals.csv\"]", "featureset_name": "family.csv+misc.csv+socioeconomic.csv+vitals.csv", "shuffle": false, "learner_name": "RandomForestClassifier", "task": "cross_validate", "start_timestamp": "10 Mar 2020 13:15:55.575567", "version": "2.0", "feature_scaling": "none", "folds_file": "", "grid_search": true, "grid_objective": "accuracy", "grid_search_folds": "3", "min_feature_count": 1, "cv_folds": "10", "using_folds_file": false, "save_cv_folds": false, "save_cv_models": false, "use_folds_file_for_grid_search": true, "stratified_folds": true, "scikit_learn_version": "0.22.2.post1", "end_timestamp": "10 Mar 2020 13:16:40.309371", "total_time": "0:00:44.733804", "result_table": "+----+------+------+-------------+----------+-------------+\n|    |    0 |    1 |   Precision |   Recall |   F-measure |\n+====+======+======+=============+==========+=============+\n|  0 | [38] |    4 |       0.792 |    0.905 |       0.844 |\n+----+------+------+-------------+----------+-------------+\n|  1 |   10 | [19] |       0.826 |    0.655 |       0.731 |\n+----+------+------+-------------+----------+-------------+\n(row = reference; column = predicted)", "accuracy": 0.8028169014084507, "pearson": "", "score": 0.8028169014084507, "fold": 7, "model_params": "{\"bootstrap\": true, \"ccp_alpha\": 0.0, \"class_weight\": null, \"criterion\": \"gini\", \"max_depth\": 10, \"max_features\": \"auto\", \"max_leaf_nodes\": null, \"max_samples\": null, \"min_impurity_decrease\": 0.0, \"min_impurity_split\": null, \"min_samples_leaf\": 1, \"min_samples_split\": 2, \"min_weight_fraction_leaf\": 0.0, \"n_estimators\": 500, \"n_jobs\": null, \"oob_score\": false, \"random_state\": 123456789, \"verbose\": 0, \"warm_start\": false}", "grid_score": 0.8003378526611383, "grid_search_cv_results": {"mean_fit_time": [0.7464435895284017, 0.8185809453328451, 0.9410139719645182, 1.0419275760650635], "std_fit_time": [0.0017126231292270584, 0.0011837602954937096, 0.0011901845014583175, 0.0002410354843119916], "mean_score_time": [0.04837306340535482, 0.0542756716410319, 0.05487306912740072, 0.07019654909769694], "std_score_time": [0.0009637731529302014, 0.0009575978143313308, 0.0005393506176121535, 0.0002666141871113569], "param_max_depth": [1, 5, 10, null], "params": [{"max_depth": 1}, {"max_depth": 5}, {"max_depth": 10}, {"max_depth": null}], "split0_test_score": [0.7757009345794392, 0.7476635514018691, 0.7663551401869159, 0.7570093457943925], "split1_test_score": [0.7710280373831776, 0.7990654205607477, 0.8177570093457944, 0.8130841121495327], "split2_test_score": [0.7934272300469484, 0.8215962441314554, 0.8169014084507042, 0.7981220657276995], "mean_test_score": [0.7800520673365218, 0.7894417386980241, 0.8003378526611383, 0.7894051745572082], "std_test_score": [0.009648150952367261, 0.030940504229979196, 0.024031945039220452, 0.023707706190245852], "rank_test_score": [4, 2, 1, 3]}, "additional_scores": {}}, {"experiment_name": "Titanic_CV", "train_set_name": "train+dev", "train_set_size": 712, "test_set_name": "cv", "test_set_size": "n/a", "featureset": "[\"family.csv\", \"misc.csv\", \"socioeconomic.csv\", \"vitals.csv\"]", "featureset_name": "family.csv+misc.csv+socioeconomic.csv+vitals.csv", "shuffle": false, "learner_name": "RandomForestClassifier", "task": "cross_validate", "start_timestamp": "10 Mar 2020 13:15:55.575567", "version": "2.0", "feature_scaling": "none", "folds_file": "", "grid_search": true, "grid_objective": "accuracy", "grid_search_folds": "3", "min_feature_count": 1, "cv_folds": "10", "using_folds_file": false, "save_cv_folds": false, "save_cv_models": false, "use_folds_file_for_grid_search": true, "stratified_folds": true, "scikit_learn_version": "0.22.2.post1", "end_timestamp": "10 Mar 2020 13:16:40.309371", "total_time": "0:00:44.733804", "result_table": "+----+------+------+-------------+----------+-------------+\n|    |    0 |    1 |   Precision |   Recall |   F-measure |\n+====+======+======+=============+==========+=============+\n|  0 | [37] |    5 |       0.841 |    0.881 |       0.860 |\n+----+------+------+-------------+----------+-------------+\n|  1 |    7 | [22] |       0.815 |    0.759 |       0.786 |\n+----+------+------+-------------+----------+-------------+\n(row = reference; column = predicted)", "accuracy": 0.8309859154929577, "pearson": "", "score": 0.8309859154929577, "fold": 8, "model_params": "{\"bootstrap\": true, \"ccp_alpha\": 0.0, \"class_weight\": null, \"criterion\": \"gini\", \"max_depth\": 10, \"max_features\": \"auto\", \"max_leaf_nodes\": null, \"max_samples\": null, \"min_impurity_decrease\": 0.0, \"min_impurity_split\": null, \"min_samples_leaf\": 1, \"min_samples_split\": 2, \"min_weight_fraction_leaf\": 0.0, \"n_estimators\": 500, \"n_jobs\": null, \"oob_score\": false, \"random_state\": 123456789, \"verbose\": 0, \"warm_start\": false}", "grid_score": 0.8034604302868091, "grid_search_cv_results": {"mean_fit_time": [0.6518628597259521, 0.8185351689656576, 0.9065627257029215, 0.9326772689819336], "std_fit_time": [0.0033653194046836515, 0.004383786710527044, 0.003172399210229069, 0.010844740816685251], "mean_score_time": [0.05370346705118815, 0.05588340759277344, 0.055951992670694985, 0.058142662048339844], "std_score_time": [0.001024235122365249, 0.0009040244208414079, 0.0002976287986803787, 0.000505466093460966], "param_max_depth": [1, 5, 10, null], "params": [{"max_depth": 1}, {"max_depth": 5}, {"max_depth": 10}, {"max_depth": null}], "split0_test_score": [0.7710280373831776, 0.7383177570093458, 0.7616822429906542, 0.7710280373831776], "split1_test_score": [0.7570093457943925, 0.7897196261682243, 0.8271028037383178, 0.8037383177570093], "split2_test_score": [0.8028169014084507, 0.8075117370892019, 0.8215962441314554, 0.7981220657276995], "mean_test_score": [0.7769514281953404, 0.7785163734222573, 0.8034604302868091, 0.7909628069559621], "std_test_score": [0.019164167202863607, 0.029338102345929987, 0.029627051265022773, 0.014281266287324196], "rank_test_score": [4, 3, 1, 2]}, "additional_scores": {}}, {"experiment_name": "Titanic_CV", "train_set_name": "train+dev", "train_set_size": 712, "test_set_name": "cv", "test_set_size": "n/a", "featureset": "[\"family.csv\", \"misc.csv\", \"socioeconomic.csv\", \"vitals.csv\"]", "featureset_name": "family.csv+misc.csv+socioeconomic.csv+vitals.csv", "shuffle": false, "learner_name": "RandomForestClassifier", "task": "cross_validate", "start_timestamp": "10 Mar 2020 13:15:55.575567", "version": "2.0", "feature_scaling": "none", "folds_file": "", "grid_search": true, "grid_objective": "accuracy", "grid_search_folds": "3", "min_feature_count": 1, "cv_folds": "10", "using_folds_file": false, "save_cv_folds": false, "save_cv_models": false, "use_folds_file_for_grid_search": true, "stratified_folds": true, "scikit_learn_version": "0.22.2.post1", "end_timestamp": "10 Mar 2020 13:16:40.309371", "total_time": "0:00:44.733804", "result_table": "+----+------+------+-------------+----------+-------------+\n|    |    0 |    1 |   Precision |   Recall |   F-measure |\n+====+======+======+=============+==========+=============+\n|  0 | [38] |    4 |       0.776 |    0.905 |       0.835 |\n+----+------+------+-------------+----------+-------------+\n|  1 |   11 | [18] |       0.818 |    0.621 |       0.706 |\n+----+------+------+-------------+----------+-------------+\n(row = reference; column = predicted)", "accuracy": 0.7887323943661971, "pearson": "", "score": 0.7887323943661971, "fold": 9, "model_params": "{\"bootstrap\": true, \"ccp_alpha\": 0.0, \"class_weight\": null, \"criterion\": \"gini\", \"max_depth\": 10, \"max_features\": \"auto\", \"max_leaf_nodes\": null, \"max_samples\": null, \"min_impurity_decrease\": 0.0, \"min_impurity_split\": null, \"min_samples_leaf\": 1, \"min_samples_split\": 2, \"min_weight_fraction_leaf\": 0.0, \"n_estimators\": 500, \"n_jobs\": null, \"oob_score\": false, \"random_state\": 123456789, \"verbose\": 0, \"warm_start\": false}", "grid_score": 0.7972152750354672, "grid_search_cv_results": {"mean_fit_time": [0.6458255449930826, 0.8215693632761637, 0.912909984588623, 0.9467502435048422], "std_fit_time": [0.0008722715098578983, 0.0029953159365746418, 0.005436713306410482, 0.007910055012799755], "mean_score_time": [0.04660240809122721, 0.05712668100992838, 0.05731829007466634, 0.05498878161112467], "std_score_time": [0.0005632316979901474, 0.0009459871647600102, 0.0008987432258956346, 0.0011280634307254084], "param_max_depth": [1, 5, 10, null], "params": [{"max_depth": 1}, {"max_depth": 5}, {"max_depth": 10}, {"max_depth": null}], "split0_test_score": [0.7897196261682243, 0.7710280373831776, 0.7616822429906542, 0.7663551401869159], "split1_test_score": [0.780373831775701, 0.8130841121495327, 0.8177570093457944, 0.8084112149532711], "split2_test_score": [0.7981220657276995, 0.8075117370892019, 0.812206572769953, 0.784037558685446], "mean_test_score": [0.7894051745572083, 0.7972079622073042, 0.7972152750354672, 0.786267971275211], "std_test_score": [0.0072490970456313315, 0.018651258917312324, 0.025227618612265534, 0.017241604941318565], "rank_test_score": [3, 2, 1, 4]}, "additional_scores": {}}, {"experiment_name": "Titanic_CV", "train_set_name": "train+dev", "train_set_size": 712, "test_set_name": "cv", "test_set_size": "n/a", "featureset": "[\"family.csv\", \"misc.csv\", \"socioeconomic.csv\", \"vitals.csv\"]", "featureset_name": "family.csv+misc.csv+socioeconomic.csv+vitals.csv", "shuffle": false, "learner_name": "RandomForestClassifier", "task": "cross_validate", "start_timestamp": "10 Mar 2020 13:15:55.575567", "version": "2.0", "feature_scaling": "none", "folds_file": "", "grid_search": true, "grid_objective": "accuracy", "grid_search_folds": "3", "min_feature_count": 1, "cv_folds": "10", "using_folds_file": false, "save_cv_folds": false, "save_cv_models": false, "use_folds_file_for_grid_search": true, "stratified_folds": true, "scikit_learn_version": "0.22.2.post1", "end_timestamp": "10 Mar 2020 13:16:40.309371", "total_time": "0:00:44.733804", "result_table": "+----+------+------+-------------+----------+-------------+\n|    |    0 |    1 |   Precision |   Recall |   F-measure |\n+====+======+======+=============+==========+=============+\n|  0 | [32] |   10 |       0.780 |    0.762 |       0.771 |\n+----+------+------+-------------+----------+-------------+\n|  1 |    9 | [20] |       0.667 |    0.690 |       0.678 |\n+----+------+------+-------------+----------+-------------+\n(row = reference; column = predicted)", "accuracy": 0.7323943661971831, "pearson": "", "score": 0.7323943661971831, "fold": 10, "model_params": "{\"bootstrap\": true, \"ccp_alpha\": 0.0, \"class_weight\": null, \"criterion\": \"gini\", \"max_depth\": 10, \"max_features\": \"auto\", \"max_leaf_nodes\": null, \"max_samples\": null, \"min_impurity_decrease\": 0.0, \"min_impurity_split\": null, \"min_samples_leaf\": 1, \"min_samples_split\": 2, \"min_weight_fraction_leaf\": 0.0, \"n_estimators\": 500, \"n_jobs\": null, \"oob_score\": false, \"random_state\": 123456789, \"verbose\": 0, \"warm_start\": false}", "grid_score": 0.8018662337472394, "grid_search_cv_results": {"mean_fit_time": [0.6362332503000895, 0.8877576986948649, 0.8891023000081381, 0.9288962682088217], "std_fit_time": [0.0028122031100858485, 0.005373252849654753, 0.004636501599470877, 0.004485871022523025], "mean_score_time": [0.0513919989267985, 0.05830740928649902, 0.0595397154490153, 0.0648966630299886], "std_score_time": [0.0025814063191469745, 0.0009618884037008208, 0.00045128219549742983, 0.0025075132113749855], "param_max_depth": [1, 5, 10, null], "params": [{"max_depth": 1}, {"max_depth": 5}, {"max_depth": 10}, {"max_depth": null}], "split0_test_score": [0.8037383177570093, 0.7897196261682243, 0.7710280373831776, 0.7570093457943925], "split1_test_score": [0.7710280373831776, 0.8130841121495327, 0.8364485981308412, 0.8177570093457944], "split2_test_score": [0.7605633802816901, 0.7934272300469484, 0.7981220657276995, 0.7887323943661971], "mean_test_score": [0.7784432451406257, 0.7987436561215685, 0.8018662337472394, 0.787832916502128], "std_test_score": [0.018389449621345734, 0.010252579868757068, 0.0268387349149644, 0.024808284262312384], "rank_test_score": [4, 2, 1, 3]}, "additional_scores": {}}, {"experiment_name": "Titanic_CV", "train_set_name": "train+dev", "train_set_size": 712, "test_set_name": "cv", "test_set_size": "n/a", "featureset": "[\"family.csv\", \"misc.csv\", \"socioeconomic.csv\", \"vitals.csv\"]", "featureset_name": "family.csv+misc.csv+socioeconomic.csv+vitals.csv", "shuffle": false, "learner_name": "RandomForestClassifier", "task": "cross_validate", "start_timestamp": "10 Mar 2020 13:15:55.575567", "version": "2.0", "feature_scaling": "none", "folds_file": "", "grid_search": true, "grid_objective": "accuracy", "grid_search_folds": "3", "min_feature_count": 1, "cv_folds": "10", "using_folds_file": false, "save_cv_folds": false, "save_cv_models": false, "use_folds_file_for_grid_search": true, "stratified_folds": true, "scikit_learn_version": "0.22.2.post1", "end_timestamp": "10 Mar 2020 13:16:40.309371", "total_time": "0:00:44.733804", "fold": "average", "result_table": "+---------+-------------+----------+-------------+\n|   Label |   Precision |   Recall |   F-measure |\n|---------+-------------+----------+-------------|\n|       0 |       0.818 |    0.884 |       0.849 |\n|       1 |       0.810 |    0.708 |       0.754 |\n+---------+-------------+----------+-------------+", "accuracy": 0.8131846635367763, "score": 0.8131846635367763, "additional_scores": {}}]